node.exe : - Generating browser application bundles (phase: setup)...
At C:\Users\BabaYaga\AppData\Roaming\npm\ng.ps1:24 char:5
+     & "node$exe"  "$basedir/node_modules/@angular/cli/bin/ng.js" $arg ...
+     ~~~~~~~~~~~~~~~~~~~~~~~~~~~~~~~~~~~~~~~~~~~~~~~~~~~~~~~~~~~~~~~~~
    + CategoryInfo          : NotSpecified: (- Generating br...hase: setup)...:String) [], RemoteException
    + FullyQualifiedErrorId : NativeCommandError
 
[32mΓ£ö[39m Browser application bundle generation complete.
[32mΓ£ö[39m Browser application bundle generation complete.
[1m[33m
Warning: [96msrc/app/front-office/course-details/course-details.component.html[0m:[93m5[0m:[93m9[0m - [93mwarning[0m[90m NG8103: [0mNG8103: The `*ngIf` directive was 
used in the template, but neither the `NgIf` directive nor the `CommonModule` was imported. Use Angular's built-in control flow @if or make sure that either the `NgIf` directive 
or the `CommonModule` is included in the `@Component.imports` array of this component. Find more at https://v21.angular.dev/extended-diagnostics/NG8103

[7m5[0m   <div *ngIf="loading" class="cd-loading">Loading...</div>
[7m [0m [93m        ~~~~[0m

  [96msrc/app/front-office/course-details/course-details.component.ts[0m:[93m18[0m:[93m16[0m
    [7m18[0m   templateUrl: './course-details.component.html',
    [7m  [0m [96m               ~~~~~~~~~~~~~~~~~~~~~~~~~~~~~~~~~[0m
    Warning occurs in the template of component CourseDetailsComponent.


Warning: [96msrc/app/front-office/course-details/course-details.component.html[0m:[93m6[0m:[93m9[0m - [93mwarning[0m[90m NG8103: [0mNG8103: The `*ngIf` directive was 
used in the template, but neither the `NgIf` directive nor the `CommonModule` was imported. Use Angular's built-in control flow @if or make sure that either the `NgIf` directive 
or the `CommonModule` is included in the `@Component.imports` array of this component. Find more at https://v21.angular.dev/extended-diagnostics/NG8103

[7m6[0m   <div *ngIf="error" class="alert alert-danger mt-3">{{ error }}</div>
[7m [0m [93m        ~~~~[0m

  [96msrc/app/front-office/course-details/course-details.component.ts[0m:[93m18[0m:[93m16[0m
    [7m18[0m   templateUrl: './course-details.component.html',
    [7m  [0m [96m               ~~~~~~~~~~~~~~~~~~~~~~~~~~~~~~~~~[0m
    Warning occurs in the template of component CourseDetailsComponent.


Warning: [96msrc/app/front-office/course-details/course-details.component.html[0m:[93m8[0m:[93m18[0m - [93mwarning[0m[90m NG8103: [0mNG8103: The `*ngIf` directive was 
used in the template, but neither the `NgIf` directive nor the `CommonModule` was imported. Use Angular's built-in control flow @if or make sure that either the `NgIf` directive 
or the `CommonModule` is included in the `@Component.imports` array of this component. Find more at https://v21.angular.dev/extended-diagnostics/NG8103

[7m8[0m   <ng-container *ngIf="course">
[7m [0m [93m                 ~~~~[0m

  [96msrc/app/front-office/course-details/course-details.component.ts[0m:[93m18[0m:[93m16[0m
    [7m18[0m   templateUrl: './course-details.component.html',
    [7m  [0m [96m               ~~~~~~~~~~~~~~~~~~~~~~~~~~~~~~~~~[0m
    Warning occurs in the template of component CourseDetailsComponent.


Warning: [96msrc/app/front-office/course-details/course-details.component.html[0m:[93m27[0m:[93m36[0m - [93mwarning[0m[90m NG8103: [0mNG8103: The `*ngIf` directive was 
used in the template, but neither the `NgIf` directive nor the `CommonModule` was imported. Use Angular's built-in control flow @if or make sure that either the `NgIf` directive 
or the `CommonModule` is included in the `@Component.imports` array of this component. Find more at https://v21.angular.dev/extended-diagnostics/NG8103

[7m27[0m             <span class="cd-pill" *ngIf="course.category">
[7m  [0m [93m                                   ~~~~[0m

  [96msrc/app/front-office/course-details/course-details.component.ts[0m:[93m18[0m:[93m16[0m
    [7m18[0m   templateUrl: './course-details.component.html',
    [7m  [0m [96m               ~~~~~~~~~~~~~~~~~~~~~~~~~~~~~~~~~[0m
    Warning occurs in the template of component CourseDetailsComponent.


Warning: [96msrc/app/front-office/course-details/course-details.component.html[0m:[93m32[0m:[93m36[0m - [93mwarning[0m[90m NG8103: [0mNG8103: The `*ngIf` directive was 
used in the template, but neither the `NgIf` directive nor the `CommonModule` was imported. Use Angular's built-in control flow @if or make sure that either the `NgIf` directive 
or the `CommonModule` is included in the `@Component.imports` array of this component. Find more at https://v21.angular.dev/extended-diagnostics/NG8103

[7m32[0m             <span class="cd-pill" *ngIf="course.subCategory">
[7m  [0m [93m                                   ~~~~[0m

  [96msrc/app/front-office/course-details/course-details.component.ts[0m:[93m18[0m:[93m16[0m
    [7m18[0m   templateUrl: './course-details.component.html',
    [7m  [0m [96m               ~~~~~~~~~~~~~~~~~~~~~~~~~~~~~~~~~[0m
    Warning occurs in the template of component CourseDetailsComponent.


Warning: [96msrc/app/front-office/course-details/course-details.component.html[0m:[93m133[0m:[93m26[0m - [93mwarning[0m[90m NG8103: [0mNG8103: The `*ngIf` directive was 
used in the template, but neither the `NgIf` directive nor the `CommonModule` was imported. Use Angular's built-in control flow @if or make sure that either the `NgIf` directive 
or the `CommonModule` is included in the `@Component.imports` array of this component. Find more at https://v21.angular.dev/extended-diagnostics/NG8103

[7m133[0m           <ng-container *ngIf="isEnrolled; else enrollBlock">
[7m   [0m [93m                         ~~~~[0m

  [96msrc/app/front-office/course-details/course-details.component.ts[0m:[93m18[0m:[93m16[0m
    [7m18[0m   templateUrl: './course-details.component.html',
    [7m  [0m [96m               ~~~~~~~~~~~~~~~~~~~~~~~~~~~~~~~~~[0m
    Warning occurs in the template of component CourseDetailsComponent.


Warning: [96msrc/app/front-office/course-learning/course-learning.component.html[0m:[93m14[0m:[93m11[0m - [93mwarning[0m[90m NG8103: [0mNG8103: The `*ngIf` directive 
was used in the template, but neither the `NgIf` directive nor the `CommonModule` was imported. Use Angular's built-in control flow @if or make sure that either the `NgIf` 
directive or the `CommonModule` is included in the `@Component.imports` array of this component. Find more at https://v21.angular.dev/extended-diagnostics/NG8103

[7m14[0m     <div *ngIf="error" class="learn-alert learn-alert--error">
[7m  [0m [93m          ~~~~[0m

  [96msrc/app/front-office/course-learning/course-learning.component.ts[0m:[93m8[0m:[93m16[0m
    [7m8[0m   templateUrl: './course-learning.component.html',
    [7m [0m [96m               ~~~~~~~~~~~~~~~~~~~~~~~~~~~~~~~~~~[0m
    Warning occurs in the template of component CourseLearningComponent.


Warning: [96msrc/app/front-office/course-learning/course-learning.component.html[0m:[93m27[0m:[93m17[0m - [93mwarning[0m[90m NG8103: [0mNG8103: The `*ngIf` directive 
was used in the template, but neither the `NgIf` directive nor the `CommonModule` was imported. Use Angular's built-in control flow @if or make sure that either the `NgIf` 
directive or the `CommonModule` is included in the `@Component.imports` array of this component. Find more at https://v21.angular.dev/extended-diagnostics/NG8103

[7m27[0m           <div *ngIf="loadingList" class="learn-muted">Loading lessons...</div>
[7m  [0m [93m                ~~~~[0m

  [96msrc/app/front-office/course-learning/course-learning.component.ts[0m:[93m8[0m:[93m16[0m
    [7m8[0m   templateUrl: './course-learning.component.html',
    [7m [0m [96m               ~~~~~~~~~~~~~~~~~~~~~~~~~~~~~~~~~~[0m
    Warning occurs in the template of component CourseLearningComponent.


Warning: [96msrc/app/front-office/course-learning/course-learning.component.html[0m:[93m29[0m:[93m17[0m - [93mwarning[0m[90m NG8103: [0mNG8103: The `*ngIf` directive 
was used in the template, but neither the `NgIf` directive nor the `CommonModule` was imported. Use Angular's built-in control flow @if or make sure that either the `NgIf` 
directive or the `CommonModule` is included in the `@Component.imports` array of this component. Find more at https://v21.angular.dev/extended-diagnostics/NG8103

[7m29[0m           <div *ngIf="!loadingList && lessons.length === 0" class="learn-empty">
[7m  [0m [93m                ~~~~[0m

  [96msrc/app/front-office/course-learning/course-learning.component.ts[0m:[93m8[0m:[93m16[0m
    [7m8[0m   templateUrl: './course-learning.component.html',
    [7m [0m [96m               ~~~~~~~~~~~~~~~~~~~~~~~~~~~~~~~~~~[0m
    Warning occurs in the template of component CourseLearningComponent.


Warning: [96msrc/app/front-office/course-learning/course-learning.component.html[0m:[93m33[0m:[93m37[0m - [93mwarning[0m[90m NG8103: [0mNG8103: The `*ngIf` directive 
was used in the template, but neither the `NgIf` directive nor the `CommonModule` was imported. Use Angular's built-in control flow @if or make sure that either the `NgIf` 
directive or the `CommonModule` is included in the `@Component.imports` array of this component. Find more at https://v21.angular.dev/extended-diagnostics/NG8103

[7m33[0m           <div class="lesson-list" *ngIf="!loadingList && lessons.length">
[7m  [0m [93m                                    ~~~~[0m

  [96msrc/app/front-office/course-learning/course-learning.component.ts[0m:[93m8[0m:[93m16[0m
    [7m8[0m   templateUrl: './course-learning.component.html',
    [7m [0m [96m               ~~~~~~~~~~~~~~~~~~~~~~~~~~~~~~~~~~[0m
    Warning occurs in the template of component CourseLearningComponent.


Warning: [96msrc/app/front-office/course-learning/course-learning.component.html[0m:[93m37[0m:[93m16[0m - [93mwarning[0m[90m NG8103: [0mNG8103: The `*ngFor` directive 
was used in the template, but neither the `NgFor` directive nor the `CommonModule` was imported. Use Angular's built-in control flow @for or make sure that either the `NgFor` 
directive or the `CommonModule` is included in the `@Component.imports` array of this component. Find more at https://v21.angular.dev/extended-diagnostics/NG8103

[7m37[0m               *ngFor="let l of lessons; let i = index"
[7m  [0m [93m               ~~~~~[0m

  [96msrc/app/front-office/course-learning/course-learning.component.ts[0m:[93m8[0m:[93m16[0m
    [7m8[0m   templateUrl: './course-learning.component.html',
    [7m [0m [96m               ~~~~~~~~~~~~~~~~~~~~~~~~~~~~~~~~~~[0m
    Warning occurs in the template of component CourseLearningComponent.


Warning: [96msrc/app/front-office/course-learning/course-learning.component.html[0m:[93m77[0m:[93m21[0m - [93mwarning[0m[90m NG8103: [0mNG8103: The `*ngIf` directive 
was used in the template, but neither the `NgIf` directive nor the `CommonModule` was imported. Use Angular's built-in control flow @if or make sure that either the `NgIf` 
directive or the `CommonModule` is included in the `@Component.imports` array of this component. Find more at https://v21.angular.dev/extended-diagnostics/NG8103

[7m77[0m             <small *ngIf="loadingProgress" class="learn-muted">Loading progress...</small>
[7m  [0m [93m                    ~~~~[0m

  [96msrc/app/front-office/course-learning/course-learning.component.ts[0m:[93m8[0m:[93m16[0m
    [7m8[0m   templateUrl: './course-learning.component.html',
    [7m [0m [96m               ~~~~~~~~~~~~~~~~~~~~~~~~~~~~~~~~~~[0m
    Warning occurs in the template of component CourseLearningComponent.


Warning: [96msrc/app/front-office/course-learning/course-learning.component.html[0m:[93m84[0m:[93m19[0m - [93mwarning[0m[90m NG8103: [0mNG8103: The `*ngIf` directive 
was used in the template, but neither the `NgIf` directive nor the `CommonModule` was imported. Use Angular's built-in control flow @if or make sure that either the `NgIf` 
directive or the `CommonModule` is included in the `@Component.imports` array of this component. Find more at https://v21.angular.dev/extended-diagnostics/NG8103

[7m84[0m             <div *ngIf="loadingLesson" class="learn-muted">Opening lesson...</div>
[7m  [0m [93m                  ~~~~[0m

  [96msrc/app/front-office/course-learning/course-learning.component.ts[0m:[93m8[0m:[93m16[0m
    [7m8[0m   templateUrl: './course-learning.component.html',
    [7m [0m [96m               ~~~~~~~~~~~~~~~~~~~~~~~~~~~~~~~~~~[0m
    Warning occurs in the template of component CourseLearningComponent.


Warning: [96msrc/app/front-office/course-learning/course-learning.component.html[0m:[93m86[0m:[93m28[0m - [93mwarning[0m[90m NG8103: [0mNG8103: The `*ngIf` directive 
was used in the template, but neither the `NgIf` directive nor the `CommonModule` was imported. Use Angular's built-in control flow @if or make sure that either the `NgIf` 
directive or the `CommonModule` is included in the `@Component.imports` array of this component. Find more at https://v21.angular.dev/extended-diagnostics/NG8103

[7m86[0m             <ng-container *ngIf="!loadingLesson && selectedLesson as s">
[7m  [0m [93m                           ~~~~[0m

  [96msrc/app/front-office/course-learning/course-learning.component.ts[0m:[93m8[0m:[93m16[0m
    [7m8[0m   templateUrl: './course-learning.component.html',
    [7m [0m [96m               ~~~~~~~~~~~~~~~~~~~~~~~~~~~~~~~~~~[0m
    Warning occurs in the template of component CourseLearningComponent.


Warning: [96msrc/app/front-office/course-learning/course-learning.component.html[0m:[93m93[0m:[93m52[0m - [93mwarning[0m[90m NG8103: [0mNG8103: The `*ngIf` directive 
was used in the template, but neither the `NgIf` directive nor the `CommonModule` was imported. Use Angular's built-in control flow @if or make sure that either the `NgIf` 
directive or the `CommonModule` is included in the `@Component.imports` array of this component. Find more at https://v21.angular.dev/extended-diagnostics/NG8103

[7m93[0m                 <div class="learn-lesson-counter" *ngIf="lessons.length">
[7m  [0m [93m                                                   ~~~~[0m

  [96msrc/app/front-office/course-learning/course-learning.component.ts[0m:[93m8[0m:[93m16[0m
    [7m8[0m   templateUrl: './course-learning.component.html',
    [7m [0m [96m               ~~~~~~~~~~~~~~~~~~~~~~~~~~~~~~~~~~[0m
    Warning occurs in the template of component CourseLearningComponent.


Warning: [96msrc/app/front-office/course-learning/course-learning.component.html[0m:[93m98[0m:[93m21[0m - [93mwarning[0m[90m NG8103: [0mNG8103: The `*ngIf` directive 
was used in the template, but neither the `NgIf` directive nor the `CommonModule` was imported. Use Angular's built-in control flow @if or make sure that either the `NgIf` 
directive or the `CommonModule` is included in the `@Component.imports` array of this component. Find more at https://v21.angular.dev/extended-diagnostics/NG8103

[7m98[0m               <div *ngIf="s.youtubeVideoId && safeYoutubeEmbedUrl" class="learn-video-wrap">
[7m  [0m [93m                    ~~~~[0m

  [96msrc/app/front-office/course-learning/course-learning.component.ts[0m:[93m8[0m:[93m16[0m
    [7m8[0m   templateUrl: './course-learning.component.html',
    [7m [0m [96m               ~~~~~~~~~~~~~~~~~~~~~~~~~~~~~~~~~~[0m
    Warning occurs in the template of component CourseLearningComponent.


Warning: [96msrc/app/front-office/course-learning/course-learning.component.html[0m:[93m110[0m:[93m21[0m - [93mwarning[0m[90m NG8103: [0mNG8103: The `*ngIf` directive 
was used in the template, but neither the `NgIf` directive nor the `CommonModule` was imported. Use Angular's built-in control flow @if or make sure that either the `NgIf` 
directive or the `CommonModule` is included in the `@Component.imports` array of this component. Find more at https://v21.angular.dev/extended-diagnostics/NG8103

[7m110[0m                 <p *ngIf="s.contentText">{{ s.contentText }}</p>
[7m   [0m [93m                    ~~~~[0m

  [96msrc/app/front-office/course-learning/course-learning.component.ts[0m:[93m8[0m:[93m16[0m
    [7m8[0m   templateUrl: './course-learning.component.html',
    [7m [0m [96m               ~~~~~~~~~~~~~~~~~~~~~~~~~~~~~~~~~~[0m
    Warning occurs in the template of component CourseLearningComponent.


Warning: [96msrc/app/front-office/course-learning/course-learning.component.html[0m:[93m111[0m:[93m21[0m - [93mwarning[0m[90m NG8103: [0mNG8103: The `*ngIf` directive 
was used in the template, but neither the `NgIf` directive nor the `CommonModule` was imported. Use Angular's built-in control flow @if or make sure that either the `NgIf` 
directive or the `CommonModule` is included in the `@Component.imports` array of this component. Find more at https://v21.angular.dev/extended-diagnostics/NG8103

[7m111[0m                 <p *ngIf="!s.contentText" class="learn-muted">No content for this lesson.</p>
[7m   [0m [93m                    ~~~~[0m

  [96msrc/app/front-office/course-learning/course-learning.component.ts[0m:[93m8[0m:[93m16[0m
    [7m8[0m   templateUrl: './course-learning.component.html',
    [7m [0m [96m               ~~~~~~~~~~~~~~~~~~~~~~~~~~~~~~~~~~[0m
    Warning occurs in the template of component CourseLearningComponent.


Warning: [96msrc/app/front-office/course-learning/course-learning.component.html[0m:[93m115[0m:[93m19[0m - [93mwarning[0m[90m NG8103: [0mNG8103: The `*ngIf` directive 
was used in the template, but neither the `NgIf` directive nor the `CommonModule` was imported. Use Angular's built-in control flow @if or make sure that either the `NgIf` 
directive or the `CommonModule` is included in the `@Component.imports` array of this component. Find more at https://v21.angular.dev/extended-diagnostics/NG8103

[7m115[0m             <div *ngIf="!loadingLesson && !selectedLesson" class="learn-empty">
[7m   [0m [93m                  ~~~~[0m

  [96msrc/app/front-office/course-learning/course-learning.component.ts[0m:[93m8[0m:[93m16[0m
    [7m8[0m   templateUrl: './course-learning.component.html',
    [7m [0m [96m               ~~~~~~~~~~~~~~~~~~~~~~~~~~~~~~~~~~[0m
    Warning occurs in the template of component CourseLearningComponent.


Warning: [96msrc/app/front-office/course-learning/course-learning.component.html[0m:[93m120[0m:[93m45[0m - [93mwarning[0m[90m NG8103: [0mNG8103: The `*ngIf` directive 
was used in the template, but neither the `NgIf` directive nor the `CommonModule` was imported. Use Angular's built-in control flow @if or make sure that either the `NgIf` 
directive or the `CommonModule` is included in the `@Component.imports` array of this component. Find more at https://v21.angular.dev/extended-diagnostics/NG8103

[7m120[0m           <div class="learn-player-footer" *ngIf="selectedLesson">
[7m   [0m [93m                                            ~~~~[0m

  [96msrc/app/front-office/course-learning/course-learning.component.ts[0m:[93m8[0m:[93m16[0m
    [7m8[0m   templateUrl: './course-learning.component.html',
    [7m [0m [96m               ~~~~~~~~~~~~~~~~~~~~~~~~~~~~~~~~~~[0m
    Warning occurs in the template of component CourseLearningComponent.


Warning: [96msrc/app/front-office/dashboard/dashboard.component.html[0m:[93m53[0m:[93m33[0m - [93mwarning[0m[90m NG8103: [0mNG8103: The `*ngIf` directive was used in 
the template, but neither the `NgIf` directive nor the `CommonModule` was imported. Use Angular's built-in control flow @if or make sure that either the `NgIf` directive or the 
`CommonModule` is included in the `@Component.imports` array of this component. Find more at https://v21.angular.dev/extended-diagnostics/NG8103

[7m53[0m         <h1 class="page-title" *ngIf="activeSection === 'dashboard'">Dashboard</h1>
[7m  [0m [93m                                ~~~~[0m

  [96msrc/app/front-office/dashboard/dashboard.component.ts[0m:[93m9[0m:[93m16[0m
    [7m9[0m   templateUrl: './dashboard.component.html',
    [7m [0m [96m               ~~~~~~~~~~~~~~~~~~~~~~~~~~~~[0m
    Warning occurs in the template of component DashboardComponent.


Warning: [96msrc/app/front-office/dashboard/dashboard.component.html[0m:[93m54[0m:[93m33[0m - [93mwarning[0m[90m NG8103: [0mNG8103: The `*ngIf` directive was used in 
the template, but neither the `NgIf` directive nor the `CommonModule` was imported. Use Angular's built-in control flow @if or make sure that either the `NgIf` directive or the 
`CommonModule` is included in the `@Component.imports` array of this component. Find more at https://v21.angular.dev/extended-diagnostics/NG8103

[7m54[0m         <h1 class="page-title" *ngIf="activeSection === 'purchases'">My Purchases</h1>
[7m  [0m [93m                                ~~~~[0m

  [96msrc/app/front-office/dashboard/dashboard.component.ts[0m:[93m9[0m:[93m16[0m
    [7m9[0m   templateUrl: './dashboard.component.html',
    [7m [0m [96m               ~~~~~~~~~~~~~~~~~~~~~~~~~~~~[0m
    Warning occurs in the template of component DashboardComponent.


Warning: [96msrc/app/front-office/dashboard/dashboard.component.html[0m:[93m55[0m:[93m33[0m - [93mwarning[0m[90m NG8103: [0mNG8103: The `*ngIf` directive was used in 
the template, but neither the `NgIf` directive nor the `CommonModule` was imported. Use Angular's built-in control flow @if or make sure that either the `NgIf` directive or the 
`CommonModule` is included in the `@Component.imports` array of this component. Find more at https://v21.angular.dev/extended-diagnostics/NG8103

[7m55[0m         <h1 class="page-title" *ngIf="activeSection === 'courses'">My Courses</h1>
[7m  [0m [93m                                ~~~~[0m

  [96msrc/app/front-office/dashboard/dashboard.component.ts[0m:[93m9[0m:[93m16[0m
    [7m9[0m   templateUrl: './dashboard.component.html',
    [7m [0m [96m               ~~~~~~~~~~~~~~~~~~~~~~~~~~~~[0m
    Warning occurs in the template of component DashboardComponent.


Warning: [96msrc/app/front-office/dashboard/dashboard.component.html[0m:[93m56[0m:[93m33[0m - [93mwarning[0m[90m NG8103: [0mNG8103: The `*ngIf` directive was used in 
the template, but neither the `NgIf` directive nor the `CommonModule` was imported. Use Angular's built-in control flow @if or make sure that either the `NgIf` directive or the 
`CommonModule` is included in the `@Component.imports` array of this component. Find more at https://v21.angular.dev/extended-diagnostics/NG8103

[7m56[0m         <h1 class="page-title" *ngIf="activeSection === 'workshops'">Workshops</h1>
[7m  [0m [93m                                ~~~~[0m

  [96msrc/app/front-office/dashboard/dashboard.component.ts[0m:[93m9[0m:[93m16[0m
    [7m9[0m   templateUrl: './dashboard.component.html',
    [7m [0m [96m               ~~~~~~~~~~~~~~~~~~~~~~~~~~~~[0m
    Warning occurs in the template of component DashboardComponent.


Warning: [96msrc/app/front-office/dashboard/dashboard.component.html[0m:[93m57[0m:[93m33[0m - [93mwarning[0m[90m NG8103: [0mNG8103: The `*ngIf` directive was used in 
the template, but neither the `NgIf` directive nor the `CommonModule` was imported. Use Angular's built-in control flow @if or make sure that either the `NgIf` directive or the 
`CommonModule` is included in the `@Component.imports` array of this component. Find more at https://v21.angular.dev/extended-diagnostics/NG8103

[7m57[0m         <h1 class="page-title" *ngIf="activeSection === 'certificates'">Certificates</h1>
[7m  [0m [93m                                ~~~~[0m

  [96msrc/app/front-office/dashboard/dashboard.component.ts[0m:[93m9[0m:[93m16[0m
    [7m9[0m   templateUrl: './dashboard.component.html',
    [7m [0m [96m               ~~~~~~~~~~~~~~~~~~~~~~~~~~~~[0m
    Warning occurs in the template of component DashboardComponent.


Warning: [96msrc/app/front-office/dashboard/dashboard.component.html[0m:[93m78[0m:[93m11[0m - [93mwarning[0m[90m NG8103: [0mNG8103: The `*ngIf` directive was used in 
the template, but neither the `NgIf` directive nor the `CommonModule` was imported. Use Angular's built-in control flow @if or make sure that either the `NgIf` directive or the 
`CommonModule` is included in the `@Component.imports` array of this component. Find more at https://v21.angular.dev/extended-diagnostics/NG8103

[7m78[0m     <div *ngIf="activeSection === 'dashboard'">
[7m  [0m [93m          ~~~~[0m

  [96msrc/app/front-office/dashboard/dashboard.component.ts[0m:[93m9[0m:[93m16[0m
    [7m9[0m   templateUrl: './dashboard.component.html',
    [7m [0m [96m               ~~~~~~~~~~~~~~~~~~~~~~~~~~~~[0m
    Warning occurs in the template of component DashboardComponent.


Warning: [96msrc/app/front-office/dashboard/dashboard.component.html[0m:[93m142[0m:[93m33[0m - [93mwarning[0m[90m NG8103: [0mNG8103: The `*ngIf` directive was used in 
the template, but neither the `NgIf` directive nor the `CommonModule` was imported. Use Angular's built-in control flow @if or make sure that either the `NgIf` directive or the 
`CommonModule` is included in the `@Component.imports` array of this component. Find more at https://v21.angular.dev/extended-diagnostics/NG8103

[7m142[0m       <section class="section" *ngIf="orders.length > 0">
[7m   [0m [93m                                ~~~~[0m

  [96msrc/app/front-office/dashboard/dashboard.component.ts[0m:[93m9[0m:[93m16[0m
    [7m9[0m   templateUrl: './dashboard.component.html',
    [7m [0m [96m               ~~~~~~~~~~~~~~~~~~~~~~~~~~~~[0m
    Warning occurs in the template of component DashboardComponent.


Warning: [96msrc/app/front-office/dashboard/dashboard.component.html[0m:[93m148[0m:[93m51[0m - [93mwarning[0m[90m NG8103: [0mNG8103: The `*ngFor` directive was used in 
the template, but neither the `NgFor` directive nor the `CommonModule` was imported. Use Angular's built-in control flow @for or make sure that either the `NgFor` directive or 
the `CommonModule` is included in the `@Component.imports` array of this component. Find more at https://v21.angular.dev/extended-diagnostics/NG8103

[7m148[0m           <article class="purchase-preview-card" *ngFor="let order of orders | slice:0:3">
[7m   [0m [93m                                                  ~~~~~[0m

  [96msrc/app/front-office/dashboard/dashboard.component.ts[0m:[93m9[0m:[93m16[0m
    [7m9[0m   templateUrl: './dashboard.component.html',
    [7m [0m [96m               ~~~~~~~~~~~~~~~~~~~~~~~~~~~~[0m
    Warning occurs in the template of component DashboardComponent.


Warning: [96msrc/app/front-office/dashboard/dashboard.component.html[0m:[93m216[0m:[93m11[0m - [93mwarning[0m[90m NG8103: [0mNG8103: The `*ngIf` directive was used in 
the template, but neither the `NgIf` directive nor the `CommonModule` was imported. Use Angular's built-in control flow @if or make sure that either the `NgIf` directive or the 
`CommonModule` is included in the `@Component.imports` array of this component. Find more at https://v21.angular.dev/extended-diagnostics/NG8103

[7m216[0m     <div *ngIf="activeSection === 'purchases'">
[7m   [0m [93m          ~~~~[0m

  [96msrc/app/front-office/dashboard/dashboard.component.ts[0m:[93m9[0m:[93m16[0m
    [7m9[0m   templateUrl: './dashboard.component.html',
    [7m [0m [96m               ~~~~~~~~~~~~~~~~~~~~~~~~~~~~[0m
    Warning occurs in the template of component DashboardComponent.


Warning: [96msrc/app/front-office/dashboard/dashboard.component.html[0m:[93m223[0m:[93m13[0m - [93mwarning[0m[90m NG8103: [0mNG8103: The `*ngIf` directive was used in 
the template, but neither the `NgIf` directive nor the `CommonModule` was imported. Use Angular's built-in control flow @if or make sure that either the `NgIf` directive or the 
`CommonModule` is included in the `@Component.imports` array of this component. Find more at https://v21.angular.dev/extended-diagnostics/NG8103

[7m223[0m       <div *ngIf="ordersLoading" class="purchases-loading">
[7m   [0m [93m            ~~~~[0m

  [96msrc/app/front-office/dashboard/dashboard.component.ts[0m:[93m9[0m:[93m16[0m
    [7m9[0m   templateUrl: './dashboard.component.html',
    [7m [0m [96m               ~~~~~~~~~~~~~~~~~~~~~~~~~~~~[0m
    Warning occurs in the template of component DashboardComponent.


Warning: [96msrc/app/front-office/dashboard/dashboard.component.html[0m:[93m229[0m:[93m13[0m - [93mwarning[0m[90m NG8103: [0mNG8103: The `*ngIf` directive was used in 
the template, but neither the `NgIf` directive nor the `CommonModule` was imported. Use Angular's built-in control flow @if or make sure that either the `NgIf` directive or the 
`CommonModule` is included in the `@Component.imports` array of this component. Find more at https://v21.angular.dev/extended-diagnostics/NG8103

[7m229[0m       <div *ngIf="!ordersLoading && orders.length === 0" class="purchases-empty">
[7m   [0m [93m            ~~~~[0m

  [96msrc/app/front-office/dashboard/dashboard.component.ts[0m:[93m9[0m:[93m16[0m
    [7m9[0m   templateUrl: './dashboard.component.html',
    [7m [0m [96m               ~~~~~~~~~~~~~~~~~~~~~~~~~~~~[0m
    Warning occurs in the template of component DashboardComponent.


Warning: [96msrc/app/front-office/dashboard/dashboard.component.html[0m:[93m240[0m:[93m13[0m - [93mwarning[0m[90m NG8103: [0mNG8103: The `*ngIf` directive was used in 
the template, but neither the `NgIf` directive nor the `CommonModule` was imported. Use Angular's built-in control flow @if or make sure that either the `NgIf` directive or the 
`CommonModule` is included in the `@Component.imports` array of this component. Find more at https://v21.angular.dev/extended-diagnostics/NG8103

[7m240[0m       <div *ngIf="!ordersLoading && orders.length > 0" class="orders-list">
[7m   [0m [93m            ~~~~[0m

  [96msrc/app/front-office/dashboard/dashboard.component.ts[0m:[93m9[0m:[93m16[0m
    [7m9[0m   templateUrl: './dashboard.component.html',
    [7m [0m [96m               ~~~~~~~~~~~~~~~~~~~~~~~~~~~~[0m
    Warning occurs in the template of component DashboardComponent.


Warning: [96msrc/app/front-office/dashboard/dashboard.component.html[0m:[93m257[0m:[93m34[0m - [93mwarning[0m[90m NG8103: [0mNG8103: The `*ngFor` directive was used in 
the template, but neither the `NgFor` directive nor the `CommonModule` was imported. Use Angular's built-in control flow @for or make sure that either the `NgFor` directive or 
the `CommonModule` is included in the `@Component.imports` array of this component. Find more at https://v21.angular.dev/extended-diagnostics/NG8103

[7m257[0m         <div class="order-card" *ngFor="let order of orders">
[7m   [0m [93m                                 ~~~~~[0m

  [96msrc/app/front-office/dashboard/dashboard.component.ts[0m:[93m9[0m:[93m16[0m
    [7m9[0m   templateUrl: './dashboard.component.html',
    [7m [0m [96m               ~~~~~~~~~~~~~~~~~~~~~~~~~~~~[0m
    Warning occurs in the template of component DashboardComponent.


Warning: [96msrc/app/front-office/dashboard/dashboard.component.html[0m:[93m274[0m:[93m37[0m - [93mwarning[0m[90m NG8103: [0mNG8103: The `*ngIf` directive was used in 
the template, but neither the `NgIf` directive nor the `CommonModule` was imported. Use Angular's built-in control flow @if or make sure that either the `NgIf` directive or the 
`CommonModule` is included in the `@Component.imports` array of this component. Find more at https://v21.angular.dev/extended-diagnostics/NG8103

[7m274[0m           <div class="order-items" *ngIf="expandedOrderId === order.id">
[7m   [0m [93m                                    ~~~~[0m

  [96msrc/app/front-office/dashboard/dashboard.component.ts[0m:[93m9[0m:[93m16[0m
    [7m9[0m   templateUrl: './dashboard.component.html',
    [7m [0m [96m               ~~~~~~~~~~~~~~~~~~~~~~~~~~~~[0m
    Warning occurs in the template of component DashboardComponent.


Warning: [96msrc/app/front-office/dashboard/dashboard.component.html[0m:[93m275[0m:[93m38[0m - [93mwarning[0m[90m NG8103: [0mNG8103: The `*ngFor` directive was used in 
the template, but neither the `NgFor` directive nor the `CommonModule` was imported. Use Angular's built-in control flow @for or make sure that either the `NgFor` directive or 
the `CommonModule` is included in the `@Component.imports` array of this component. Find more at https://v21.angular.dev/extended-diagnostics/NG8103

[7m275[0m             <div class="order-item" *ngFor="let item of order.items">
[7m   [0m [93m                                     ~~~~~[0m

  [96msrc/app/front-office/dashboard/dashboard.component.ts[0m:[93m9[0m:[93m16[0m
    [7m9[0m   templateUrl: './dashboard.component.html',
    [7m [0m [96m               ~~~~~~~~~~~~~~~~~~~~~~~~~~~~[0m
    Warning occurs in the template of component DashboardComponent.


Warning: [96msrc/app/front-office/dashboard/dashboard.component.html[0m:[93m279[0m:[93m23[0m - [93mwarning[0m[90m NG8103: [0mNG8103: The `*ngIf` directive was used in 
the template, but neither the `NgIf` directive nor the `CommonModule` was imported. Use Angular's built-in control flow @if or make sure that either the `NgIf` directive or the 
`CommonModule` is included in the `@Component.imports` array of this component. Find more at https://v21.angular.dev/extended-diagnostics/NG8103

[7m279[0m                 <svg *ngIf="isDigitalProduct(item)" viewBox="0 0 24 24" fill="none" stroke="currentColor" stroke-width="2">
[7m   [0m [93m                      ~~~~[0m

  [96msrc/app/front-office/dashboard/dashboard.component.ts[0m:[93m9[0m:[93m16[0m
    [7m9[0m   templateUrl: './dashboard.component.html',
    [7m [0m [96m               ~~~~~~~~~~~~~~~~~~~~~~~~~~~~[0m
    Warning occurs in the template of component DashboardComponent.


Warning: [96msrc/app/front-office/dashboard/dashboard.component.html[0m:[93m287[0m:[93m23[0m - [93mwarning[0m[90m NG8103: [0mNG8103: The `*ngIf` directive was used in 
the template, but neither the `NgIf` directive nor the `CommonModule` was imported. Use Angular's built-in control flow @if or make sure that either the `NgIf` directive or the 
`CommonModule` is included in the `@Component.imports` array of this component. Find more at https://v21.angular.dev/extended-diagnostics/NG8103

[7m287[0m                 <svg *ngIf="!isDigitalProduct(item)" viewBox="0 0 24 24" fill="none" stroke="currentColor" stroke-width="2">
[7m   [0m [93m                      ~~~~[0m

  [96msrc/app/front-office/dashboard/dashboard.component.ts[0m:[93m9[0m:[93m16[0m
    [7m9[0m   templateUrl: './dashboard.component.html',
    [7m [0m [96m               ~~~~~~~~~~~~~~~~~~~~~~~~~~~~[0m
    Warning occurs in the template of component DashboardComponent.


Warning: [96msrc/app/front-office/dashboard/dashboard.component.html[0m:[93m305[0m:[93m32[0m - [93mwarning[0m[90m NG8103: [0mNG8103: The `*ngIf` directive was used in 
the template, but neither the `NgIf` directive nor the `CommonModule` was imported. Use Angular's built-in control flow @if or make sure that either the `NgIf` directive or the 
`CommonModule` is included in the `@Component.imports` array of this component. Find more at https://v21.angular.dev/extended-diagnostics/NG8103

[7m305[0m                 <ng-container *ngIf="isDigitalProduct(item)">
[7m   [0m [93m                               ~~~~[0m

  [96msrc/app/front-office/dashboard/dashboard.component.ts[0m:[93m9[0m:[93m16[0m
    [7m9[0m   templateUrl: './dashboard.component.html',
    [7m [0m [96m               ~~~~~~~~~~~~~~~~~~~~~~~~~~~~[0m
    Warning occurs in the template of component DashboardComponent.


Warning: [96msrc/app/front-office/dashboard/dashboard.component.html[0m:[93m306[0m:[93m28[0m - [93mwarning[0m[90m NG8103: [0mNG8103: The `*ngIf` directive was used in 
the template, but neither the `NgIf` directive nor the `CommonModule` was imported. Use Angular's built-in control flow @if or make sure that either the `NgIf` directive or the 
`CommonModule` is included in the `@Component.imports` array of this component. Find more at https://v21.angular.dev/extended-diagnostics/NG8103

[7m306[0m                   <button *ngIf="item.fileUrl" class="btn-download-item" (click)="downloadItem(item)">
[7m   [0m [93m                           ~~~~[0m

  [96msrc/app/front-office/dashboard/dashboard.component.ts[0m:[93m9[0m:[93m16[0m
    [7m9[0m   templateUrl: './dashboard.component.html',
    [7m [0m [96m               ~~~~~~~~~~~~~~~~~~~~~~~~~~~~[0m
    Warning occurs in the template of component DashboardComponent.


Warning: [96msrc/app/front-office/dashboard/dashboard.component.html[0m:[93m314[0m:[93m28[0m - [93mwarning[0m[90m NG8103: [0mNG8103: The `*ngIf` directive was used in 
the template, but neither the `NgIf` directive nor the `CommonModule` was imported. Use Angular's built-in control flow @if or make sure that either the `NgIf` directive or the 
`CommonModule` is included in the `@Component.imports` array of this component. Find more at https://v21.angular.dev/extended-diagnostics/NG8103

[7m314[0m                   <button *ngIf="item.fileUrl" class="btn-view-item" (click)="viewItem(item)">
[7m   [0m [93m                           ~~~~[0m

  [96msrc/app/front-office/dashboard/dashboard.component.ts[0m:[93m9[0m:[93m16[0m
    [7m9[0m   templateUrl: './dashboard.component.html',
    [7m [0m [96m               ~~~~~~~~~~~~~~~~~~~~~~~~~~~~[0m
    Warning occurs in the template of component DashboardComponent.


Warning: [96msrc/app/front-office/dashboard/dashboard.component.html[0m:[93m321[0m:[93m26[0m - [93mwarning[0m[90m NG8103: [0mNG8103: The `*ngIf` directive was used in 
the template, but neither the `NgIf` directive nor the `CommonModule` was imported. Use Angular's built-in control flow @if or make sure that either the `NgIf` directive or the 
`CommonModule` is included in the `@Component.imports` array of this component. Find more at https://v21.angular.dev/extended-diagnostics/NG8103

[7m321[0m                   <span *ngIf="!item.fileUrl" class="no-file">File pending upload</span>
[7m   [0m [93m                         ~~~~[0m

  [96msrc/app/front-office/dashboard/dashboard.component.ts[0m:[93m9[0m:[93m16[0m
    [7m9[0m   templateUrl: './dashboard.component.html',
    [7m [0m [96m               ~~~~~~~~~~~~~~~~~~~~~~~~~~~~[0m
    Warning occurs in the template of component DashboardComponent.


Warning: [96msrc/app/front-office/dashboard/dashboard.component.html[0m:[93m324[0m:[93m32[0m - [93mwarning[0m[90m NG8103: [0mNG8103: The `*ngIf` directive was used in 
the template, but neither the `NgIf` directive nor the `CommonModule` was imported. Use Angular's built-in control flow @if or make sure that either the `NgIf` directive or the 
`CommonModule` is included in the `@Component.imports` array of this component. Find more at https://v21.angular.dev/extended-diagnostics/NG8103

[7m324[0m                 <ng-container *ngIf="!isDigitalProduct(item)">
[7m   [0m [93m                               ~~~~[0m

  [96msrc/app/front-office/dashboard/dashboard.component.ts[0m:[93m9[0m:[93m16[0m
    [7m9[0m   templateUrl: './dashboard.component.html',
    [7m [0m [96m               ~~~~~~~~~~~~~~~~~~~~~~~~~~~~[0m
    Warning occurs in the template of component DashboardComponent.


Warning: [96msrc/app/front-office/dashboard/dashboard.component.html[0m:[93m344[0m:[93m34[0m - [93mwarning[0m[90m NG8103: [0mNG8103: The `*ngIf` directive was used in 
the template, but neither the `NgIf` directive nor the `CommonModule` was imported. Use Angular's built-in control flow @if or make sure that either the `NgIf` directive or the 
`CommonModule` is included in the `@Component.imports` array of this component. Find more at https://v21.angular.dev/extended-diagnostics/NG8103

[7m344[0m     <div class="viewer-overlay" *ngIf="viewerOpen" (click)="closeViewer()"></div>
[7m   [0m [93m                                 ~~~~[0m

  [96msrc/app/front-office/dashboard/dashboard.component.ts[0m:[93m9[0m:[93m16[0m
    [7m9[0m   templateUrl: './dashboard.component.html',
    [7m [0m [96m               ~~~~~~~~~~~~~~~~~~~~~~~~~~~~[0m
    Warning occurs in the template of component DashboardComponent.


Warning: [96msrc/app/front-office/dashboard/dashboard.component.html[0m:[93m345[0m:[93m32[0m - [93mwarning[0m[90m NG8103: [0mNG8103: The `*ngIf` directive was used in 
the template, but neither the `NgIf` directive nor the `CommonModule` was imported. Use Angular's built-in control flow @if or make sure that either the `NgIf` directive or the 
`CommonModule` is included in the `@Component.imports` array of this component. Find more at https://v21.angular.dev/extended-diagnostics/NG8103

[7m345[0m     <div class="viewer-modal" *ngIf="viewerOpen">
[7m   [0m [93m                               ~~~~[0m

  [96msrc/app/front-office/dashboard/dashboard.component.ts[0m:[93m9[0m:[93m16[0m
    [7m9[0m   templateUrl: './dashboard.component.html',
    [7m [0m [96m               ~~~~~~~~~~~~~~~~~~~~~~~~~~~~[0m
    Warning occurs in the template of component DashboardComponent.


Warning: [96msrc/app/front-office/dashboard/dashboard.component.html[0m:[93m368[0m:[93m18[0m - [93mwarning[0m[90m NG8103: [0mNG8103: The `*ngIf` directive was used in 
the template, but neither the `NgIf` directive nor the `CommonModule` was imported. Use Angular's built-in control flow @if or make sure that either the `NgIf` directive or the 
`CommonModule` is included in the `@Component.imports` array of this component. Find more at https://v21.angular.dev/extended-diagnostics/NG8103

[7m368[0m         <iframe *ngIf="viewerUrl" [src]="viewerUrl" class="viewer-iframe" frameborder="0"></iframe>
[7m   [0m [93m                 ~~~~[0m

  [96msrc/app/front-office/dashboard/dashboard.component.ts[0m:[93m9[0m:[93m16[0m
    [7m9[0m   templateUrl: './dashboard.component.html',
    [7m [0m [96m               ~~~~~~~~~~~~~~~~~~~~~~~~~~~~[0m
    Warning occurs in the template of component DashboardComponent.


Warning: [96msrc/app/front-office/dashboard/dashboard.component.html[0m:[93m369[0m:[93m15[0m - [93mwarning[0m[90m NG8103: [0mNG8103: The `*ngIf` directive was used in 
the template, but neither the `NgIf` directive nor the `CommonModule` was imported. Use Angular's built-in control flow @if or make sure that either the `NgIf` directive or the 
`CommonModule` is included in the `@Component.imports` array of this component. Find more at https://v21.angular.dev/extended-diagnostics/NG8103

[7m369[0m         <div *ngIf="!viewerUrl" class="viewer-fallback">
[7m   [0m [93m              ~~~~[0m

  [96msrc/app/front-office/dashboard/dashboard.component.ts[0m:[93m9[0m:[93m16[0m
    [7m9[0m   templateUrl: './dashboard.component.html',
    [7m [0m [96m               ~~~~~~~~~~~~~~~~~~~~~~~~~~~~[0m
    Warning occurs in the template of component DashboardComponent.


Warning: [96msrc/app/front-office/dashboard/dashboard.component.html[0m:[93m381[0m:[93m11[0m - [93mwarning[0m[90m NG8103: [0mNG8103: The `*ngIf` directive was used in 
the template, but neither the `NgIf` directive nor the `CommonModule` was imported. Use Angular's built-in control flow @if or make sure that either the `NgIf` directive or the 
`CommonModule` is included in the `@Component.imports` array of this component. Find more at https://v21.angular.dev/extended-diagnostics/NG8103

[7m381[0m     <div *ngIf="activeSection === 'courses'">
[7m   [0m [93m          ~~~~[0m

  [96msrc/app/front-office/dashboard/dashboard.component.ts[0m:[93m9[0m:[93m16[0m
    [7m9[0m   templateUrl: './dashboard.component.html',
    [7m [0m [96m               ~~~~~~~~~~~~~~~~~~~~~~~~~~~~[0m
    Warning occurs in the template of component DashboardComponent.


Warning: [96msrc/app/front-office/dashboard/dashboard.component.html[0m:[93m408[0m:[93m11[0m - [93mwarning[0m[90m NG8103: [0mNG8103: The `*ngIf` directive was used in 
the template, but neither the `NgIf` directive nor the `CommonModule` was imported. Use Angular's built-in control flow @if or make sure that either the `NgIf` directive or the 
`CommonModule` is included in the `@Component.imports` array of this component. Find more at https://v21.angular.dev/extended-diagnostics/NG8103

[7m408[0m     <div *ngIf="activeSection === 'workshops'">
[7m   [0m [93m          ~~~~[0m

  [96msrc/app/front-office/dashboard/dashboard.component.ts[0m:[93m9[0m:[93m16[0m
    [7m9[0m   templateUrl: './dashboard.component.html',
    [7m [0m [96m               ~~~~~~~~~~~~~~~~~~~~~~~~~~~~[0m
    Warning occurs in the template of component DashboardComponent.


Warning: [96msrc/app/front-office/dashboard/dashboard.component.html[0m:[93m420[0m:[93m11[0m - [93mwarning[0m[90m NG8103: [0mNG8103: The `*ngIf` directive was used in 
the template, but neither the `NgIf` directive nor the `CommonModule` was imported. Use Angular's built-in control flow @if or make sure that either the `NgIf` directive or the 
`CommonModule` is included in the `@Component.imports` array of this component. Find more at https://v21.angular.dev/extended-diagnostics/NG8103

[7m420[0m     <div *ngIf="activeSection === 'certificates'">
[7m   [0m [93m          ~~~~[0m

  [96msrc/app/front-office/dashboard/dashboard.component.ts[0m:[93m9[0m:[93m16[0m
    [7m9[0m   templateUrl: './dashboard.component.html',
    [7m [0m [96m               ~~~~~~~~~~~~~~~~~~~~~~~~~~~~[0m
    Warning occurs in the template of component DashboardComponent.


Warning: [96msrc/app/front-office/explore3d/explore3d.component.html[0m:[93m7[0m:[93m33[0m - [93mwarning[0m[90m NG8103: [0mNG8103: The `*ngIf` directive was used in the 
template, but neither the `NgIf` directive nor the `CommonModule` was imported. Use Angular's built-in control flow @if or make sure that either the `NgIf` directive or the 
`CommonModule` is included in the `@Component.imports` array of this component. Find more at https://v21.angular.dev/extended-diagnostics/NG8103

[7m7[0m   <div class="loading-overlay" *ngIf="isLoading">
[7m [0m [93m                                ~~~~[0m

  [96msrc/app/front-office/explore3d/explore3d.component.ts[0m:[93m28[0m:[93m16[0m
    [7m28[0m   templateUrl: './explore3d.component.html',
    [7m  [0m [96m               ~~~~~~~~~~~~~~~~~~~~~~~~~~~~[0m
    Warning occurs in the template of component Explore3dComponent.


Warning: [96msrc/app/front-office/explore3d/explore3d.component.html[0m:[93m33[0m:[93m105[0m - [93mwarning[0m[90m NG8103: [0mNG8103: The `*ngIf` directive was used in 
the template, but neither the `NgIf` directive nor the `CommonModule` was imported. Use Angular's built-in control flow @if or make sure that either the `NgIf` directive or the 
`CommonModule` is included in the `@Component.imports` array of this component. Find more at https://v21.angular.dev/extended-diagnostics/NG8103

[7m33[0m       <button class="glass-btn cart-top-btn" (click)="showLibraryBrowser = true; libraryView = 'cart'" *ngIf="userId">
[7m  [0m [93m                                                                                                        ~~~~[0m

  [96msrc/app/front-office/explore3d/explore3d.component.ts[0m:[93m28[0m:[93m16[0m
    [7m28[0m   templateUrl: './explore3d.component.html',
    [7m  [0m [96m               ~~~~~~~~~~~~~~~~~~~~~~~~~~~~[0m
    Warning occurs in the template of component Explore3dComponent.


Warning: [96msrc/app/front-office/explore3d/explore3d.component.html[0m:[93m36[0m:[93m35[0m - [93mwarning[0m[90m NG8103: [0mNG8103: The `*ngIf` directive was used in 
the template, but neither the `NgIf` directive nor the `CommonModule` was imported. Use Angular's built-in control flow @if or make sure that either the `NgIf` directive or the 
`CommonModule` is included in the `@Component.imports` array of this component. Find more at https://v21.angular.dev/extended-diagnostics/NG8103

[7m36[0m         <span class="cart-badge" *ngIf="getCartItemCount() > 0">{{ getCartItemCount() }}</span>
[7m  [0m [93m                                  ~~~~[0m

  [96msrc/app/front-office/explore3d/explore3d.component.ts[0m:[93m28[0m:[93m16[0m
    [7m28[0m   templateUrl: './explore3d.component.html',
    [7m  [0m [96m               ~~~~~~~~~~~~~~~~~~~~~~~~~~~~[0m
    Warning occurs in the template of component Explore3dComponent.


Warning: [96msrc/app/front-office/explore3d/explore3d.component.html[0m:[93m48[0m:[93m8[0m - [93mwarning[0m[90m NG8103: [0mNG8103: The `*ngFor` directive was used in 
the template, but neither the `NgFor` directive nor the `CommonModule` was imported. Use Angular's built-in control flow @for or make sure that either the `NgFor` directive or 
the `CommonModule` is included in the `@Component.imports` array of this component. Find more at https://v21.angular.dev/extended-diagnostics/NG8103

[7m48[0m       *ngFor="let b of buildings"
[7m  [0m [93m       ~~~~~[0m

  [96msrc/app/front-office/explore3d/explore3d.component.ts[0m:[93m28[0m:[93m16[0m
    [7m28[0m   templateUrl: './explore3d.component.html',
    [7m  [0m [96m               ~~~~~~~~~~~~~~~~~~~~~~~~~~~~[0m
    Warning occurs in the template of component Explore3dComponent.


Warning: [96msrc/app/front-office/explore3d/explore3d.component.html[0m:[93m64[0m:[93m33[0m - [93mwarning[0m[90m NG8103: [0mNG8103: The `*ngIf` directive was used in 
the template, but neither the `NgIf` directive nor the `CommonModule` was imported. Use Angular's built-in control flow @if or make sure that either the `NgIf` directive or the 
`CommonModule` is included in the `@Component.imports` array of this component. Find more at https://v21.angular.dev/extended-diagnostics/NG8103

[7m64[0m   <div class="interact-prompt" *ngIf="interactPrompt && nearBuilding">
[7m  [0m [93m                                ~~~~[0m

  [96msrc/app/front-office/explore3d/explore3d.component.ts[0m:[93m28[0m:[93m16[0m
    [7m28[0m   templateUrl: './explore3d.component.html',
    [7m  [0m [96m               ~~~~~~~~~~~~~~~~~~~~~~~~~~~~[0m
    Warning occurs in the template of component Explore3dComponent.


Warning: [96msrc/app/front-office/explore3d/explore3d.component.html[0m:[93m82[0m:[93m33[0m - [93mwarning[0m[90m NG8103: [0mNG8103: The `*ngIf` directive was used in 
the template, but neither the `NgIf` directive nor the `CommonModule` was imported. Use Angular's built-in control flow @if or make sure that either the `NgIf` directive or the 
`CommonModule` is included in the `@Component.imports` array of this component. Find more at https://v21.angular.dev/extended-diagnostics/NG8103

[7m82[0m   <div class="library-overlay" *ngIf="showLibraryBrowser" (click)="closeLibraryBrowser()">
[7m  [0m [93m                                ~~~~[0m

  [96msrc/app/front-office/explore3d/explore3d.component.ts[0m:[93m28[0m:[93m16[0m
    [7m28[0m   templateUrl: './explore3d.component.html',
    [7m  [0m [96m               ~~~~~~~~~~~~~~~~~~~~~~~~~~~~[0m
    Warning occurs in the template of component Explore3dComponent.


Warning: [96msrc/app/front-office/explore3d/explore3d.component.html[0m:[93m99[0m:[93m38[0m - [93mwarning[0m[90m NG8103: [0mNG8103: The `*ngIf` directive was used in 
the template, but neither the `NgIf` directive nor the `CommonModule` was imported. Use Angular's built-in control flow @if or make sure that either the `NgIf` directive or the 
`CommonModule` is included in the `@Component.imports` array of this component. Find more at https://v21.angular.dev/extended-diagnostics/NG8103

[7m99[0m             <span class="tab-badge" *ngIf="getCartItemCount() > 0">{{ getCartItemCount() }}</span>
[7m  [0m [93m                                     ~~~~[0m

  [96msrc/app/front-office/explore3d/explore3d.component.ts[0m:[93m28[0m:[93m16[0m
    [7m28[0m   templateUrl: './explore3d.component.html',
    [7m  [0m [96m               ~~~~~~~~~~~~~~~~~~~~~~~~~~~~[0m
    Warning occurs in the template of component Explore3dComponent.


Warning: [96msrc/app/front-office/explore3d/explore3d.component.html[0m:[93m112[0m:[93m22[0m - [93mwarning[0m[90m NG8103: [0mNG8103: The `*ngIf` directive was used in 
the template, but neither the `NgIf` directive nor the `CommonModule` was imported. Use Angular's built-in control flow @if or make sure that either the `NgIf` directive or the 
`CommonModule` is included in the `@Component.imports` array of this component. Find more at https://v21.angular.dev/extended-diagnostics/NG8103

[7m112[0m       <ng-container *ngIf="libraryView === 'browse'">
[7m   [0m [93m                     ~~~~[0m

  [96msrc/app/front-office/explore3d/explore3d.component.ts[0m:[93m28[0m:[93m16[0m
    [7m28[0m   templateUrl: './explore3d.component.html',
    [7m  [0m [96m               ~~~~~~~~~~~~~~~~~~~~~~~~~~~~[0m
    Warning occurs in the template of component Explore3dComponent.


Warning: [96msrc/app/front-office/explore3d/explore3d.component.html[0m:[93m113[0m:[93m39[0m - [93mwarning[0m[90m NG8103: [0mNG8103: The `*ngIf` directive was used in 
the template, but neither the `NgIf` directive nor the `CommonModule` was imported. Use Angular's built-in control flow @if or make sure that either the `NgIf` directive or the 
`CommonModule` is included in the `@Component.imports` array of this component. Find more at https://v21.angular.dev/extended-diagnostics/NG8103

[7m113[0m         <div class="library-loading" *ngIf="libraryLoading">
[7m   [0m [93m                                      ~~~~[0m

  [96msrc/app/front-office/explore3d/explore3d.component.ts[0m:[93m28[0m:[93m16[0m
    [7m28[0m   templateUrl: './explore3d.component.html',
    [7m  [0m [96m               ~~~~~~~~~~~~~~~~~~~~~~~~~~~~[0m
    Warning occurs in the template of component Explore3dComponent.


Warning: [96msrc/app/front-office/explore3d/explore3d.component.html[0m:[93m118[0m:[93m36[0m - [93mwarning[0m[90m NG8103: [0mNG8103: The `*ngIf` directive was used in 
the template, but neither the `NgIf` directive nor the `CommonModule` was imported. Use Angular's built-in control flow @if or make sure that either the `NgIf` directive or the 
`CommonModule` is included in the `@Component.imports` array of this component. Find more at https://v21.angular.dev/extended-diagnostics/NG8103

[7m118[0m         <div class="library-grid" *ngIf="!libraryLoading">
[7m   [0m [93m                                   ~~~~[0m

  [96msrc/app/front-office/explore3d/explore3d.component.ts[0m:[93m28[0m:[93m16[0m
    [7m28[0m   templateUrl: './explore3d.component.html',
    [7m  [0m [96m               ~~~~~~~~~~~~~~~~~~~~~~~~~~~~[0m
    Warning occurs in the template of component Explore3dComponent.


Warning: [96msrc/app/front-office/explore3d/explore3d.component.html[0m:[93m119[0m:[93m38[0m - [93mwarning[0m[90m NG8103: [0mNG8103: The `*ngFor` directive was used in 
the template, but neither the `NgFor` directive nor the `CommonModule` was imported. Use Angular's built-in control flow @for or make sure that either the `NgFor` directive or 
the `CommonModule` is included in the `@Component.imports` array of this component. Find more at https://v21.angular.dev/extended-diagnostics/NG8103

[7m119[0m           <div class="library-card" *ngFor="let product of libraryProducts">
[7m   [0m [93m                                     ~~~~~[0m

  [96msrc/app/front-office/explore3d/explore3d.component.ts[0m:[93m28[0m:[93m16[0m
    [7m28[0m   templateUrl: './explore3d.component.html',
    [7m  [0m [96m               ~~~~~~~~~~~~~~~~~~~~~~~~~~~~[0m
    Warning occurs in the template of component Explore3dComponent.


Warning: [96msrc/app/front-office/explore3d/explore3d.component.html[0m:[93m121[0m:[93m21[0m - [93mwarning[0m[90m NG8103: [0mNG8103: The `*ngIf` directive was used in 
the template, but neither the `NgIf` directive nor the `CommonModule` was imported. Use Angular's built-in control flow @if or make sure that either the `NgIf` directive or the 
`CommonModule` is included in the `@Component.imports` array of this component. Find more at https://v21.angular.dev/extended-diagnostics/NG8103

[7m121[0m               <img *ngIf="product.coverImageUrl" [src]="product.coverImageUrl" [alt]="product.title" />
[7m   [0m [93m                    ~~~~[0m

  [96msrc/app/front-office/explore3d/explore3d.component.ts[0m:[93m28[0m:[93m16[0m
    [7m28[0m   templateUrl: './explore3d.component.html',
    [7m  [0m [96m               ~~~~~~~~~~~~~~~~~~~~~~~~~~~~[0m
    Warning occurs in the template of component Explore3dComponent.


Warning: [96msrc/app/front-office/explore3d/explore3d.component.html[0m:[93m122[0m:[93m21[0m - [93mwarning[0m[90m NG8103: [0mNG8103: The `*ngIf` directive was used in 
the template, but neither the `NgIf` directive nor the `CommonModule` was imported. Use Angular's built-in control flow @if or make sure that either the `NgIf` directive or the 
`CommonModule` is included in the `@Component.imports` array of this component. Find more at https://v21.angular.dev/extended-diagnostics/NG8103

[7m122[0m               <div *ngIf="!product.coverImageUrl" class="card-cover-placeholder">≡ƒôû</div>
[7m   [0m [93m                    ~~~~[0m

  [96msrc/app/front-office/explore3d/explore3d.component.ts[0m:[93m28[0m:[93m16[0m
    [7m28[0m   templateUrl: './explore3d.component.html',
    [7m  [0m [96m               ~~~~~~~~~~~~~~~~~~~~~~~~~~~~[0m
    Warning occurs in the template of component Explore3dComponent.


Warning: [96msrc/app/front-office/explore3d/explore3d.component.html[0m:[93m127[0m:[93m39[0m - [93mwarning[0m[90m NG8103: [0mNG8103: The `*ngIf` directive was used in 
the template, but neither the `NgIf` directive nor the `CommonModule` was imported. Use Angular's built-in control flow @if or make sure that either the `NgIf` directive or the 
`CommonModule` is included in the `@Component.imports` array of this component. Find more at https://v21.angular.dev/extended-diagnostics/NG8103

[7m127[0m               <p class="card-author" *ngIf="product.author">by {{ product.author }}</p>
[7m   [0m [93m                                      ~~~~[0m

  [96msrc/app/front-office/explore3d/explore3d.component.ts[0m:[93m28[0m:[93m16[0m
    [7m28[0m   templateUrl: './explore3d.component.html',
    [7m  [0m [96m               ~~~~~~~~~~~~~~~~~~~~~~~~~~~~[0m
    Warning occurs in the template of component Explore3dComponent.


Warning: [96msrc/app/front-office/explore3d/explore3d.component.html[0m:[93m131[0m:[93m45[0m - [93mwarning[0m[90m NG8103: [0mNG8103: The `*ngIf` directive was used in 
the template, but neither the `NgIf` directive nor the `CommonModule` was imported. Use Angular's built-in control flow @if or make sure that either the `NgIf` directive or the 
`CommonModule` is included in the `@Component.imports` array of this component. Find more at https://v21.angular.dev/extended-diagnostics/NG8103

[7m131[0m                   <span class="card-price" *ngIf="product.price">{{ product.price | number:'1.2-2' }} TND</span>
[7m   [0m [93m                                            ~~~~[0m

  [96msrc/app/front-office/explore3d/explore3d.component.ts[0m:[93m28[0m:[93m16[0m
    [7m28[0m   templateUrl: './explore3d.component.html',
    [7m  [0m [96m               ~~~~~~~~~~~~~~~~~~~~~~~~~~~~[0m
    Warning occurs in the template of component Explore3dComponent.


Warning: [96msrc/app/front-office/explore3d/explore3d.component.html[0m:[93m132[0m:[93m44[0m - [93mwarning[0m[90m NG8103: [0mNG8103: The `*ngIf` directive was used in 
the template, but neither the `NgIf` directive nor the `CommonModule` was imported. Use Angular's built-in control flow @if or make sure that either the `NgIf` directive or the 
`CommonModule` is included in the `@Component.imports` array of this component. Find more at https://v21.angular.dev/extended-diagnostics/NG8103

[7m132[0m                   <span class="card-free" *ngIf="!product.price">Free</span>
[7m   [0m [93m                                           ~~~~[0m

  [96msrc/app/front-office/explore3d/explore3d.component.ts[0m:[93m28[0m:[93m16[0m
    [7m28[0m   templateUrl: './explore3d.component.html',
    [7m  [0m [96m               ~~~~~~~~~~~~~~~~~~~~~~~~~~~~[0m
    Warning occurs in the template of component Explore3dComponent.


Warning: [96msrc/app/front-office/explore3d/explore3d.component.html[0m:[93m133[0m:[93m45[0m - [93mwarning[0m[90m NG8103: [0mNG8103: The `*ngIf` directive was used in 
the template, but neither the `NgIf` directive nor the `CommonModule` was imported. Use Angular's built-in control flow @if or make sure that either the `NgIf` directive or the 
`CommonModule` is included in the `@Component.imports` array of this component. Find more at https://v21.angular.dev/extended-diagnostics/NG8103

[7m133[0m                   <span class="card-stock" *ngIf="product.available" [class.low-stock]="product.lowStock">
[7m   [0m [93m                                            ~~~~[0m

  [96msrc/app/front-office/explore3d/explore3d.component.ts[0m:[93m28[0m:[93m16[0m
    [7m28[0m   templateUrl: './explore3d.component.html',
    [7m  [0m [96m               ~~~~~~~~~~~~~~~~~~~~~~~~~~~~[0m
    Warning occurs in the template of component Explore3dComponent.


Warning: [96msrc/app/front-office/explore3d/explore3d.component.html[0m:[93m143[0m:[93m34[0m - [93mwarning[0m[90m NG8103: [0mNG8103: The `*ngIf` directive was used in 
the template, but neither the `NgIf` directive nor the `CommonModule` was imported. Use Angular's built-in control flow @if or make sure that either the `NgIf` directive or the 
`CommonModule` is included in the `@Component.imports` array of this component. Find more at https://v21.angular.dev/extended-diagnostics/NG8103

[7m143[0m                   <ng-container *ngIf="addingToCart.has(product.id!)">ΓÅ│</ng-container>
[7m   [0m [93m                                 ~~~~[0m

  [96msrc/app/front-office/explore3d/explore3d.component.ts[0m:[93m28[0m:[93m16[0m
    [7m28[0m   templateUrl: './explore3d.component.html',
    [7m  [0m [96m               ~~~~~~~~~~~~~~~~~~~~~~~~~~~~[0m
    Warning occurs in the template of component Explore3dComponent.


Warning: [96msrc/app/front-office/explore3d/explore3d.component.html[0m:[93m144[0m:[93m34[0m - [93mwarning[0m[90m NG8103: [0mNG8103: The `*ngIf` directive was used in 
the template, but neither the `NgIf` directive nor the `CommonModule` was imported. Use Angular's built-in control flow @if or make sure that either the `NgIf` directive or the 
`CommonModule` is included in the `@Component.imports` array of this component. Find more at https://v21.angular.dev/extended-diagnostics/NG8103

[7m144[0m                   <ng-container *ngIf="isInCart(product.id) && !addingToCart.has(product.id!)">Γ£ô In Cart</ng-container>
[7m   [0m [93m                                 ~~~~[0m

  [96msrc/app/front-office/explore3d/explore3d.component.ts[0m:[93m28[0m:[93m16[0m
    [7m28[0m   templateUrl: './explore3d.component.html',
    [7m  [0m [96m               ~~~~~~~~~~~~~~~~~~~~~~~~~~~~[0m
    Warning occurs in the template of component Explore3dComponent.


Warning: [96msrc/app/front-office/explore3d/explore3d.component.html[0m:[93m145[0m:[93m34[0m - [93mwarning[0m[90m NG8103: [0mNG8103: The `*ngIf` directive was used in 
the template, but neither the `NgIf` directive nor the `CommonModule` was imported. Use Angular's built-in control flow @if or make sure that either the `NgIf` directive or the 
`CommonModule` is included in the `@Component.imports` array of this component. Find more at https://v21.angular.dev/extended-diagnostics/NG8103

[7m145[0m                   <ng-container *ngIf="!isInCart(product.id) && !addingToCart.has(product.id!)">
[7m   [0m [93m                                 ~~~~[0m

  [96msrc/app/front-office/explore3d/explore3d.component.ts[0m:[93m28[0m:[93m16[0m
    [7m28[0m   templateUrl: './explore3d.component.html',
    [7m  [0m [96m               ~~~~~~~~~~~~~~~~~~~~~~~~~~~~[0m
    Warning occurs in the template of component Explore3dComponent.


Warning: [96msrc/app/front-office/explore3d/explore3d.component.html[0m:[93m154[0m:[93m39[0m - [93mwarning[0m[90m NG8103: [0mNG8103: The `*ngIf` directive was used in 
the template, but neither the `NgIf` directive nor the `CommonModule` was imported. Use Angular's built-in control flow @if or make sure that either the `NgIf` directive or the 
`CommonModule` is included in the `@Component.imports` array of this component. Find more at https://v21.angular.dev/extended-diagnostics/NG8103

[7m154[0m           <div class="library-empty" *ngIf="libraryProducts.length === 0">
[7m   [0m [93m                                      ~~~~[0m

  [96msrc/app/front-office/explore3d/explore3d.component.ts[0m:[93m28[0m:[93m16[0m
    [7m28[0m   templateUrl: './explore3d.component.html',
    [7m  [0m [96m               ~~~~~~~~~~~~~~~~~~~~~~~~~~~~[0m
    Warning occurs in the template of component Explore3dComponent.


Warning: [96msrc/app/front-office/explore3d/explore3d.component.html[0m:[93m161[0m:[93m22[0m - [93mwarning[0m[90m NG8103: [0mNG8103: The `*ngIf` directive was used in 
the template, but neither the `NgIf` directive nor the `CommonModule` was imported. Use Angular's built-in control flow @if or make sure that either the `NgIf` directive or the 
`CommonModule` is included in the `@Component.imports` array of this component. Find more at https://v21.angular.dev/extended-diagnostics/NG8103

[7m161[0m       <ng-container *ngIf="libraryView === 'cart'">
[7m   [0m [93m                     ~~~~[0m

  [96msrc/app/front-office/explore3d/explore3d.component.ts[0m:[93m28[0m:[93m16[0m
    [7m28[0m   templateUrl: './explore3d.component.html',
    [7m  [0m [96m               ~~~~~~~~~~~~~~~~~~~~~~~~~~~~[0m
    Warning occurs in the template of component Explore3dComponent.


Warning: [96msrc/app/front-office/explore3d/explore3d.component.html[0m:[93m164[0m:[93m40[0m - [93mwarning[0m[90m NG8103: [0mNG8103: The `*ngIf` directive was used in 
the template, but neither the `NgIf` directive nor the `CommonModule` was imported. Use Angular's built-in control flow @if or make sure that either the `NgIf` directive or the 
`CommonModule` is included in the `@Component.imports` array of this component. Find more at https://v21.angular.dev/extended-diagnostics/NG8103

[7m164[0m         <div class="checkout-success" *ngIf="checkoutSuccess">
[7m   [0m [93m                                       ~~~~[0m

  [96msrc/app/front-office/explore3d/explore3d.component.ts[0m:[93m28[0m:[93m16[0m
    [7m28[0m   templateUrl: './explore3d.component.html',
    [7m  [0m [96m               ~~~~~~~~~~~~~~~~~~~~~~~~~~~~[0m
    Warning occurs in the template of component Explore3dComponent.


Warning: [96msrc/app/front-office/explore3d/explore3d.component.html[0m:[93m171[0m:[93m34[0m - [93mwarning[0m[90m NG8103: [0mNG8103: The `*ngIf` directive was used in 
the template, but neither the `NgIf` directive nor the `CommonModule` was imported. Use Angular's built-in control flow @if or make sure that either the `NgIf` directive or the 
`CommonModule` is included in the `@Component.imports` array of this component. Find more at https://v21.angular.dev/extended-diagnostics/NG8103

[7m171[0m         <div class="cart-empty" *ngIf="!checkoutSuccess && (!cart || cart.items.length === 0)">
[7m   [0m [93m                                 ~~~~[0m

  [96msrc/app/front-office/explore3d/explore3d.component.ts[0m:[93m28[0m:[93m16[0m
    [7m28[0m   templateUrl: './explore3d.component.html',
    [7m  [0m [96m               ~~~~~~~~~~~~~~~~~~~~~~~~~~~~[0m
    Warning occurs in the template of component Explore3dComponent.


Warning: [96msrc/app/front-office/explore3d/explore3d.component.html[0m:[93m178[0m:[93m34[0m - [93mwarning[0m[90m NG8103: [0mNG8103: The `*ngIf` directive was used in 
the template, but neither the `NgIf` directive nor the `CommonModule` was imported. Use Angular's built-in control flow @if or make sure that either the `NgIf` directive or the 
`CommonModule` is included in the `@Component.imports` array of this component. Find more at https://v21.angular.dev/extended-diagnostics/NG8103

[7m178[0m         <div class="cart-empty" *ngIf="!userId">
[7m   [0m [93m                                 ~~~~[0m

  [96msrc/app/front-office/explore3d/explore3d.component.ts[0m:[93m28[0m:[93m16[0m
    [7m28[0m   templateUrl: './explore3d.component.html',
    [7m  [0m [96m               ~~~~~~~~~~~~~~~~~~~~~~~~~~~~[0m
    Warning occurs in the template of component Explore3dComponent.


Warning: [96msrc/app/front-office/explore3d/explore3d.component.html[0m:[93m184[0m:[93m34[0m - [93mwarning[0m[90m NG8103: [0mNG8103: The `*ngIf` directive was used in 
the template, but neither the `NgIf` directive nor the `CommonModule` was imported. Use Angular's built-in control flow @if or make sure that either the `NgIf` directive or the 
`CommonModule` is included in the `@Component.imports` array of this component. Find more at https://v21.angular.dev/extended-diagnostics/NG8103

[7m184[0m         <div class="cart-panel" *ngIf="!checkoutSuccess && cart && cart.items.length > 0">
[7m   [0m [93m                                 ~~~~[0m

  [96msrc/app/front-office/explore3d/explore3d.component.ts[0m:[93m28[0m:[93m16[0m
    [7m28[0m   templateUrl: './explore3d.component.html',
    [7m  [0m [96m               ~~~~~~~~~~~~~~~~~~~~~~~~~~~~[0m
    Warning occurs in the template of component Explore3dComponent.


Warning: [96msrc/app/front-office/explore3d/explore3d.component.html[0m:[93m186[0m:[93m37[0m - [93mwarning[0m[90m NG8103: [0mNG8103: The `*ngFor` directive was used in 
the template, but neither the `NgFor` directive nor the `CommonModule` was imported. Use Angular's built-in control flow @for or make sure that either the `NgFor` directive or 
the `CommonModule` is included in the `@Component.imports` array of this component. Find more at https://v21.angular.dev/extended-diagnostics/NG8103

[7m186[0m             <div class="cart-item" *ngFor="let item of cart.items">
[7m   [0m [93m                                    ~~~~~[0m

  [96msrc/app/front-office/explore3d/explore3d.component.ts[0m:[93m28[0m:[93m16[0m
    [7m28[0m   templateUrl: './explore3d.component.html',
    [7m  [0m [96m               ~~~~~~~~~~~~~~~~~~~~~~~~~~~~[0m
    Warning occurs in the template of component Explore3dComponent.


Warning: [96msrc/app/front-office/explore3d/explore3d.component.html[0m:[93m188[0m:[93m23[0m - [93mwarning[0m[90m NG8103: [0mNG8103: The `*ngIf` directive was used in 
the template, but neither the `NgIf` directive nor the `CommonModule` was imported. Use Angular's built-in control flow @if or make sure that either the `NgIf` directive or the 
`CommonModule` is included in the `@Component.imports` array of this component. Find more at https://v21.angular.dev/extended-diagnostics/NG8103

[7m188[0m                 <img *ngIf="item.product.coverImageUrl" [src]="item.product.coverImageUrl" [alt]="item.product.title" />
[7m   [0m [93m                      ~~~~[0m

  [96msrc/app/front-office/explore3d/explore3d.component.ts[0m:[93m28[0m:[93m16[0m
    [7m28[0m   templateUrl: './explore3d.component.html',
    [7m  [0m [96m               ~~~~~~~~~~~~~~~~~~~~~~~~~~~~[0m
    Warning occurs in the template of component Explore3dComponent.


Warning: [96msrc/app/front-office/explore3d/explore3d.component.html[0m:[93m189[0m:[93m23[0m - [93mwarning[0m[90m NG8103: [0mNG8103: The `*ngIf` directive was used in 
the template, but neither the `NgIf` directive nor the `CommonModule` was imported. Use Angular's built-in control flow @if or make sure that either the `NgIf` directive or the 
`CommonModule` is included in the `@Component.imports` array of this component. Find more at https://v21.angular.dev/extended-diagnostics/NG8103

[7m189[0m                 <div *ngIf="!item.product.coverImageUrl" class="cart-cover-placeholder">≡ƒôû</div>
[7m   [0m [93m                      ~~~~[0m

  [96msrc/app/front-office/explore3d/explore3d.component.ts[0m:[93m28[0m:[93m16[0m
    [7m28[0m   templateUrl: './explore3d.component.html',
    [7m  [0m [96m               ~~~~~~~~~~~~~~~~~~~~~~~~~~~~[0m
    Warning occurs in the template of component Explore3dComponent.


Warning: [96msrc/app/front-office/explore3d/explore3d.component.html[0m:[93m212[0m:[93m30[0m - [93mwarning[0m[90m NG8103: [0mNG8103: The `*ngIf` directive was used in 
the template, but neither the `NgIf` directive nor the `CommonModule` was imported. Use Angular's built-in control flow @if or make sure that either the `NgIf` directive or the 
`CommonModule` is included in the `@Component.imports` array of this component. Find more at https://v21.angular.dev/extended-diagnostics/NG8103

[7m212[0m               <ng-container *ngIf="checkoutLoading">ProcessingΓÇª</ng-container>
[7m   [0m [93m                             ~~~~[0m

  [96msrc/app/front-office/explore3d/explore3d.component.ts[0m:[93m28[0m:[93m16[0m
    [7m28[0m   templateUrl: './explore3d.component.html',
    [7m  [0m [96m               ~~~~~~~~~~~~~~~~~~~~~~~~~~~~[0m
    Warning occurs in the template of component Explore3dComponent.


Warning: [96msrc/app/front-office/explore3d/explore3d.component.html[0m:[93m213[0m:[93m30[0m - [93mwarning[0m[90m NG8103: [0mNG8103: The `*ngIf` directive was used in 
the template, but neither the `NgIf` directive nor the `CommonModule` was imported. Use Angular's built-in control flow @if or make sure that either the `NgIf` directive or the 
`CommonModule` is included in the `@Component.imports` array of this component. Find more at https://v21.angular.dev/extended-diagnostics/NG8103

[7m213[0m               <ng-container *ngIf="!checkoutLoading">
[7m   [0m [93m                             ~~~~[0m

  [96msrc/app/front-office/explore3d/explore3d.component.ts[0m:[93m28[0m:[93m16[0m
    [7m28[0m   templateUrl: './explore3d.component.html',
    [7m  [0m [96m               ~~~~~~~~~~~~~~~~~~~~~~~~~~~~[0m
    Warning occurs in the template of component Explore3dComponent.


Warning: [96msrc/app/front-office/learner-assessment/learner-assessment.component.html[0m:[93m13[0m:[93m11[0m - [93mwarning[0m[90m NG8103: [0mNG8103: The `*ngIf` 
directive was used in the template, but neither the `NgIf` directive nor the `CommonModule` was imported. Use Angular's built-in control flow @if or make sure that either the 
`NgIf` directive or the `CommonModule` is included in the `@Component.imports` array of this component. Find more at https://v21.angular.dev/extended-diagnostics/NG8103

[7m13[0m     <div *ngIf="currentView === 'list'" class="fade-in">
[7m  [0m [93m          ~~~~[0m

  [96msrc/app/front-office/learner-assessment/learner-assessment.component.ts[0m:[93m8[0m:[93m16[0m
    [7m8[0m   templateUrl: './learner-assessment.component.html',
    [7m [0m [96m               ~~~~~~~~~~~~~~~~~~~~~~~~~~~~~~~~~~~~~[0m
    Warning occurs in the template of component LearnerAssessmentComponent.


Warning: [96msrc/app/front-office/learner-assessment/learner-assessment.component.html[0m:[93m16[0m:[93m47[0m - [93mwarning[0m[90m NG8103: [0mNG8103: The `*ngFor` 
directive was used in the template, but neither the `NgFor` directive nor the `CommonModule` was imported. Use Angular's built-in control flow @for or make sure that either the 
`NgFor` directive or the `CommonModule` is included in the `@Component.imports` array of this component. Find more at https://v21.angular.dev/extended-diagnostics/NG8103

[7m16[0m         <article class="exam-card shadow-sm" *ngFor="let a of assessments">
[7m  [0m [93m                                              ~~~~~[0m

  [96msrc/app/front-office/learner-assessment/learner-assessment.component.ts[0m:[93m8[0m:[93m16[0m
    [7m8[0m   templateUrl: './learner-assessment.component.html',
    [7m [0m [96m               ~~~~~~~~~~~~~~~~~~~~~~~~~~~~~~~~~~~~~[0m
    Warning occurs in the template of component LearnerAssessmentComponent.


Warning: [96msrc/app/front-office/learner-assessment/learner-assessment.component.html[0m:[93m37[0m:[93m11[0m - [93mwarning[0m[90m NG8103: [0mNG8103: The `*ngIf` 
directive was used in the template, but neither the `NgIf` directive nor the `CommonModule` was imported. Use Angular's built-in control flow @if or make sure that either the 
`NgIf` directive or the `CommonModule` is included in the `@Component.imports` array of this component. Find more at https://v21.angular.dev/extended-diagnostics/NG8103

[7m37[0m     <div *ngIf="currentView === 'taking'" class="quiz-container fade-in">
[7m  [0m [93m          ~~~~[0m

  [96msrc/app/front-office/learner-assessment/learner-assessment.component.ts[0m:[93m8[0m:[93m16[0m
    [7m8[0m   templateUrl: './learner-assessment.component.html',
    [7m [0m [96m               ~~~~~~~~~~~~~~~~~~~~~~~~~~~~~~~~~~~~~[0m
    Warning occurs in the template of component LearnerAssessmentComponent.


Warning: [96msrc/app/front-office/learner-assessment/learner-assessment.component.html[0m:[93m52[0m:[93m13[0m - [93mwarning[0m[90m NG8103: [0mNG8103: The `*ngIf` 
directive was used in the template, but neither the `NgIf` directive nor the `CommonModule` was imported. Use Angular's built-in control flow @if or make sure that either the 
`NgIf` directive or the `CommonModule` is included in the `@Component.imports` array of this component. Find more at https://v21.angular.dev/extended-diagnostics/NG8103

[7m52[0m            *ngIf="!loading && getQuestionsArray()[currentQuestionIndex] as q">
[7m  [0m [93m            ~~~~[0m

  [96msrc/app/front-office/learner-assessment/learner-assessment.component.ts[0m:[93m8[0m:[93m16[0m
    [7m8[0m   templateUrl: './learner-assessment.component.html',
    [7m [0m [96m               ~~~~~~~~~~~~~~~~~~~~~~~~~~~~~~~~~~~~~[0m
    Warning occurs in the template of component LearnerAssessmentComponent.


Warning: [96msrc/app/front-office/learner-assessment/learner-assessment.component.html[0m:[93m65[0m:[93m17[0m - [93mwarning[0m[90m NG8103: [0mNG8103: The `*ngFor` 
directive was used in the template, but neither the `NgFor` directive nor the `CommonModule` was imported. Use Angular's built-in control flow @for or make sure that either the 
`NgFor` directive or the `CommonModule` is included in the `@Component.imports` array of this component. Find more at https://v21.angular.dev/extended-diagnostics/NG8103

[7m65[0m           <div *ngFor="let opt of q.options || q.choices || q.answers"
[7m  [0m [93m                ~~~~~[0m

  [96msrc/app/front-office/learner-assessment/learner-assessment.component.ts[0m:[93m8[0m:[93m16[0m
    [7m8[0m   templateUrl: './learner-assessment.component.html',
    [7m [0m [96m               ~~~~~~~~~~~~~~~~~~~~~~~~~~~~~~~~~~~~~[0m
    Warning occurs in the template of component LearnerAssessmentComponent.


Warning: [96msrc/app/front-office/learner-assessment/learner-assessment.component.html[0m:[93m81[0m:[93m20[0m - [93mwarning[0m[90m NG8103: [0mNG8103: The `*ngIf` 
directive was used in the template, but neither the `NgIf` directive nor the `CommonModule` was imported. Use Angular's built-in control flow @if or make sure that either the 
`NgIf` directive or the `CommonModule` is included in the `@Component.imports` array of this component. Find more at https://v21.angular.dev/extended-diagnostics/NG8103

[7m81[0m                   *ngIf="currentQuestionIndex < getQuestionsArray().length - 1"
[7m  [0m [93m                   ~~~~[0m

  [96msrc/app/front-office/learner-assessment/learner-assessment.component.ts[0m:[93m8[0m:[93m16[0m
    [7m8[0m   templateUrl: './learner-assessment.component.html',
    [7m [0m [96m               ~~~~~~~~~~~~~~~~~~~~~~~~~~~~~~~~~~~~~[0m
    Warning occurs in the template of component LearnerAssessmentComponent.


Warning: [96msrc/app/front-office/learner-assessment/learner-assessment.component.html[0m:[93m85[0m:[93m20[0m - [93mwarning[0m[90m NG8103: [0mNG8103: The `*ngIf` 
directive was used in the template, but neither the `NgIf` directive nor the `CommonModule` was imported. Use Angular's built-in control flow @if or make sure that either the 
`NgIf` directive or the `CommonModule` is included in the `@Component.imports` array of this component. Find more at https://v21.angular.dev/extended-diagnostics/NG8103

[7m85[0m                   *ngIf="currentQuestionIndex === getQuestionsArray().length - 1"
[7m  [0m [93m                   ~~~~[0m

  [96msrc/app/front-office/learner-assessment/learner-assessment.component.ts[0m:[93m8[0m:[93m16[0m
    [7m8[0m   templateUrl: './learner-assessment.component.html',
    [7m [0m [96m               ~~~~~~~~~~~~~~~~~~~~~~~~~~~~~~~~~~~~~[0m
    Warning occurs in the template of component LearnerAssessmentComponent.


Warning: [96msrc/app/front-office/learner-assessment/learner-assessment.component.html[0m:[93m94[0m:[93m11[0m - [93mwarning[0m[90m NG8103: [0mNG8103: The `*ngIf` 
directive was used in the template, but neither the `NgIf` directive nor the `CommonModule` was imported. Use Angular's built-in control flow @if or make sure that either the 
`NgIf` directive or the `CommonModule` is included in the `@Component.imports` array of this component. Find more at https://v21.angular.dev/extended-diagnostics/NG8103

[7m94[0m     <div *ngIf="currentView === 'result'" class="result-view fade-in text-center">
[7m  [0m [93m          ~~~~[0m

  [96msrc/app/front-office/learner-assessment/learner-assessment.component.ts[0m:[93m8[0m:[93m16[0m
    [7m8[0m   templateUrl: './learner-assessment.component.html',
    [7m [0m [96m               ~~~~~~~~~~~~~~~~~~~~~~~~~~~~~~~~~~~~~[0m
    Warning occurs in the template of component LearnerAssessmentComponent.


Warning: [96msrc/app/front-office/learner-assessment/learner-assessment.component.html[0m:[93m99[0m:[93m15[0m - [93mwarning[0m[90m NG8103: [0mNG8103: The `*ngIf` 
directive was used in the template, but neither the `NgIf` directive nor the `CommonModule` was imported. Use Angular's built-in control flow @if or make sure that either the 
`NgIf` directive or the `CommonModule` is included in the `@Component.imports` array of this component. Find more at https://v21.angular.dev/extended-diagnostics/NG8103

[7m99[0m           <i *ngIf="isCheated" class="bi bi-shield-slash-fill text-danger" style="font-size: 5rem;"></i>
[7m  [0m [93m              ~~~~[0m

  [96msrc/app/front-office/learner-assessment/learner-assessment.component.ts[0m:[93m8[0m:[93m16[0m
    [7m8[0m   templateUrl: './learner-assessment.component.html',
    [7m [0m [96m               ~~~~~~~~~~~~~~~~~~~~~~~~~~~~~~~~~~~~~[0m
    Warning occurs in the template of component LearnerAssessmentComponent.


Warning: [96msrc/app/front-office/learner-assessment/learner-assessment.component.html[0m:[93m100[0m:[93m26[0m - [93mwarning[0m[90m NG8103: [0mNG8103: The `*ngIf` 
directive was used in the template, but neither the `NgIf` directive nor the `CommonModule` was imported. Use Angular's built-in control flow @if or make sure that either the 
`NgIf` directive or the `CommonModule` is included in the `@Component.imports` array of this component. Find more at https://v21.angular.dev/extended-diagnostics/NG8103

[7m100[0m           <ng-container *ngIf="!isCheated">
[7m   [0m [93m                         ~~~~[0m

  [96msrc/app/front-office/learner-assessment/learner-assessment.component.ts[0m:[93m8[0m:[93m16[0m
    [7m8[0m   templateUrl: './learner-assessment.component.html',
    [7m [0m [96m               ~~~~~~~~~~~~~~~~~~~~~~~~~~~~~~~~~~~~~[0m
    Warning occurs in the template of component LearnerAssessmentComponent.


Warning: [96msrc/app/front-office/learner-assessment/learner-assessment.component.html[0m:[93m101[0m:[93m17[0m - [93mwarning[0m[90m NG8103: [0mNG8103: The `*ngIf` 
directive was used in the template, but neither the `NgIf` directive nor the `CommonModule` was imported. Use Angular's built-in control flow @if or make sure that either the 
`NgIf` directive or the `CommonModule` is included in the `@Component.imports` array of this component. Find more at https://v21.angular.dev/extended-diagnostics/NG8103

[7m101[0m             <i *ngIf="hasPassed" class="bi bi-check-circle-fill text-success" style="font-size: 5rem;"></i>
[7m   [0m [93m                ~~~~[0m

  [96msrc/app/front-office/learner-assessment/learner-assessment.component.ts[0m:[93m8[0m:[93m16[0m
    [7m8[0m   templateUrl: './learner-assessment.component.html',
    [7m [0m [96m               ~~~~~~~~~~~~~~~~~~~~~~~~~~~~~~~~~~~~~[0m
    Warning occurs in the template of component LearnerAssessmentComponent.


Warning: [96msrc/app/front-office/learner-assessment/learner-assessment.component.html[0m:[93m102[0m:[93m17[0m - [93mwarning[0m[90m NG8103: [0mNG8103: The `*ngIf` 
directive was used in the template, but neither the `NgIf` directive nor the `CommonModule` was imported. Use Angular's built-in control flow @if or make sure that either the 
`NgIf` directive or the `CommonModule` is included in the `@Component.imports` array of this component. Find more at https://v21.angular.dev/extended-diagnostics/NG8103

[7m102[0m             <i *ngIf="!hasPassed" class="bi bi-exclamation-triangle-fill text-danger" style="font-size: 5rem;"></i>
[7m   [0m [93m                ~~~~[0m

  [96msrc/app/front-office/learner-assessment/learner-assessment.component.ts[0m:[93m8[0m:[93m16[0m
    [7m8[0m   templateUrl: './learner-assessment.component.html',
    [7m [0m [96m               ~~~~~~~~~~~~~~~~~~~~~~~~~~~~~~~~~~~~~[0m
    Warning occurs in the template of component LearnerAssessmentComponent.


Warning: [96msrc/app/front-office/learner-assessment/learner-assessment.component.html[0m:[93m121[0m:[93m72[0m - [93mwarning[0m[90m NG8103: [0mNG8103: The `*ngIf` 
directive was used in the template, but neither the `NgIf` directive nor the `CommonModule` was imported. Use Angular's built-in control flow @if or make sure that either the 
`NgIf` directive or the `CommonModule` is included in the `@Component.imports` array of this component. Find more at https://v21.angular.dev/extended-diagnostics/NG8103

[7m121[0m         <div class="d-flex justify-content-center gap-4 mb-4 fw-bold" *ngIf="!isCheated">
[7m   [0m [93m                                                                       ~~~~[0m

  [96msrc/app/front-office/learner-assessment/learner-assessment.component.ts[0m:[93m8[0m:[93m16[0m
    [7m8[0m   templateUrl: './learner-assessment.component.html',
    [7m [0m [96m               ~~~~~~~~~~~~~~~~~~~~~~~~~~~~~~~~~~~~~[0m
    Warning occurs in the template of component LearnerAssessmentComponent.


Warning: [96msrc/app/front-office/learner-assessment/learner-assessment.component.html[0m:[93m133[0m:[93m20[0m - [93mwarning[0m[90m NG8103: [0mNG8103: The `*ngIf` 
directive was used in the template, but neither the `NgIf` directive nor the `CommonModule` was imported. Use Angular's built-in control flow @if or make sure that either the 
`NgIf` directive or the `CommonModule` is included in the `@Component.imports` array of this component. Find more at https://v21.angular.dev/extended-diagnostics/NG8103

[7m133[0m           <button *ngIf="!isCheated" class="btn btn-primary btn-lg rounded-pill shadow-sm" (click)="goToReview()">
[7m   [0m [93m                   ~~~~[0m

  [96msrc/app/front-office/learner-assessment/learner-assessment.component.ts[0m:[93m8[0m:[93m16[0m
    [7m8[0m   templateUrl: './learner-assessment.component.html',
    [7m [0m [96m               ~~~~~~~~~~~~~~~~~~~~~~~~~~~~~~~~~~~~~[0m
    Warning occurs in the template of component LearnerAssessmentComponent.


Warning: [96msrc/app/front-office/learner-assessment/learner-assessment.component.html[0m:[93m142[0m:[93m11[0m - [93mwarning[0m[90m NG8103: [0mNG8103: The `*ngIf` 
directive was used in the template, but neither the `NgIf` directive nor the `CommonModule` was imported. Use Angular's built-in control flow @if or make sure that either the 
`NgIf` directive or the `CommonModule` is included in the `@Component.imports` array of this component. Find more at https://v21.angular.dev/extended-diagnostics/NG8103

[7m142[0m     <div *ngIf="currentView === 'review'" class="review-view fade-in">
[7m   [0m [93m          ~~~~[0m

  [96msrc/app/front-office/learner-assessment/learner-assessment.component.ts[0m:[93m8[0m:[93m16[0m
    [7m8[0m   templateUrl: './learner-assessment.component.html',
    [7m [0m [96m               ~~~~~~~~~~~~~~~~~~~~~~~~~~~~~~~~~~~~~[0m
    Warning occurs in the template of component LearnerAssessmentComponent.


Warning: [96msrc/app/front-office/learner-assessment/learner-assessment.component.html[0m:[93m149[0m:[93m13[0m - [93mwarning[0m[90m NG8103: [0mNG8103: The `*ngIf` 
directive was used in the template, but neither the `NgIf` directive nor the `CommonModule` was imported. Use Angular's built-in control flow @if or make sure that either the 
`NgIf` directive or the `CommonModule` is included in the `@Component.imports` array of this component. Find more at https://v21.angular.dev/extended-diagnostics/NG8103

[7m149[0m            *ngIf="getQuestionsArray()[currentQuestionIndex] as q">
[7m   [0m [93m            ~~~~[0m

  [96msrc/app/front-office/learner-assessment/learner-assessment.component.ts[0m:[93m8[0m:[93m16[0m
    [7m8[0m   templateUrl: './learner-assessment.component.html',
    [7m [0m [96m               ~~~~~~~~~~~~~~~~~~~~~~~~~~~~~~~~~~~~~[0m
    Warning occurs in the template of component LearnerAssessmentComponent.


Warning: [96msrc/app/front-office/learner-assessment/learner-assessment.component.html[0m:[93m160[0m:[93m17[0m - [93mwarning[0m[90m NG8103: [0mNG8103: The `*ngFor` 
directive was used in the template, but neither the `NgFor` directive nor the `CommonModule` was imported. Use Angular's built-in control flow @for or make sure that either the 
`NgFor` directive or the `CommonModule` is included in the `@Component.imports` array of this component. Find more at https://v21.angular.dev/extended-diagnostics/NG8103

[7m160[0m           <div *ngFor="let opt of q.options || q.choices || q.answers"
[7m   [0m [93m                ~~~~~[0m

  [96msrc/app/front-office/learner-assessment/learner-assessment.component.ts[0m:[93m8[0m:[93m16[0m
    [7m8[0m   templateUrl: './learner-assessment.component.html',
    [7m [0m [96m               ~~~~~~~~~~~~~~~~~~~~~~~~~~~~~~~~~~~~~[0m
    Warning occurs in the template of component LearnerAssessmentComponent.


Warning: [96msrc/app/front-office/learner-assessment/learner-assessment.component.html[0m:[93m170[0m:[93m24[0m - [93mwarning[0m[90m NG8103: [0mNG8103: The `*ngIf` 
directive was used in the template, but neither the `NgIf` directive nor the `CommonModule` was imported. Use Angular's built-in control flow @if or make sure that either the 
`NgIf` directive or the `CommonModule` is included in the `@Component.imports` array of this component. Find more at https://v21.angular.dev/extended-diagnostics/NG8103

[7m170[0m                 <span *ngIf="opt.isCorrect" class="badge bg-success rounded-pill ms-2">Correct Answer</span>
[7m   [0m [93m                       ~~~~[0m

  [96msrc/app/front-office/learner-assessment/learner-assessment.component.ts[0m:[93m8[0m:[93m16[0m
    [7m8[0m   templateUrl: './learner-assessment.component.html',
    [7m [0m [96m               ~~~~~~~~~~~~~~~~~~~~~~~~~~~~~~~~~~~~~[0m
    Warning occurs in the template of component LearnerAssessmentComponent.


Warning: [96msrc/app/front-office/learner-assessment/learner-assessment.component.html[0m:[93m171[0m:[93m24[0m - [93mwarning[0m[90m NG8103: [0mNG8103: The `*ngIf` 
directive was used in the template, but neither the `NgIf` directive nor the `CommonModule` was imported. Use Angular's built-in control flow @if or make sure that either the 
`NgIf` directive or the `CommonModule` is included in the `@Component.imports` array of this component. Find more at https://v21.angular.dev/extended-diagnostics/NG8103

[7m171[0m                 <span *ngIf="userAnswers[q.id] === opt.id && !opt.isCorrect" class="badge bg-danger rounded-pill ms-2">Your choice (Wrong)</span>
[7m   [0m [93m                       ~~~~[0m

  [96msrc/app/front-office/learner-assessment/learner-assessment.component.ts[0m:[93m8[0m:[93m16[0m
    [7m8[0m   templateUrl: './learner-assessment.component.html',
    [7m [0m [96m               ~~~~~~~~~~~~~~~~~~~~~~~~~~~~~~~~~~~~~[0m
    Warning occurs in the template of component LearnerAssessmentComponent.


Warning: [96msrc/app/front-office/learner-assessment/learner-assessment.component.html[0m:[93m172[0m:[93m24[0m - [93mwarning[0m[90m NG8103: [0mNG8103: The `*ngIf` 
directive was used in the template, but neither the `NgIf` directive nor the `CommonModule` was imported. Use Angular's built-in control flow @if or make sure that either the 
`NgIf` directive or the `CommonModule` is included in the `@Component.imports` array of this component. Find more at https://v21.angular.dev/extended-diagnostics/NG8103

[7m172[0m                 <span *ngIf="userAnswers[q.id] === opt.id && opt.isCorrect" class="badge bg-success rounded-pill ms-2">Your choice (Correct!)</span>
[7m   [0m [93m                       ~~~~[0m

  [96msrc/app/front-office/learner-assessment/learner-assessment.component.ts[0m:[93m8[0m:[93m16[0m
    [7m8[0m   templateUrl: './learner-assessment.component.html',
    [7m [0m [96m               ~~~~~~~~~~~~~~~~~~~~~~~~~~~~~~~~~~~~~[0m
    Warning occurs in the template of component LearnerAssessmentComponent.


Warning: [96msrc/app/front-office/learner-assessment/learner-assessment.component.html[0m:[93m182[0m:[93m20[0m - [93mwarning[0m[90m NG8103: [0mNG8103: The `*ngIf` 
directive was used in the template, but neither the `NgIf` directive nor the `CommonModule` was imported. Use Angular's built-in control flow @if or make sure that either the 
`NgIf` directive or the `CommonModule` is included in the `@Component.imports` array of this component. Find more at https://v21.angular.dev/extended-diagnostics/NG8103

[7m182[0m                   *ngIf="currentQuestionIndex < getQuestionsArray().length - 1"
[7m   [0m [93m                   ~~~~[0m

  [96msrc/app/front-office/learner-assessment/learner-assessment.component.ts[0m:[93m8[0m:[93m16[0m
    [7m8[0m   templateUrl: './learner-assessment.component.html',
    [7m [0m [96m               ~~~~~~~~~~~~~~~~~~~~~~~~~~~~~~~~~~~~~[0m
    Warning occurs in the template of component LearnerAssessmentComponent.


Warning: [96msrc/app/front-office/learner-certificates/learner-certificates.component.html[0m:[93m16[0m:[93m18[0m - [93mwarning[0m[90m NG8103: [0mNG8103: The `*ngIf` 
directive was used in the template, but neither the `NgIf` directive nor the `CommonModule` was imported. Use Angular's built-in control flow @if or make sure that either the 
`NgIf` directive or the `CommonModule` is included in the `@Component.imports` array of this component. Find more at https://v21.angular.dev/extended-diagnostics/NG8103

[7m16[0m         <button *ngIf="myCertificates.length > 1" (click)="downloadAllCertificates()" class="btn btn-dark rounded-pill px-4 shadow-sm">
[7m  [0m [93m                 ~~~~[0m

  [96msrc/app/front-office/learner-certificates/learner-certificates.component.ts[0m:[93m13[0m:[93m16[0m
    [7m13[0m   templateUrl: './learner-certificates.component.html',
    [7m  [0m [96m               ~~~~~~~~~~~~~~~~~~~~~~~~~~~~~~~~~~~~~~~[0m
    Warning occurs in the template of component LearnerCertificatesComponent.


Warning: [96msrc/app/front-office/learner-certificates/learner-certificates.component.html[0m:[93m30[0m:[93m45[0m - [93mwarning[0m[90m NG8103: [0mNG8103: The `*ngIf` 
directive was used in the template, but neither the `NgIf` directive nor the `CommonModule` was imported. Use Angular's built-in control flow @if or make sure that either the 
`NgIf` directive or the `CommonModule` is included in the `@Component.imports` array of this component. Find more at https://v21.angular.dev/extended-diagnostics/NG8103

[7m30[0m     <div class="search-bar-container mb-4" *ngIf="myCertificates.length > 0">
[7m  [0m [93m                                            ~~~~[0m

  [96msrc/app/front-office/learner-certificates/learner-certificates.component.ts[0m:[93m13[0m:[93m16[0m
    [7m13[0m   templateUrl: './learner-certificates.component.html',
    [7m  [0m [96m               ~~~~~~~~~~~~~~~~~~~~~~~~~~~~~~~~~~~~~~~[0m
    Warning occurs in the template of component LearnerCertificatesComponent.


Warning: [96msrc/app/front-office/learner-certificates/learner-certificates.component.html[0m:[93m39[0m:[93m11[0m - [93mwarning[0m[90m NG8103: [0mNG8103: The `*ngIf` 
directive was used in the template, but neither the `NgIf` directive nor the `CommonModule` was imported. Use Angular's built-in control flow @if or make sure that either the 
`NgIf` directive or the `CommonModule` is included in the `@Component.imports` array of this component. Find more at https://v21.angular.dev/extended-diagnostics/NG8103

[7m39[0m     <div *ngIf="loading" class="loader-container py-5 text-center">
[7m  [0m [93m          ~~~~[0m

  [96msrc/app/front-office/learner-certificates/learner-certificates.component.ts[0m:[93m13[0m:[93m16[0m
    [7m13[0m   templateUrl: './learner-certificates.component.html',
    [7m  [0m [96m               ~~~~~~~~~~~~~~~~~~~~~~~~~~~~~~~~~~~~~~~[0m
    Warning occurs in the template of component LearnerCertificatesComponent.


Warning: [96msrc/app/front-office/learner-certificates/learner-certificates.component.html[0m:[93m45[0m:[93m11[0m - [93mwarning[0m[90m NG8103: [0mNG8103: The `*ngIf` 
directive was used in the template, but neither the `NgIf` directive nor the `CommonModule` was imported. Use Angular's built-in control flow @if or make sure that either the 
`NgIf` directive or the `CommonModule` is included in the `@Component.imports` array of this component. Find more at https://v21.angular.dev/extended-diagnostics/NG8103

[7m45[0m     <div *ngIf="!loading && myCertificates.length === 0" class="empty-state-card shadow-sm text-center py-5">
[7m  [0m [93m          ~~~~[0m

  [96msrc/app/front-office/learner-certificates/learner-certificates.component.ts[0m:[93m13[0m:[93m16[0m
    [7m13[0m   templateUrl: './learner-certificates.component.html',
    [7m  [0m [96m               ~~~~~~~~~~~~~~~~~~~~~~~~~~~~~~~~~~~~~~~[0m
    Warning occurs in the template of component LearnerCertificatesComponent.


Warning: [96msrc/app/front-office/learner-certificates/learner-certificates.component.html[0m:[93m55[0m:[93m29[0m - [93mwarning[0m[90m NG8103: [0mNG8103: The `*ngIf` 
directive was used in the template, but neither the `NgIf` directive nor the `CommonModule` was imported. Use Angular's built-in control flow @if or make sure that either the 
`NgIf` directive or the `CommonModule` is included in the `@Component.imports` array of this component. Find more at https://v21.angular.dev/extended-diagnostics/NG8103

[7m55[0m     <div class="cert-grid" *ngIf="!loading && filteredCertificates.length > 0">
[7m  [0m [93m                            ~~~~[0m

  [96msrc/app/front-office/learner-certificates/learner-certificates.component.ts[0m:[93m13[0m:[93m16[0m
    [7m13[0m   templateUrl: './learner-certificates.component.html',
    [7m  [0m [96m               ~~~~~~~~~~~~~~~~~~~~~~~~~~~~~~~~~~~~~~~[0m
    Warning occurs in the template of component LearnerCertificatesComponent.


Warning: [96msrc/app/front-office/learner-certificates/learner-certificates.component.html[0m:[93m56[0m:[93m63[0m - [93mwarning[0m[90m NG8103: [0mNG8103: The `*ngFor` 
directive was used in the template, but neither the `NgFor` directive nor the `CommonModule` was imported. Use Angular's built-in control flow @for or make sure that either the 
`NgFor` directive or the `CommonModule` is included in the `@Component.imports` array of this component. Find more at https://v21.angular.dev/extended-diagnostics/NG8103

[7m56[0m       <div class="credential-card shadow-lg animate-fade-in" *ngFor="let cert of filteredCertificates">
[7m  [0m [93m                                                              ~~~~~[0m

  [96msrc/app/front-office/learner-certificates/learner-certificates.component.ts[0m:[93m13[0m:[93m16[0m
    [7m13[0m   templateUrl: './learner-certificates.component.html',
    [7m  [0m [96m               ~~~~~~~~~~~~~~~~~~~~~~~~~~~~~~~~~~~~~~~[0m
    Warning occurs in the template of component LearnerCertificatesComponent.


Warning: [96msrc/app/front-office/learner-certificates/learner-certificates.component.html[0m:[93m97[0m:[93m106[0m - [93mwarning[0m[90m NG8103: [0mNG8103: The `*ngIf` 
directive was used in the template, but neither the `NgIf` directive nor the `CommonModule` was imported. Use Angular's built-in control flow @if or make sure that either the 
`NgIf` directive or the `CommonModule` is included in the `@Component.imports` array of this component. Find more at https://v21.angular.dev/extended-diagnostics/NG8103

[7m97[0m     <div class="ai-suggestion-banner mt-5 p-4 rounded-4 shadow-sm border-start border-5 border-warning" *ngIf="!loading && myCertificates.length > 0">
[7m  [0m [93m                                                                                                         ~~~~[0m

  [96msrc/app/front-office/learner-certificates/learner-certificates.component.ts[0m:[93m13[0m:[93m16[0m
    [7m13[0m   templateUrl: './learner-certificates.component.html',
    [7m  [0m [96m               ~~~~~~~~~~~~~~~~~~~~~~~~~~~~~~~~~~~~~~~[0m
    Warning occurs in the template of component LearnerCertificatesComponent.


Warning: [96msrc/app/front-office/my-borrows/my-borrows.component.html[0m:[93m14[0m:[93m11[0m - [93mwarning[0m[90m NG8103: [0mNG8103: The `*ngIf` directive was used in 
the template, but neither the `NgIf` directive nor the `CommonModule` was imported. Use Angular's built-in control flow @if or make sure that either the `NgIf` directive or the 
`CommonModule` is included in the `@Component.imports` array of this component. Find more at https://v21.angular.dev/extended-diagnostics/NG8103

[7m14[0m     <div *ngIf="successMsg" class="alert alert-success">{{ successMsg }}</div>
[7m  [0m [93m          ~~~~[0m

  [96msrc/app/front-office/my-borrows/my-borrows.component.ts[0m:[93m7[0m:[93m16[0m
    [7m7[0m   templateUrl: './my-borrows.component.html',
    [7m [0m [96m               ~~~~~~~~~~~~~~~~~~~~~~~~~~~~~[0m
    Warning occurs in the template of component MyBorrowsComponent.


Warning: [96msrc/app/front-office/my-borrows/my-borrows.component.html[0m:[93m15[0m:[93m11[0m - [93mwarning[0m[90m NG8103: [0mNG8103: The `*ngIf` directive was used in 
the template, but neither the `NgIf` directive nor the `CommonModule` was imported. Use Angular's built-in control flow @if or make sure that either the `NgIf` directive or the 
`CommonModule` is included in the `@Component.imports` array of this component. Find more at https://v21.angular.dev/extended-diagnostics/NG8103

[7m15[0m     <div *ngIf="error" class="alert alert-error">{{ error }}</div>
[7m  [0m [93m          ~~~~[0m

  [96msrc/app/front-office/my-borrows/my-borrows.component.ts[0m:[93m7[0m:[93m16[0m
    [7m7[0m   templateUrl: './my-borrows.component.html',
    [7m [0m [96m               ~~~~~~~~~~~~~~~~~~~~~~~~~~~~~[0m
    Warning occurs in the template of component MyBorrowsComponent.


Warning: [96msrc/app/front-office/my-borrows/my-borrows.component.html[0m:[93m30[0m:[93m11[0m - [93mwarning[0m[90m NG8103: [0mNG8103: The `*ngIf` directive was used in 
the template, but neither the `NgIf` directive nor the `CommonModule` was imported. Use Angular's built-in control flow @if or make sure that either the `NgIf` directive or the 
`CommonModule` is included in the `@Component.imports` array of this component. Find more at https://v21.angular.dev/extended-diagnostics/NG8103

[7m30[0m     <div *ngIf="loading" class="center-msg">Loading your loansΓÇª</div>
[7m  [0m [93m          ~~~~[0m

  [96msrc/app/front-office/my-borrows/my-borrows.component.ts[0m:[93m7[0m:[93m16[0m
    [7m7[0m   templateUrl: './my-borrows.component.html',
    [7m [0m [96m               ~~~~~~~~~~~~~~~~~~~~~~~~~~~~~[0m
    Warning occurs in the template of component MyBorrowsComponent.


Warning: [96msrc/app/front-office/my-borrows/my-borrows.component.html[0m:[93m33[0m:[93m30[0m - [93mwarning[0m[90m NG8103: [0mNG8103: The `*ngIf` directive was used in 
the template, but neither the `NgIf` directive nor the `CommonModule` was imported. Use Angular's built-in control flow @if or make sure that either the `NgIf` directive or the 
`CommonModule` is included in the `@Component.imports` array of this component. Find more at https://v21.angular.dev/extended-diagnostics/NG8103

[7m33[0m     <div class="loans-grid" *ngIf="!loading && displayedLoans.length">
[7m  [0m [93m                             ~~~~[0m

  [96msrc/app/front-office/my-borrows/my-borrows.component.ts[0m:[93m7[0m:[93m16[0m
    [7m7[0m   templateUrl: './my-borrows.component.html',
    [7m [0m [96m               ~~~~~~~~~~~~~~~~~~~~~~~~~~~~~[0m
    Warning occurs in the template of component MyBorrowsComponent.


Warning: [96msrc/app/front-office/my-borrows/my-borrows.component.html[0m:[93m34[0m:[93m31[0m - [93mwarning[0m[90m NG8103: [0mNG8103: The `*ngFor` directive was used in 
the template, but neither the `NgFor` directive nor the `CommonModule` was imported. Use Angular's built-in control flow @for or make sure that either the `NgFor` directive or 
the `CommonModule` is included in the `@Component.imports` array of this component. Find more at https://v21.angular.dev/extended-diagnostics/NG8103

[7m34[0m       <div class="loan-card" *ngFor="let loan of displayedLoans"
[7m  [0m [93m                              ~~~~~[0m

  [96msrc/app/front-office/my-borrows/my-borrows.component.ts[0m:[93m7[0m:[93m16[0m
    [7m7[0m   templateUrl: './my-borrows.component.html',
    [7m [0m [96m               ~~~~~~~~~~~~~~~~~~~~~~~~~~~~~[0m
    Warning occurs in the template of component MyBorrowsComponent.


Warning: [96msrc/app/front-office/my-borrows/my-borrows.component.html[0m:[93m38[0m:[93m17[0m - [93mwarning[0m[90m NG8103: [0mNG8103: The `*ngIf` directive was used in 
the template, but neither the `NgIf` directive nor the `CommonModule` was imported. Use Angular's built-in control flow @if or make sure that either the `NgIf` directive or the 
`CommonModule` is included in the `@Component.imports` array of this component. Find more at https://v21.angular.dev/extended-diagnostics/NG8103

[7m38[0m           <img *ngIf="loan.productCoverImageUrl" [src]="loan.productCoverImageUrl" alt="cover" />
[7m  [0m [93m                ~~~~[0m

  [96msrc/app/front-office/my-borrows/my-borrows.component.ts[0m:[93m7[0m:[93m16[0m
    [7m7[0m   templateUrl: './my-borrows.component.html',
    [7m [0m [96m               ~~~~~~~~~~~~~~~~~~~~~~~~~~~~~[0m
    Warning occurs in the template of component MyBorrowsComponent.


Warning: [96msrc/app/front-office/my-borrows/my-borrows.component.html[0m:[93m39[0m:[93m17[0m - [93mwarning[0m[90m NG8103: [0mNG8103: The `*ngIf` directive was used in 
the template, but neither the `NgIf` directive nor the `CommonModule` was imported. Use Angular's built-in control flow @if or make sure that either the `NgIf` directive or the 
`CommonModule` is included in the `@Component.imports` array of this component. Find more at https://v21.angular.dev/extended-diagnostics/NG8103

[7m39[0m           <div *ngIf="!loan.productCoverImageUrl" class="cover-placeholder">
[7m  [0m [93m                ~~~~[0m

  [96msrc/app/front-office/my-borrows/my-borrows.component.ts[0m:[93m7[0m:[93m16[0m
    [7m7[0m   templateUrl: './my-borrows.component.html',
    [7m [0m [96m               ~~~~~~~~~~~~~~~~~~~~~~~~~~~~~[0m
    Warning occurs in the template of component MyBorrowsComponent.


Warning: [96msrc/app/front-office/my-borrows/my-borrows.component.html[0m:[93m46[0m:[93m37[0m - [93mwarning[0m[90m NG8103: [0mNG8103: The `*ngIf` directive was used in 
the template, but neither the `NgIf` directive nor the `CommonModule` was imported. Use Angular's built-in control flow @if or make sure that either the `NgIf` directive or the 
`CommonModule` is included in the `@Component.imports` array of this component. Find more at https://v21.angular.dev/extended-diagnostics/NG8103

[7m46[0m           <div class="card-author" *ngIf="loan.productAuthor">{{ loan.productAuthor }}</div>
[7m  [0m [93m                                    ~~~~[0m

  [96msrc/app/front-office/my-borrows/my-borrows.component.ts[0m:[93m7[0m:[93m16[0m
    [7m7[0m   templateUrl: './my-borrows.component.html',
    [7m [0m [96m               ~~~~~~~~~~~~~~~~~~~~~~~~~~~~~[0m
    Warning occurs in the template of component MyBorrowsComponent.


Warning: [96msrc/app/front-office/my-borrows/my-borrows.component.html[0m:[93m52[0m:[93m22[0m - [93mwarning[0m[90m NG8103: [0mNG8103: The `*ngIf` directive was used in 
the template, but neither the `NgIf` directive nor the `CommonModule` was imported. Use Angular's built-in control flow @if or make sure that either the `NgIf` directive or the 
`CommonModule` is included in the `@Component.imports` array of this component. Find more at https://v21.angular.dev/extended-diagnostics/NG8103

[7m52[0m               <span *ngIf="loan.daysOverdue > 0 && loan.status !== 'RETURNED'" class="overdue-tag">
[7m  [0m [93m                     ~~~~[0m

  [96msrc/app/front-office/my-borrows/my-borrows.component.ts[0m:[93m7[0m:[93m16[0m
    [7m7[0m   templateUrl: './my-borrows.component.html',
    [7m [0m [96m               ~~~~~~~~~~~~~~~~~~~~~~~~~~~~~[0m
    Warning occurs in the template of component MyBorrowsComponent.


Warning: [96msrc/app/front-office/my-borrows/my-borrows.component.html[0m:[93m56[0m:[93m20[0m - [93mwarning[0m[90m NG8103: [0mNG8103: The `*ngIf` directive was used in 
the template, but neither the `NgIf` directive nor the `CommonModule` was imported. Use Angular's built-in control flow @if or make sure that either the `NgIf` directive or the 
`CommonModule` is included in the `@Component.imports` array of this component. Find more at https://v21.angular.dev/extended-diagnostics/NG8103

[7m56[0m             <span *ngIf="loan.returnDate">Returned: {{ loan.returnDate }}</span>
[7m  [0m [93m                   ~~~~[0m

  [96msrc/app/front-office/my-borrows/my-borrows.component.ts[0m:[93m7[0m:[93m16[0m
    [7m7[0m   templateUrl: './my-borrows.component.html',
    [7m [0m [96m               ~~~~~~~~~~~~~~~~~~~~~~~~~~~~~[0m
    Warning occurs in the template of component MyBorrowsComponent.


Warning: [96msrc/app/front-office/my-borrows/my-borrows.component.html[0m:[93m63[0m:[93m41[0m - [93mwarning[0m[90m NG8103: [0mNG8103: The `*ngIf` directive was used in 
the template, but neither the `NgIf` directive nor the `CommonModule` was imported. Use Angular's built-in control flow @if or make sure that either the `NgIf` directive or the 
`CommonModule` is included in the `@Component.imports` array of this component. Find more at https://v21.angular.dev/extended-diagnostics/NG8103

[7m63[0m             <button class="btn-return" *ngIf="loan.status === 'ACTIVE' || loan.status === 'OVERDUE'"
[7m  [0m [93m                                        ~~~~[0m

  [96msrc/app/front-office/my-borrows/my-borrows.component.ts[0m:[93m7[0m:[93m16[0m
    [7m7[0m   templateUrl: './my-borrows.component.html',
    [7m [0m [96m               ~~~~~~~~~~~~~~~~~~~~~~~~~~~~~[0m
    Warning occurs in the template of component MyBorrowsComponent.


Warning: [96msrc/app/front-office/my-borrows/my-borrows.component.html[0m:[93m69[0m:[93m43[0m - [93mwarning[0m[90m NG8103: [0mNG8103: The `*ngIf` directive was used in 
the template, but neither the `NgIf` directive nor the `CommonModule` was imported. Use Angular's built-in control flow @if or make sure that either the `NgIf` directive or the 
`CommonModule` is included in the `@Component.imports` array of this component. Find more at https://v21.angular.dev/extended-diagnostics/NG8103

[7m69[0m             <button class="btn-pay-fine" *ngIf="loan.status === 'RETURNED' && !loan.finePaid && loan.fineAmount > 0"
[7m  [0m [93m                                          ~~~~[0m

  [96msrc/app/front-office/my-borrows/my-borrows.component.ts[0m:[93m7[0m:[93m16[0m
    [7m7[0m   templateUrl: './my-borrows.component.html',
    [7m [0m [96m               ~~~~~~~~~~~~~~~~~~~~~~~~~~~~~[0m
    Warning occurs in the template of component MyBorrowsComponent.


Warning: [96msrc/app/front-office/my-borrows/my-borrows.component.html[0m:[93m75[0m:[93m39[0m - [93mwarning[0m[90m NG8103: [0mNG8103: The `*ngIf` directive was used in 
the template, but neither the `NgIf` directive nor the `CommonModule` was imported. Use Angular's built-in control flow @if or make sure that either the `NgIf` directive or the 
`CommonModule` is included in the `@Component.imports` array of this component. Find more at https://v21.angular.dev/extended-diagnostics/NG8103

[7m75[0m             <span class="fine-badge" *ngIf="loan.fineAmount > 0 && loan.finePaid">
[7m  [0m [93m                                      ~~~~[0m

  [96msrc/app/front-office/my-borrows/my-borrows.component.ts[0m:[93m7[0m:[93m16[0m
    [7m7[0m   templateUrl: './my-borrows.component.html',
    [7m [0m [96m               ~~~~~~~~~~~~~~~~~~~~~~~~~~~~~[0m
    Warning occurs in the template of component MyBorrowsComponent.


Warning: [96msrc/app/front-office/my-borrows/my-borrows.component.html[0m:[93m84[0m:[93m31[0m - [93mwarning[0m[90m NG8103: [0mNG8103: The `*ngIf` directive was used in 
the template, but neither the `NgIf` directive nor the `CommonModule` was imported. Use Angular's built-in control flow @if or make sure that either the `NgIf` directive or the 
`CommonModule` is included in the `@Component.imports` array of this component. Find more at https://v21.angular.dev/extended-diagnostics/NG8103

[7m84[0m     <div class="empty-state" *ngIf="!loading && !displayedLoans.length && !error">
[7m  [0m [93m                              ~~~~[0m

  [96msrc/app/front-office/my-borrows/my-borrows.component.ts[0m:[93m7[0m:[93m16[0m
    [7m7[0m   templateUrl: './my-borrows.component.html',
    [7m [0m [96m               ~~~~~~~~~~~~~~~~~~~~~~~~~~~~~[0m
    Warning occurs in the template of component MyBorrowsComponent.


Warning: [96msrc/app/front-office/my-borrows/my-borrows.component.html[0m:[93m86[0m:[93m11[0m - [93mwarning[0m[90m NG8103: [0mNG8103: The `*ngIf` directive was used in 
the template, but neither the `NgIf` directive nor the `CommonModule` was imported. Use Angular's built-in control flow @if or make sure that either the `NgIf` directive or the 
`CommonModule` is included in the `@Component.imports` array of this component. Find more at https://v21.angular.dev/extended-diagnostics/NG8103

[7m86[0m       <p *ngIf="activeTab === 'active'">You have no active loans. Visit the library to borrow a book.</p>
[7m  [0m [93m          ~~~~[0m

  [96msrc/app/front-office/my-borrows/my-borrows.component.ts[0m:[93m7[0m:[93m16[0m
    [7m7[0m   templateUrl: './my-borrows.component.html',
    [7m [0m [96m               ~~~~~~~~~~~~~~~~~~~~~~~~~~~~~[0m
    Warning occurs in the template of component MyBorrowsComponent.


Warning: [96msrc/app/front-office/my-borrows/my-borrows.component.html[0m:[93m87[0m:[93m11[0m - [93mwarning[0m[90m NG8103: [0mNG8103: The `*ngIf` directive was used in 
the template, but neither the `NgIf` directive nor the `CommonModule` was imported. Use Angular's built-in control flow @if or make sure that either the `NgIf` directive or the 
`CommonModule` is included in the `@Component.imports` array of this component. Find more at https://v21.angular.dev/extended-diagnostics/NG8103

[7m87[0m       <p *ngIf="activeTab === 'all'">You haven't borrowed any books yet.</p>
[7m  [0m [93m          ~~~~[0m

  [96msrc/app/front-office/my-borrows/my-borrows.component.ts[0m:[93m7[0m:[93m16[0m
    [7m7[0m   templateUrl: './my-borrows.component.html',
    [7m [0m [96m               ~~~~~~~~~~~~~~~~~~~~~~~~~~~~~[0m
    Warning occurs in the template of component MyBorrowsComponent.


Warning: [96msrc/app/front-office/my-borrows/my-borrows.component.html[0m:[93m93[0m:[93m31[0m - [93mwarning[0m[90m NG8103: [0mNG8103: The `*ngIf` directive was used in 
the template, but neither the `NgIf` directive nor the `CommonModule` was imported. Use Angular's built-in control flow @if or make sure that either the `NgIf` directive or the 
`CommonModule` is included in the `@Component.imports` array of this component. Find more at https://v21.angular.dev/extended-diagnostics/NG8103

[7m93[0m   <div class="modal-overlay" *ngIf="pendingReturnLoan" (click)="cancelReturn()">
[7m  [0m [93m                              ~~~~[0m

  [96msrc/app/front-office/my-borrows/my-borrows.component.ts[0m:[93m7[0m:[93m16[0m
    [7m7[0m   templateUrl: './my-borrows.component.html',
    [7m [0m [96m               ~~~~~~~~~~~~~~~~~~~~~~~~~~~~~[0m
    Warning occurs in the template of component MyBorrowsComponent.


Warning: [96msrc/app/front-office/my-borrows/my-borrows.component.html[0m:[93m98[0m:[93m24[0m - [93mwarning[0m[90m NG8103: [0mNG8103: The `*ngIf` directive was used in 
the template, but neither the `NgIf` directive nor the `CommonModule` was imported. Use Angular's built-in control flow @if or make sure that either the `NgIf` directive or the 
`CommonModule` is included in the `@Component.imports` array of this component. Find more at https://v21.angular.dev/extended-diagnostics/NG8103

[7m98[0m         <ng-container *ngIf="pendingReturnLoan.daysOverdue > 0">
[7m  [0m [93m                       ~~~~[0m

  [96msrc/app/front-office/my-borrows/my-borrows.component.ts[0m:[93m7[0m:[93m16[0m
    [7m7[0m   templateUrl: './my-borrows.component.html',
    [7m [0m [96m               ~~~~~~~~~~~~~~~~~~~~~~~~~~~~~[0m
    Warning occurs in the template of component MyBorrowsComponent.


Warning: [96msrc/app/front-office/resources/resources.component.html[0m:[93m7[0m:[93m29[0m - [93mwarning[0m[90m NG8103: [0mNG8103: The `*ngIf` directive was used in the 
template, but neither the `NgIf` directive nor the `CommonModule` was imported. Use Angular's built-in control flow @if or make sure that either the `NgIf` directive or the 
`CommonModule` is included in the `@Component.imports` array of this component. Find more at https://v21.angular.dev/extended-diagnostics/NG8103

[7m7[0m     <div class="res-stats" *ngIf="allResources.length > 0">
[7m [0m [93m                            ~~~~[0m

  [96msrc/app/front-office/resources/resources.component.ts[0m:[93m15[0m:[93m16[0m
    [7m15[0m   templateUrl: './resources.component.html',
    [7m  [0m [96m               ~~~~~~~~~~~~~~~~~~~~~~~~~~~~[0m
    Warning occurs in the template of component ResourcesComponent.


Warning: [96msrc/app/front-office/resources/resources.component.html[0m:[93m58[0m:[93m22[0m - [93mwarning[0m[90m NG8103: [0mNG8103: The `*ngFor` directive was used in 
the template, but neither the `NgFor` directive nor the `CommonModule` was imported. Use Angular's built-in control flow @for or make sure that either the `NgFor` directive or 
the `CommonModule` is included in the `@Component.imports` array of this component. Find more at https://v21.angular.dev/extended-diagnostics/NG8103

[7m58[0m             <option *ngFor="let t of types" [value]="t" [hidden]="t === 'ALL'">
[7m  [0m [93m                     ~~~~~[0m

  [96msrc/app/front-office/resources/resources.component.ts[0m:[93m15[0m:[93m16[0m
    [7m15[0m   templateUrl: './resources.component.html',
    [7m  [0m [96m               ~~~~~~~~~~~~~~~~~~~~~~~~~~~~[0m
    Warning occurs in the template of component ResourcesComponent.


Warning: [96msrc/app/front-office/resources/resources.component.html[0m:[93m64[0m:[93m18[0m - [93mwarning[0m[90m NG8103: [0mNG8103: The `*ngIf` directive was used in 
the template, but neither the `NgIf` directive nor the `CommonModule` was imported. Use Angular's built-in control flow @if or make sure that either the `NgIf` directive or the 
`CommonModule` is included in the `@Component.imports` array of this component. Find more at https://v21.angular.dev/extended-diagnostics/NG8103

[7m64[0m           <span *ngIf="!checkLoading">Check</span>
[7m  [0m [93m                 ~~~~[0m

  [96msrc/app/front-office/resources/resources.component.ts[0m:[93m15[0m:[93m16[0m
    [7m15[0m   templateUrl: './resources.component.html',
    [7m  [0m [96m               ~~~~~~~~~~~~~~~~~~~~~~~~~~~~[0m
    Warning occurs in the template of component ResourcesComponent.


Warning: [96msrc/app/front-office/resources/resources.component.html[0m:[93m65[0m:[93m18[0m - [93mwarning[0m[90m NG8103: [0mNG8103: The `*ngIf` directive was used in 
the template, but neither the `NgIf` directive nor the `CommonModule` was imported. Use Angular's built-in control flow @if or make sure that either the `NgIf` directive or the 
`CommonModule` is included in the `@Component.imports` array of this component. Find more at https://v21.angular.dev/extended-diagnostics/NG8103

[7m65[0m           <span *ngIf="checkLoading">CheckingΓÇª</span>
[7m  [0m [93m                 ~~~~[0m

  [96msrc/app/front-office/resources/resources.component.ts[0m:[93m15[0m:[93m16[0m
    [7m15[0m   templateUrl: './resources.component.html',
    [7m  [0m [96m               ~~~~~~~~~~~~~~~~~~~~~~~~~~~~[0m
    Warning occurs in the template of component ResourcesComponent.


Warning: [96msrc/app/front-office/resources/resources.component.html[0m:[93m68[0m:[93m37[0m - [93mwarning[0m[90m NG8103: [0mNG8103: The `*ngIf` directive was used in 
the template, but neither the `NgIf` directive nor the `CommonModule` was imported. Use Angular's built-in control flow @if or make sure that either the `NgIf` directive or the 
`CommonModule` is included in the `@Component.imports` array of this component. Find more at https://v21.angular.dev/extended-diagnostics/NG8103

[7m68[0m       <div class="res-alert-error" *ngIf="checkError">{{ checkError }}</div>
[7m  [0m [93m                                    ~~~~[0m

  [96msrc/app/front-office/resources/resources.component.ts[0m:[93m15[0m:[93m16[0m
    [7m15[0m   templateUrl: './resources.component.html',
    [7m  [0m [96m               ~~~~~~~~~~~~~~~~~~~~~~~~~~~~[0m
    Warning occurs in the template of component ResourcesComponent.


Warning: [96msrc/app/front-office/resources/resources.component.html[0m:[93m72[0m:[93m36[0m - [93mwarning[0m[90m NG8103: [0mNG8103: The `*ngIf` directive was used in 
the template, but neither the `NgIf` directive nor the `CommonModule` was imported. Use Angular's built-in control flow @if or make sure that either the `NgIf` directive or the 
`CommonModule` is included in the `@Component.imports` array of this component. Find more at https://v21.angular.dev/extended-diagnostics/NG8103

[7m72[0m     <div class="res-avail-result" *ngIf="checkResult">
[7m  [0m [93m                                   ~~~~[0m

  [96msrc/app/front-office/resources/resources.component.ts[0m:[93m15[0m:[93m16[0m
    [7m15[0m   templateUrl: './resources.component.html',
    [7m  [0m [96m               ~~~~~~~~~~~~~~~~~~~~~~~~~~~~[0m
    Warning occurs in the template of component ResourcesComponent.


Warning: [96msrc/app/front-office/resources/resources.component.html[0m:[93m76[0m:[93m16[0m - [93mwarning[0m[90m NG8103: [0mNG8103: The `*ngIf` directive was used in 
the template, but neither the `NgIf` directive nor the `CommonModule` was imported. Use Angular's built-in control flow @if or make sure that either the `NgIf` directive or the 
`CommonModule` is included in the `@Component.imports` array of this component. Find more at https://v21.angular.dev/extended-diagnostics/NG8103

[7m76[0m         <span *ngIf="checkResult.available">Γ£à Resources available for this time slot</span>
[7m  [0m [93m               ~~~~[0m

  [96msrc/app/front-office/resources/resources.component.ts[0m:[93m15[0m:[93m16[0m
    [7m15[0m   templateUrl: './resources.component.html',
    [7m  [0m [96m               ~~~~~~~~~~~~~~~~~~~~~~~~~~~~[0m
    Warning occurs in the template of component ResourcesComponent.


Warning: [96msrc/app/front-office/resources/resources.component.html[0m:[93m77[0m:[93m16[0m - [93mwarning[0m[90m NG8103: [0mNG8103: The `*ngIf` directive was used in 
the template, but neither the `NgIf` directive nor the `CommonModule` was imported. Use Angular's built-in control flow @if or make sure that either the `NgIf` directive or the 
`CommonModule` is included in the `@Component.imports` array of this component. Find more at https://v21.angular.dev/extended-diagnostics/NG8103

[7m77[0m         <span *ngIf="!checkResult.available">
[7m  [0m [93m               ~~~~[0m

  [96msrc/app/front-office/resources/resources.component.ts[0m:[93m15[0m:[93m16[0m
    [7m15[0m   templateUrl: './resources.component.html',
    [7m  [0m [96m               ~~~~~~~~~~~~~~~~~~~~~~~~~~~~[0m
    Warning occurs in the template of component ResourcesComponent.


Warning: [96msrc/app/front-office/resources/resources.component.html[0m:[93m79[0m:[93m18[0m - [93mwarning[0m[90m NG8103: [0mNG8103: The `*ngIf` directive was used in 
the template, but neither the `NgIf` directive nor the `CommonModule` was imported. Use Angular's built-in control flow @if or make sure that either the `NgIf` directive or the 
`CommonModule` is included in the `@Component.imports` array of this component. Find more at https://v21.angular.dev/extended-diagnostics/NG8103

[7m79[0m           <span *ngIf="checkResult.nextFreeWindow" class="res-next-free">
[7m  [0m [93m                 ~~~~[0m

  [96msrc/app/front-office/resources/resources.component.ts[0m:[93m15[0m:[93m16[0m
    [7m15[0m   templateUrl: './resources.component.html',
    [7m  [0m [96m               ~~~~~~~~~~~~~~~~~~~~~~~~~~~~[0m
    Warning occurs in the template of component ResourcesComponent.


Warning: [96msrc/app/front-office/resources/resources.component.html[0m:[93m86[0m:[93m13[0m - [93mwarning[0m[90m NG8103: [0mNG8103: The `*ngIf` directive was used in 
the template, but neither the `NgIf` directive nor the `CommonModule` was imported. Use Angular's built-in control flow @if or make sure that either the `NgIf` directive or the 
`CommonModule` is included in the `@Component.imports` array of this component. Find more at https://v21.angular.dev/extended-diagnostics/NG8103

[7m86[0m       <div *ngIf="checkResult.availableResources.length > 0" class="res-avail-list">
[7m  [0m [93m            ~~~~[0m

  [96msrc/app/front-office/resources/resources.component.ts[0m:[93m15[0m:[93m16[0m
    [7m15[0m   templateUrl: './resources.component.html',
    [7m  [0m [96m               ~~~~~~~~~~~~~~~~~~~~~~~~~~~~[0m
    Warning occurs in the template of component ResourcesComponent.


Warning: [96msrc/app/front-office/resources/resources.component.html[0m:[93m90[0m:[93m17[0m - [93mwarning[0m[90m NG8103: [0mNG8103: The `*ngFor` directive was used in 
the template, but neither the `NgFor` directive nor the `CommonModule` was imported. Use Angular's built-in control flow @for or make sure that either the `NgFor` directive or 
the `CommonModule` is included in the `@Component.imports` array of this component. Find more at https://v21.angular.dev/extended-diagnostics/NG8103

[7m90[0m                *ngFor="let r of checkResult.availableResources">
[7m  [0m [93m                ~~~~~[0m

  [96msrc/app/front-office/resources/resources.component.ts[0m:[93m15[0m:[93m16[0m
    [7m15[0m   templateUrl: './resources.component.html',
    [7m  [0m [96m               ~~~~~~~~~~~~~~~~~~~~~~~~~~~~[0m
    Warning occurs in the template of component ResourcesComponent.


Warning: [96msrc/app/front-office/resources/resources.component.html[0m:[93m95[0m:[93m43[0m - [93mwarning[0m[90m NG8103: [0mNG8103: The `*ngIf` directive was used in 
the template, but neither the `NgIf` directive nor the `CommonModule` was imported. Use Angular's built-in control flow @if or make sure that either the `NgIf` directive or the 
`CommonModule` is included in the `@Component.imports` array of this component. Find more at https://v21.angular.dev/extended-diagnostics/NG8103

[7m95[0m               <span class="res-card-cap" *ngIf="r.capacity">Capacity: {{ r.capacity }}</span>
[7m  [0m [93m                                          ~~~~[0m

  [96msrc/app/front-office/resources/resources.component.ts[0m:[93m15[0m:[93m16[0m
    [7m15[0m   templateUrl: './resources.component.html',
    [7m  [0m [96m               ~~~~~~~~~~~~~~~~~~~~~~~~~~~~[0m
    Warning occurs in the template of component ResourcesComponent.


Warning: [96msrc/app/front-office/resources/resources.component.html[0m:[93m96[0m:[93m43[0m - [93mwarning[0m[90m NG8103: [0mNG8103: The `*ngIf` directive was used in 
the template, but neither the `NgIf` directive nor the `CommonModule` was imported. Use Angular's built-in control flow @if or make sure that either the `NgIf` directive or the 
`CommonModule` is included in the `@Component.imports` array of this component. Find more at https://v21.angular.dev/extended-diagnostics/NG8103

[7m96[0m               <span class="res-card-cap" *ngIf="r.location">≡ƒôì {{ r.location }}</span>
[7m  [0m [93m                                          ~~~~[0m

  [96msrc/app/front-office/resources/resources.component.ts[0m:[93m15[0m:[93m16[0m
    [7m15[0m   templateUrl: './resources.component.html',
    [7m  [0m [96m               ~~~~~~~~~~~~~~~~~~~~~~~~~~~~[0m
    Warning occurs in the template of component ResourcesComponent.


Warning: [96msrc/app/front-office/resources/resources.component.html[0m:[93m107[0m:[93m13[0m - [93mwarning[0m[90m NG8103: [0mNG8103: The `*ngIf` directive was used in 
the template, but neither the `NgIf` directive nor the `CommonModule` was imported. Use Angular's built-in control flow @if or make sure that either the `NgIf` directive or the 
`CommonModule` is included in the `@Component.imports` array of this component. Find more at https://v21.angular.dev/extended-diagnostics/NG8103

[7m107[0m       <div *ngIf="!checkResult.available && checkResult.suggestions.length > 0" class="res-suggestions">
[7m   [0m [93m            ~~~~[0m

  [96msrc/app/front-office/resources/resources.component.ts[0m:[93m15[0m:[93m16[0m
    [7m15[0m   templateUrl: './resources.component.html',
    [7m  [0m [96m               ~~~~~~~~~~~~~~~~~~~~~~~~~~~~[0m
    Warning occurs in the template of component ResourcesComponent.


Warning: [96msrc/app/front-office/resources/resources.component.html[0m:[93m111[0m:[93m17[0m - [93mwarning[0m[90m NG8103: [0mNG8103: The `*ngFor` directive was used in 
the template, but neither the `NgFor` directive nor the `CommonModule` was imported. Use Angular's built-in control flow @for or make sure that either the `NgFor` directive or 
the `CommonModule` is included in the `@Component.imports` array of this component. Find more at https://v21.angular.dev/extended-diagnostics/NG8103

[7m111[0m                *ngFor="let s of checkResult.suggestions">
[7m   [0m [93m                ~~~~~[0m

  [96msrc/app/front-office/resources/resources.component.ts[0m:[93m15[0m:[93m16[0m
    [7m15[0m   templateUrl: './resources.component.html',
    [7m  [0m [96m               ~~~~~~~~~~~~~~~~~~~~~~~~~~~~[0m
    Warning occurs in the template of component ResourcesComponent.


Warning: [96msrc/app/front-office/resources/resources.component.html[0m:[93m116[0m:[93m43[0m - [93mwarning[0m[90m NG8103: [0mNG8103: The `*ngIf` directive was used in 
the template, but neither the `NgIf` directive nor the `CommonModule` was imported. Use Angular's built-in control flow @if or make sure that either the `NgIf` directive or the 
`CommonModule` is included in the `@Component.imports` array of this component. Find more at https://v21.angular.dev/extended-diagnostics/NG8103

[7m116[0m               <span class="res-card-cap" *ngIf="s.resource.capacity">Capacity: {{ s.resource.capacity }}</span>
[7m   [0m [93m                                          ~~~~[0m

  [96msrc/app/front-office/resources/resources.component.ts[0m:[93m15[0m:[93m16[0m
    [7m15[0m   templateUrl: './resources.component.html',
    [7m  [0m [96m               ~~~~~~~~~~~~~~~~~~~~~~~~~~~~[0m
    Warning occurs in the template of component ResourcesComponent.


Warning: [96msrc/app/front-office/resources/resources.component.html[0m:[93m143[0m:[93m18[0m - [93mwarning[0m[90m NG8103: [0mNG8103: The `*ngFor` directive was used in 
the template, but neither the `NgFor` directive nor the `CommonModule` was imported. Use Angular's built-in control flow @for or make sure that either the `NgFor` directive or 
the `CommonModule` is included in the `@Component.imports` array of this component. Find more at https://v21.angular.dev/extended-diagnostics/NG8103

[7m143[0m         <button *ngFor="let t of types"
[7m   [0m [93m                 ~~~~~[0m

  [96msrc/app/front-office/resources/resources.component.ts[0m:[93m15[0m:[93m16[0m
    [7m15[0m   templateUrl: './resources.component.html',
    [7m  [0m [96m               ~~~~~~~~~~~~~~~~~~~~~~~~~~~~[0m
    Warning occurs in the template of component ResourcesComponent.


Warning: [96msrc/app/front-office/resources/resources.component.html[0m:[93m154[0m:[93m35[0m - [93mwarning[0m[90m NG8103: [0mNG8103: The `*ngIf` directive was used in 
the template, but neither the `NgIf` directive nor the `CommonModule` was imported. Use Angular's built-in control flow @if or make sure that either the `NgIf` directive or the 
`CommonModule` is included in the `@Component.imports` array of this component. Find more at https://v21.angular.dev/extended-diagnostics/NG8103

[7m154[0m     <div class="res-alert-error" *ngIf="resourcesError">
[7m   [0m [93m                                  ~~~~[0m

  [96msrc/app/front-office/resources/resources.component.ts[0m:[93m15[0m:[93m16[0m
    [7m15[0m   templateUrl: './resources.component.html',
    [7m  [0m [96m               ~~~~~~~~~~~~~~~~~~~~~~~~~~~~[0m
    Warning occurs in the template of component ResourcesComponent.


Warning: [96msrc/app/front-office/resources/resources.component.html[0m:[93m160[0m:[93m30[0m - [93mwarning[0m[90m NG8103: [0mNG8103: The `*ngIf` directive was used in 
the template, but neither the `NgIf` directive nor the `CommonModule` was imported. Use Angular's built-in control flow @if or make sure that either the `NgIf` directive or the 
`CommonModule` is included in the `@Component.imports` array of this component. Find more at https://v21.angular.dev/extended-diagnostics/NG8103

[7m160[0m     <div class="res-loader" *ngIf="loadingResources">
[7m   [0m [93m                             ~~~~[0m

  [96msrc/app/front-office/resources/resources.component.ts[0m:[93m15[0m:[93m16[0m
    [7m15[0m   templateUrl: './resources.component.html',
    [7m  [0m [96m               ~~~~~~~~~~~~~~~~~~~~~~~~~~~~[0m
    Warning occurs in the template of component ResourcesComponent.


Warning: [96msrc/app/front-office/resources/resources.component.html[0m:[93m166[0m:[93m33[0m - [93mwarning[0m[90m NG8103: [0mNG8103: The `*ngIf` directive was used in 
the template, but neither the `NgIf` directive nor the `CommonModule` was imported. Use Angular's built-in control flow @if or make sure that either the `NgIf` directive or the 
`CommonModule` is included in the `@Component.imports` array of this component. Find more at https://v21.angular.dev/extended-diagnostics/NG8103

[7m166[0m     <div class="res-card-grid" *ngIf="!loadingResources && !resourcesError">
[7m   [0m [93m                                ~~~~[0m

  [96msrc/app/front-office/resources/resources.component.ts[0m:[93m15[0m:[93m16[0m
    [7m15[0m   templateUrl: './resources.component.html',
    [7m  [0m [96m               ~~~~~~~~~~~~~~~~~~~~~~~~~~~~[0m
    Warning occurs in the template of component ResourcesComponent.


Warning: [96msrc/app/front-office/resources/resources.component.html[0m:[93m167[0m:[93m31[0m - [93mwarning[0m[90m NG8103: [0mNG8103: The `*ngIf` directive was used in 
the template, but neither the `NgIf` directive nor the `CommonModule` was imported. Use Angular's built-in control flow @if or make sure that either the `NgIf` directive or the 
`CommonModule` is included in the `@Component.imports` array of this component. Find more at https://v21.angular.dev/extended-diagnostics/NG8103

[7m167[0m       <div class="res-empty" *ngIf="filtered.length === 0">
[7m   [0m [93m                              ~~~~[0m

  [96msrc/app/front-office/resources/resources.component.ts[0m:[93m15[0m:[93m16[0m
    [7m15[0m   templateUrl: './resources.component.html',
    [7m  [0m [96m               ~~~~~~~~~~~~~~~~~~~~~~~~~~~~[0m
    Warning occurs in the template of component ResourcesComponent.


Warning: [96msrc/app/front-office/resources/resources.component.html[0m:[93m171[0m:[93m56[0m - [93mwarning[0m[90m NG8103: [0mNG8103: The `*ngFor` directive was used in 
the template, but neither the `NgFor` directive nor the `CommonModule` was imported. Use Angular's built-in control flow @for or make sure that either the `NgFor` directive or 
the `CommonModule` is included in the `@Component.imports` array of this component. Find more at https://v21.angular.dev/extended-diagnostics/NG8103

[7m171[0m       <div class="res-card" [attr.data-type]="r.type" *ngFor="let r of filtered">
[7m   [0m [93m                                                       ~~~~~[0m

  [96msrc/app/front-office/resources/resources.component.ts[0m:[93m15[0m:[93m16[0m
    [7m15[0m   templateUrl: './resources.component.html',
    [7m  [0m [96m               ~~~~~~~~~~~~~~~~~~~~~~~~~~~~[0m
    Warning occurs in the template of component ResourcesComponent.


Warning: [96msrc/app/front-office/resources/resources.component.html[0m:[93m176[0m:[93m39[0m - [93mwarning[0m[90m NG8103: [0mNG8103: The `*ngIf` directive was used in 
the template, but neither the `NgIf` directive nor the `CommonModule` was imported. Use Angular's built-in control flow @if or make sure that either the `NgIf` directive or the 
`CommonModule` is included in the `@Component.imports` array of this component. Find more at https://v21.angular.dev/extended-diagnostics/NG8103

[7m176[0m           <span class="res-card-cap" *ngIf="r.capacity">Capacity: {{ r.capacity }}</span>
[7m   [0m [93m                                      ~~~~[0m

  [96msrc/app/front-office/resources/resources.component.ts[0m:[93m15[0m:[93m16[0m
    [7m15[0m   templateUrl: './resources.component.html',
    [7m  [0m [96m               ~~~~~~~~~~~~~~~~~~~~~~~~~~~~[0m
    Warning occurs in the template of component ResourcesComponent.


Warning: [96msrc/app/front-office/resources/resources.component.html[0m:[93m177[0m:[93m39[0m - [93mwarning[0m[90m NG8103: [0mNG8103: The `*ngIf` directive was used in 
the template, but neither the `NgIf` directive nor the `CommonModule` was imported. Use Angular's built-in control flow @if or make sure that either the `NgIf` directive or the 
`CommonModule` is included in the `@Component.imports` array of this component. Find more at https://v21.angular.dev/extended-diagnostics/NG8103

[7m177[0m           <span class="res-card-cap" *ngIf="r.location">≡ƒôì {{ r.location }}</span>
[7m   [0m [93m                                      ~~~~[0m

  [96msrc/app/front-office/resources/resources.component.ts[0m:[93m15[0m:[93m16[0m
    [7m15[0m   templateUrl: './resources.component.html',
    [7m  [0m [96m               ~~~~~~~~~~~~~~~~~~~~~~~~~~~~[0m
    Warning occurs in the template of component ResourcesComponent.


Warning: [96msrc/app/front-office/resources/resources.component.html[0m:[93m178[0m:[93m44[0m - [93mwarning[0m[90m NG8103: [0mNG8103: The `*ngIf` directive was used in 
the template, but neither the `NgIf` directive nor the `CommonModule` was imported. Use Angular's built-in control flow @if or make sure that either the `NgIf` directive or the 
`CommonModule` is included in the `@Component.imports` array of this component. Find more at https://v21.angular.dev/extended-diagnostics/NG8103

[7m178[0m           <span class="res-card-approval" *ngIf="r.requiresApproval">Requires approval</span>
[7m   [0m [93m                                           ~~~~[0m

  [96msrc/app/front-office/resources/resources.component.ts[0m:[93m15[0m:[93m16[0m
    [7m15[0m   templateUrl: './resources.component.html',
    [7m  [0m [96m               ~~~~~~~~~~~~~~~~~~~~~~~~~~~~[0m
    Warning occurs in the template of component ResourcesComponent.


Warning: [96msrc/app/front-office/resources/resources.component.html[0m:[93m191[0m:[93m33[0m - [93mwarning[0m[90m NG8103: [0mNG8103: The `*ngIf` directive was used in 
the template, but neither the `NgIf` directive nor the `CommonModule` was imported. Use Angular's built-in control flow @if or make sure that either the `NgIf` directive or the 
`CommonModule` is included in the `@Component.imports` array of this component. Find more at https://v21.angular.dev/extended-diagnostics/NG8103

[7m191[0m <div class="res-modal-overlay" *ngIf="showReservationModal" (click)="closeReservationModal()">
[7m   [0m [93m                                ~~~~[0m

  [96msrc/app/front-office/resources/resources.component.ts[0m:[93m15[0m:[93m16[0m
    [7m15[0m   templateUrl: './resources.component.html',
    [7m  [0m [96m               ~~~~~~~~~~~~~~~~~~~~~~~~~~~~[0m
    Warning occurs in the template of component ResourcesComponent.


Warning: [96msrc/app/front-office/resources/resources.component.html[0m:[93m198[0m:[93m40[0m - [93mwarning[0m[90m NG8103: [0mNG8103: The `*ngIf` directive was used in 
the template, but neither the `NgIf` directive nor the `CommonModule` was imported. Use Angular's built-in control flow @if or make sure that either the `NgIf` directive or the 
`CommonModule` is included in the `@Component.imports` array of this component. Find more at https://v21.angular.dev/extended-diagnostics/NG8103

[7m198[0m       <div class="res-modal-resource" *ngIf="resourceById(reservationResourceId) as r">
[7m   [0m [93m                                       ~~~~[0m

  [96msrc/app/front-office/resources/resources.component.ts[0m:[93m15[0m:[93m16[0m
    [7m15[0m   templateUrl: './resources.component.html',
    [7m  [0m [96m               ~~~~~~~~~~~~~~~~~~~~~~~~~~~~[0m
    Warning occurs in the template of component ResourcesComponent.


Warning: [96msrc/app/front-office/resources/resources.component.html[0m:[93m222[0m:[93m39[0m - [93mwarning[0m[90m NG8103: [0mNG8103: The `*ngIf` directive was used in 
the template, but neither the `NgIf` directive nor the `CommonModule` was imported. Use Angular's built-in control flow @if or make sure that either the `NgIf` directive or the 
`CommonModule` is included in the `@Component.imports` array of this component. Find more at https://v21.angular.dev/extended-diagnostics/NG8103

[7m222[0m       <div class="res-alert-success" *ngIf="reservationSuccess">{{ reservationSuccess }}</div>
[7m   [0m [93m                                      ~~~~[0m

  [96msrc/app/front-office/resources/resources.component.ts[0m:[93m15[0m:[93m16[0m
    [7m15[0m   templateUrl: './resources.component.html',
    [7m  [0m [96m               ~~~~~~~~~~~~~~~~~~~~~~~~~~~~[0m
    Warning occurs in the template of component ResourcesComponent.


Warning: [96msrc/app/front-office/resources/resources.component.html[0m:[93m223[0m:[93m37[0m - [93mwarning[0m[90m NG8103: [0mNG8103: The `*ngIf` directive was used in 
the template, but neither the `NgIf` directive nor the `CommonModule` was imported. Use Angular's built-in control flow @if or make sure that either the `NgIf` directive or the 
`CommonModule` is included in the `@Component.imports` array of this component. Find more at https://v21.angular.dev/extended-diagnostics/NG8103

[7m223[0m       <div class="res-alert-error" *ngIf="reservationError">{{ reservationError }}</div>
[7m   [0m [93m                                    ~~~~[0m

  [96msrc/app/front-office/resources/resources.component.ts[0m:[93m15[0m:[93m16[0m
    [7m15[0m   templateUrl: './resources.component.html',
    [7m  [0m [96m               ~~~~~~~~~~~~~~~~~~~~~~~~~~~~[0m
    Warning occurs in the template of component ResourcesComponent.


Warning: [96msrc/app/front-office/resources/resources.component.html[0m:[93m228[0m:[93m18[0m - [93mwarning[0m[90m NG8103: [0mNG8103: The `*ngIf` directive was used in 
the template, but neither the `NgIf` directive nor the `CommonModule` was imported. Use Angular's built-in control flow @if or make sure that either the `NgIf` directive or the 
`CommonModule` is included in the `@Component.imports` array of this component. Find more at https://v21.angular.dev/extended-diagnostics/NG8103

[7m228[0m           <span *ngIf="!reservationLoading">Confirm Reservation</span>
[7m   [0m [93m                 ~~~~[0m

  [96msrc/app/front-office/resources/resources.component.ts[0m:[93m15[0m:[93m16[0m
    [7m15[0m   templateUrl: './resources.component.html',
    [7m  [0m [96m               ~~~~~~~~~~~~~~~~~~~~~~~~~~~~[0m
    Warning occurs in the template of component ResourcesComponent.


Warning: [96msrc/app/front-office/resources/resources.component.html[0m:[93m229[0m:[93m18[0m - [93mwarning[0m[90m NG8103: [0mNG8103: The `*ngIf` directive was used in 
the template, but neither the `NgIf` directive nor the `CommonModule` was imported. Use Angular's built-in control flow @if or make sure that either the `NgIf` directive or the 
`CommonModule` is included in the `@Component.imports` array of this component. Find more at https://v21.angular.dev/extended-diagnostics/NG8103

[7m229[0m           <span *ngIf="reservationLoading">SubmittingΓÇª</span>
[7m   [0m [93m                 ~~~~[0m

  [96msrc/app/front-office/resources/resources.component.ts[0m:[93m15[0m:[93m16[0m
    [7m15[0m   templateUrl: './resources.component.html',
    [7m  [0m [96m               ~~~~~~~~~~~~~~~~~~~~~~~~~~~~[0m
    Warning occurs in the template of component ResourcesComponent.


Warning: [96msrc/app/front-office/resources/resources.component.html[0m:[93m237[0m:[93m33[0m - [93mwarning[0m[90m NG8103: [0mNG8103: The `*ngIf` directive was used in 
the template, but neither the `NgIf` directive nor the `CommonModule` was imported. Use Angular's built-in control flow @if or make sure that either the `NgIf` directive or the 
`CommonModule` is included in the `@Component.imports` array of this component. Find more at https://v21.angular.dev/extended-diagnostics/NG8103

[7m237[0m <div class="res-modal-overlay" *ngIf="showRecurrenceModal" (click)="closeRecurrenceModal()">
[7m   [0m [93m                                ~~~~[0m

  [96msrc/app/front-office/resources/resources.component.ts[0m:[93m15[0m:[93m16[0m
    [7m15[0m   templateUrl: './resources.component.html',
    [7m  [0m [96m               ~~~~~~~~~~~~~~~~~~~~~~~~~~~~[0m
    Warning occurs in the template of component ResourcesComponent.


Warning: [96msrc/app/front-office/resources/resources.component.html[0m:[93m244[0m:[93m40[0m - [93mwarning[0m[90m NG8103: [0mNG8103: The `*ngIf` directive was used in 
the template, but neither the `NgIf` directive nor the `CommonModule` was imported. Use Angular's built-in control flow @if or make sure that either the `NgIf` directive or the 
`CommonModule` is included in the `@Component.imports` array of this component. Find more at https://v21.angular.dev/extended-diagnostics/NG8103

[7m244[0m       <div class="res-modal-resource" *ngIf="resourceById(recurrenceResourceId) as r">
[7m   [0m [93m                                       ~~~~[0m

  [96msrc/app/front-office/resources/resources.component.ts[0m:[93m15[0m:[93m16[0m
    [7m15[0m   templateUrl: './resources.component.html',
    [7m  [0m [96m               ~~~~~~~~~~~~~~~~~~~~~~~~~~~~[0m
    Warning occurs in the template of component ResourcesComponent.


Warning: [96msrc/app/front-office/resources/resources.component.html[0m:[93m250[0m:[93m13[0m - [93mwarning[0m[90m NG8103: [0mNG8103: The `*ngIf` directive was used in 
the template, but neither the `NgIf` directive nor the `CommonModule` was imported. Use Angular's built-in control flow @if or make sure that either the `NgIf` directive or the 
`CommonModule` is included in the `@Component.imports` array of this component. Find more at https://v21.angular.dev/extended-diagnostics/NG8103

[7m250[0m       <div *ngIf="!recurrenceResult">
[7m   [0m [93m            ~~~~[0m

  [96msrc/app/front-office/resources/resources.component.ts[0m:[93m15[0m:[93m16[0m
    [7m15[0m   templateUrl: './resources.component.html',
    [7m  [0m [96m               ~~~~~~~~~~~~~~~~~~~~~~~~~~~~[0m
    Warning occurs in the template of component ResourcesComponent.


Warning: [96msrc/app/front-office/resources/resources.component.html[0m:[93m261[0m:[93m24[0m - [93mwarning[0m[90m NG8103: [0mNG8103: The `*ngFor` directive was used in 
the template, but neither the `NgFor` directive nor the `CommonModule` was imported. Use Angular's built-in control flow @for or make sure that either the `NgFor` directive or 
the `CommonModule` is included in the `@Component.imports` array of this component. Find more at https://v21.angular.dev/extended-diagnostics/NG8103

[7m261[0m               <option *ngFor="let p of recurrencePatterns" [value]="p">{{ patternLabel(p) }}</option>
[7m   [0m [93m                       ~~~~~[0m

  [96msrc/app/front-office/resources/resources.component.ts[0m:[93m15[0m:[93m16[0m
    [7m15[0m   templateUrl: './resources.component.html',
    [7m  [0m [96m               ~~~~~~~~~~~~~~~~~~~~~~~~~~~~[0m
    Warning occurs in the template of component ResourcesComponent.


Warning: [96msrc/app/front-office/resources/resources.component.html[0m:[93m267[0m:[93m24[0m - [93mwarning[0m[90m NG8103: [0mNG8103: The `*ngFor` directive was used in 
the template, but neither the `NgFor` directive nor the `CommonModule` was imported. Use Angular's built-in control flow @for or make sure that either the `NgFor` directive or 
the `CommonModule` is included in the `@Component.imports` array of this component. Find more at https://v21.angular.dev/extended-diagnostics/NG8103

[7m267[0m               <option *ngFor="let d of daysOfWeek" [value]="d">{{ dayLabel(d) }}</option>
[7m   [0m [93m                       ~~~~~[0m

  [96msrc/app/front-office/resources/resources.component.ts[0m:[93m15[0m:[93m16[0m
    [7m15[0m   templateUrl: './resources.component.html',
    [7m  [0m [96m               ~~~~~~~~~~~~~~~~~~~~~~~~~~~~[0m
    Warning occurs in the template of component ResourcesComponent.


Warning: [96msrc/app/front-office/resources/resources.component.html[0m:[93m287[0m:[93m39[0m - [93mwarning[0m[90m NG8103: [0mNG8103: The `*ngIf` directive was used in 
the template, but neither the `NgIf` directive nor the `CommonModule` was imported. Use Angular's built-in control flow @if or make sure that either the `NgIf` directive or the 
`CommonModule` is included in the `@Component.imports` array of this component. Find more at https://v21.angular.dev/extended-diagnostics/NG8103

[7m287[0m         <div class="res-alert-error" *ngIf="recurrenceError">{{ recurrenceError }}</div>
[7m   [0m [93m                                      ~~~~[0m

  [96msrc/app/front-office/resources/resources.component.ts[0m:[93m15[0m:[93m16[0m
    [7m15[0m   templateUrl: './resources.component.html',
    [7m  [0m [96m               ~~~~~~~~~~~~~~~~~~~~~~~~~~~~[0m
    Warning occurs in the template of component ResourcesComponent.


Warning: [96msrc/app/front-office/resources/resources.component.html[0m:[93m294[0m:[93m20[0m - [93mwarning[0m[90m NG8103: [0mNG8103: The `*ngIf` directive was used in 
the template, but neither the `NgIf` directive nor the `CommonModule` was imported. Use Angular's built-in control flow @if or make sure that either the `NgIf` directive or the 
`CommonModule` is included in the `@Component.imports` array of this component. Find more at https://v21.angular.dev/extended-diagnostics/NG8103

[7m294[0m             <span *ngIf="!recurrenceLoading">Book Series</span>
[7m   [0m [93m                   ~~~~[0m

  [96msrc/app/front-office/resources/resources.component.ts[0m:[93m15[0m:[93m16[0m
    [7m15[0m   templateUrl: './resources.component.html',
    [7m  [0m [96m               ~~~~~~~~~~~~~~~~~~~~~~~~~~~~[0m
    Warning occurs in the template of component ResourcesComponent.


Warning: [96msrc/app/front-office/resources/resources.component.html[0m:[93m295[0m:[93m20[0m - [93mwarning[0m[90m NG8103: [0mNG8103: The `*ngIf` directive was used in 
the template, but neither the `NgIf` directive nor the `CommonModule` was imported. Use Angular's built-in control flow @if or make sure that either the `NgIf` directive or the 
`CommonModule` is included in the `@Component.imports` array of this component. Find more at https://v21.angular.dev/extended-diagnostics/NG8103

[7m295[0m             <span *ngIf="recurrenceLoading">BookingΓÇª</span>
[7m   [0m [93m                   ~~~~[0m

  [96msrc/app/front-office/resources/resources.component.ts[0m:[93m15[0m:[93m16[0m
    [7m15[0m   templateUrl: './resources.component.html',
    [7m  [0m [96m               ~~~~~~~~~~~~~~~~~~~~~~~~~~~~[0m
    Warning occurs in the template of component ResourcesComponent.


Warning: [96msrc/app/front-office/resources/resources.component.html[0m:[93m301[0m:[93m13[0m - [93mwarning[0m[90m NG8103: [0mNG8103: The `*ngIf` directive was used in 
the template, but neither the `NgIf` directive nor the `CommonModule` was imported. Use Angular's built-in control flow @if or make sure that either the `NgIf` directive or the 
`CommonModule` is included in the `@Component.imports` array of this component. Find more at https://v21.angular.dev/extended-diagnostics/NG8103

[7m301[0m       <div *ngIf="recurrenceResult" class="res-recur-result">
[7m   [0m [93m            ~~~~[0m

  [96msrc/app/front-office/resources/resources.component.ts[0m:[93m15[0m:[93m16[0m
    [7m15[0m   templateUrl: './resources.component.html',
    [7m  [0m [96m               ~~~~~~~~~~~~~~~~~~~~~~~~~~~~[0m
    Warning occurs in the template of component ResourcesComponent.


Warning: [96msrc/app/front-office/resources/resources.component.html[0m:[93m313[0m:[93m15[0m - [93mwarning[0m[90m NG8103: [0mNG8103: The `*ngIf` directive was used in 
the template, but neither the `NgIf` directive nor the `CommonModule` was imported. Use Angular's built-in control flow @if or make sure that either the `NgIf` directive or the 
`CommonModule` is included in the `@Component.imports` array of this component. Find more at https://v21.angular.dev/extended-diagnostics/NG8103

[7m313[0m         <div *ngIf="recurrenceResult.skippedSlots.length > 0" class="res-recur-skipped">
[7m   [0m [93m              ~~~~[0m

  [96msrc/app/front-office/resources/resources.component.ts[0m:[93m15[0m:[93m16[0m
    [7m15[0m   templateUrl: './resources.component.html',
    [7m  [0m [96m               ~~~~~~~~~~~~~~~~~~~~~~~~~~~~[0m
    Warning occurs in the template of component ResourcesComponent.


Warning: [96msrc/app/front-office/resources/resources.component.html[0m:[93m315[0m:[93m17[0m - [93mwarning[0m[90m NG8103: [0mNG8103: The `*ngFor` directive was used in 
the template, but neither the `NgFor` directive nor the `CommonModule` was imported. Use Angular's built-in control flow @for or make sure that either the `NgFor` directive or 
the `CommonModule` is included in the `@Component.imports` array of this component. Find more at https://v21.angular.dev/extended-diagnostics/NG8103

[7m315[0m           <div *ngFor="let s of recurrenceResult.skippedSlots" class="res-recur-skip-row">
[7m   [0m [93m                ~~~~~[0m

  [96msrc/app/front-office/resources/resources.component.ts[0m:[93m15[0m:[93m16[0m
    [7m15[0m   templateUrl: './resources.component.html',
    [7m  [0m [96m               ~~~~~~~~~~~~~~~~~~~~~~~~~~~~[0m
    Warning occurs in the template of component ResourcesComponent.


Warning: [96msrc/app/front-office/verify-certificate/verify-certificate.component.html[0m:[93m4[0m:[93m9[0m - [93mwarning[0m[90m NG8103: [0mNG8103: The `*ngIf` 
directive was used in the template, but neither the `NgIf` directive nor the `CommonModule` was imported. Use Angular's built-in control flow @if or make sure that either the 
`NgIf` directive or the `CommonModule` is included in the `@Component.imports` array of this component. Find more at https://v21.angular.dev/extended-diagnostics/NG8103

[7m4[0m   <div *ngIf="loading" class="text-center animate__animated animate__fadeIn">
[7m [0m [93m        ~~~~[0m

  [96msrc/app/front-office/verify-certificate/verify-certificate.component.ts[0m:[93m8[0m:[93m16[0m
    [7m8[0m   templateUrl: './verify-certificate.component.html',
    [7m [0m [96m               ~~~~~~~~~~~~~~~~~~~~~~~~~~~~~~~~~~~~~[0m
    Warning occurs in the template of component VerifyCertificateComponent.


Warning: [96msrc/app/front-office/verify-certificate/verify-certificate.component.html[0m:[93m10[0m:[93m9[0m - [93mwarning[0m[90m NG8103: [0mNG8103: The `*ngIf` 
directive was used in the template, but neither the `NgIf` directive nor the `CommonModule` was imported. Use Angular's built-in control flow @if or make sure that either the 
`NgIf` directive or the `CommonModule` is included in the `@Component.imports` array of this component. Find more at https://v21.angular.dev/extended-diagnostics/NG8103

[7m10[0m   <div *ngIf="!loading && certificate" class="cert-card shadow-2xl animate__animated animate__zoomIn">
[7m  [0m [93m        ~~~~[0m

  [96msrc/app/front-office/verify-certificate/verify-certificate.component.ts[0m:[93m8[0m:[93m16[0m
    [7m8[0m   templateUrl: './verify-certificate.component.html',
    [7m [0m [96m               ~~~~~~~~~~~~~~~~~~~~~~~~~~~~~~~~~~~~~[0m
    Warning occurs in the template of component VerifyCertificateComponent.


Warning: [96msrc/app/front-office/verify-certificate/verify-certificate.component.html[0m:[93m68[0m:[93m9[0m - [93mwarning[0m[90m NG8103: [0mNG8103: The `*ngIf` 
directive was used in the template, but neither the `NgIf` directive nor the `CommonModule` was imported. Use Angular's built-in control flow @if or make sure that either the 
`NgIf` directive or the `CommonModule` is included in the `@Component.imports` array of this component. Find more at https://v21.angular.dev/extended-diagnostics/NG8103

[7m68[0m   <div *ngIf="!loading && (!certificate || error)" class="error-card text-center animate__animated animate__shakeX">
[7m  [0m [93m        ~~~~[0m

  [96msrc/app/front-office/verify-certificate/verify-certificate.component.ts[0m:[93m8[0m:[93m16[0m
    [7m8[0m   templateUrl: './verify-certificate.component.html',
    [7m [0m [96m               ~~~~~~~~~~~~~~~~~~~~~~~~~~~~~~~~~~~~~[0m
    Warning occurs in the template of component VerifyCertificateComponent.


Warning: [96msrc/app/front-office/video-room/video-room.component.html[0m:[93m25[0m:[93m33[0m - [93mwarning[0m[90m NG8103: [0mNG8103: The `*ngIf` directive was used in 
the template, but neither the `NgIf` directive nor the `CommonModule` was imported. Use Angular's built-in control flow @if or make sure that either the `NgIf` directive or the 
`CommonModule` is included in the `@Component.imports` array of this component. Find more at https://v21.angular.dev/extended-diagnostics/NG8103

[7m25[0m         <span class="badge-sm" *ngIf="currentFaceDetection && faceDetectionEnabled"
[7m  [0m [93m                                ~~~~[0m

  [96msrc/app/front-office/video-room/video-room.component.ts[0m:[93m9[0m:[93m16[0m
    [7m9[0m   templateUrl: './video-room.component.html',
    [7m [0m [96m               ~~~~~~~~~~~~~~~~~~~~~~~~~~~~~[0m
    Warning occurs in the template of component VideoRoomComponent.


Warning: [96msrc/app/front-office/video-room/video-room.component.html[0m:[93m47[0m:[93m42[0m - [93mwarning[0m[90m NG8103: [0mNG8103: The `*ngIf` directive was used in 
the template, but neither the `NgIf` directive nor the `CommonModule` was imported. Use Angular's built-in control flow @if or make sure that either the `NgIf` directive or the 
`CommonModule` is included in the `@Component.imports` array of this component. Find more at https://v21.angular.dev/extended-diagnostics/NG8103

[7m47[0m     <div class="face-detection-overlay" *ngIf="faceDetectionEnabled && currentFaceDetection">
[7m  [0m [93m                                         ~~~~[0m

  [96msrc/app/front-office/video-room/video-room.component.ts[0m:[93m9[0m:[93m16[0m
    [7m9[0m   templateUrl: './video-room.component.html',
    [7m [0m [96m               ~~~~~~~~~~~~~~~~~~~~~~~~~~~~~[0m
    Warning occurs in the template of component VideoRoomComponent.


Warning: [96msrc/app/front-office/video-room/video-room.component.html[0m:[93m60[0m:[93m30[0m - [93mwarning[0m[90m NG8103: [0mNG8103: The `*ngIf` directive was used in 
the template, but neither the `NgIf` directive nor the `CommonModule` was imported. Use Angular's built-in control flow @if or make sure that either the `NgIf` directive or the 
`CommonModule` is included in the `@Component.imports` array of this component. Find more at https://v21.angular.dev/extended-diagnostics/NG8103

[7m60[0m     <div class="side-panel" *ngIf="showChat || showParticipants">
[7m  [0m [93m                             ~~~~[0m

  [96msrc/app/front-office/video-room/video-room.component.ts[0m:[93m9[0m:[93m16[0m
    [7m9[0m   templateUrl: './video-room.component.html',
    [7m [0m [96m               ~~~~~~~~~~~~~~~~~~~~~~~~~~~~~[0m
    Warning occurs in the template of component VideoRoomComponent.


Warning: [96msrc/app/front-office/video-room/video-room.component.html[0m:[93m62[0m:[93m36[0m - [93mwarning[0m[90m NG8103: [0mNG8103: The `*ngIf` directive was used in 
the template, but neither the `NgIf` directive nor the `CommonModule` was imported. Use Angular's built-in control flow @if or make sure that either the `NgIf` directive or the 
`CommonModule` is included in the `@Component.imports` array of this component. Find more at https://v21.angular.dev/extended-diagnostics/NG8103

[7m62[0m       <div class="chat-container" *ngIf="showChat">
[7m  [0m [93m                                   ~~~~[0m

  [96msrc/app/front-office/video-room/video-room.component.ts[0m:[93m9[0m:[93m16[0m
    [7m9[0m   templateUrl: './video-room.component.html',
    [7m [0m [96m               ~~~~~~~~~~~~~~~~~~~~~~~~~~~~~[0m
    Warning occurs in the template of component VideoRoomComponent.


Warning: [96msrc/app/front-office/video-room/video-room.component.html[0m:[93m70[0m:[93m17[0m - [93mwarning[0m[90m NG8103: [0mNG8103: The `*ngFor` directive was used in 
the template, but neither the `NgFor` directive nor the `CommonModule` was imported. Use Angular's built-in control flow @for or make sure that either the `NgFor` directive or 
the `CommonModule` is included in the `@Component.imports` array of this component. Find more at https://v21.angular.dev/extended-diagnostics/NG8103

[7m70[0m           <div *ngFor="let msg of messages" class="chat-message" [class.own-message]="msg.isOwn">
[7m  [0m [93m                ~~~~~[0m

  [96msrc/app/front-office/video-room/video-room.component.ts[0m:[93m9[0m:[93m16[0m
    [7m9[0m   templateUrl: './video-room.component.html',
    [7m [0m [96m               ~~~~~~~~~~~~~~~~~~~~~~~~~~~~~[0m
    Warning occurs in the template of component VideoRoomComponent.


Warning: [96msrc/app/front-office/video-room/video-room.component.html[0m:[93m78[0m:[93m32[0m - [93mwarning[0m[90m NG8103: [0mNG8103: The `*ngIf` directive was used in 
the template, but neither the `NgIf` directive nor the `CommonModule` was imported. Use Angular's built-in control flow @if or make sure that either the `NgIf` directive or the 
`CommonModule` is included in the `@Component.imports` array of this component. Find more at https://v21.angular.dev/extended-diagnostics/NG8103

[7m78[0m <div class="typing-indicator" *ngIf="typingUsers.size > 0">
[7m  [0m [93m                               ~~~~[0m

  [96msrc/app/front-office/video-room/video-room.component.ts[0m:[93m9[0m:[93m16[0m
    [7m9[0m   templateUrl: './video-room.component.html',
    [7m [0m [96m               ~~~~~~~~~~~~~~~~~~~~~~~~~~~~~[0m
    Warning occurs in the template of component VideoRoomComponent.


Warning: [96msrc/app/front-office/video-room/video-room.component.html[0m:[93m102[0m:[93m44[0m - [93mwarning[0m[90m NG8103: [0mNG8103: The `*ngIf` directive was used in 
the template, but neither the `NgIf` directive nor the `CommonModule` was imported. Use Angular's built-in control flow @if or make sure that either the `NgIf` directive or the 
`CommonModule` is included in the `@Component.imports` array of this component. Find more at https://v21.angular.dev/extended-diagnostics/NG8103

[7m102[0m       <div class="participants-container" *ngIf="showParticipants && !showChat">
[7m   [0m [93m                                           ~~~~[0m

  [96msrc/app/front-office/video-room/video-room.component.ts[0m:[93m9[0m:[93m16[0m
    [7m9[0m   templateUrl: './video-room.component.html',
    [7m [0m [96m               ~~~~~~~~~~~~~~~~~~~~~~~~~~~~~[0m
    Warning occurs in the template of component VideoRoomComponent.


Warning: [96msrc/app/front-office/video-room/video-room.component.html[0m:[93m110[0m:[93m17[0m - [93mwarning[0m[90m NG8103: [0mNG8103: The `*ngFor` directive was used 
in the template, but neither the `NgFor` directive nor the `CommonModule` was imported. Use Angular's built-in control flow @for or make sure that either the `NgFor` directive or 
the `CommonModule` is included in the `@Component.imports` array of this component. Find more at https://v21.angular.dev/extended-diagnostics/NG8103

[7m110[0m           <div *ngFor="let participant of participants" class="participant-item">
[7m   [0m [93m                ~~~~~[0m

  [96msrc/app/front-office/video-room/video-room.component.ts[0m:[93m9[0m:[93m16[0m
    [7m9[0m   templateUrl: './video-room.component.html',
    [7m [0m [96m               ~~~~~~~~~~~~~~~~~~~~~~~~~~~~~[0m
    Warning occurs in the template of component VideoRoomComponent.


Warning: [96msrc/app/front-office/video-room/video-room.component.html[0m:[93m118[0m:[93m19[0m - [93mwarning[0m[90m NG8103: [0mNG8103: The `*ngIf` directive was used in 
the template, but neither the `NgIf` directive nor the `CommonModule` was imported. Use Angular's built-in control flow @if or make sure that either the `NgIf` directive or the 
`CommonModule` is included in the `@Component.imports` array of this component. Find more at https://v21.angular.dev/extended-diagnostics/NG8103

[7m118[0m               <i *ngIf="participant.audioMuted" class="fas fa-microphone-slash muted"></i>
[7m   [0m [93m                  ~~~~[0m

  [96msrc/app/front-office/video-room/video-room.component.ts[0m:[93m9[0m:[93m16[0m
    [7m9[0m   templateUrl: './video-room.component.html',
    [7m [0m [96m               ~~~~~~~~~~~~~~~~~~~~~~~~~~~~~[0m
    Warning occurs in the template of component VideoRoomComponent.


Warning: [96msrc/app/front-office/video-room/video-room.component.html[0m:[93m119[0m:[93m19[0m - [93mwarning[0m[90m NG8103: [0mNG8103: The `*ngIf` directive was used in 
the template, but neither the `NgIf` directive nor the `CommonModule` was imported. Use Angular's built-in control flow @if or make sure that either the `NgIf` directive or the 
`CommonModule` is included in the `@Component.imports` array of this component. Find more at https://v21.angular.dev/extended-diagnostics/NG8103

[7m119[0m               <i *ngIf="participant.videoMuted" class="fas fa-video-slash muted"></i>
[7m   [0m [93m                  ~~~~[0m

  [96msrc/app/front-office/video-room/video-room.component.ts[0m:[93m9[0m:[93m16[0m
    [7m9[0m   templateUrl: './video-room.component.html',
    [7m [0m [96m               ~~~~~~~~~~~~~~~~~~~~~~~~~~~~~[0m
    Warning occurs in the template of component VideoRoomComponent.


Warning: [96msrc/app/front-office/video-room/video-room.component.html[0m:[93m120[0m:[93m19[0m - [93mwarning[0m[90m NG8103: [0mNG8103: The `*ngIf` directive was used in 
the template, but neither the `NgIf` directive nor the `CommonModule` was imported. Use Angular's built-in control flow @if or make sure that either the `NgIf` directive or the 
`CommonModule` is included in the `@Component.imports` array of this component. Find more at https://v21.angular.dev/extended-diagnostics/NG8103

[7m120[0m               <i *ngIf="participant.isSpeaking" class="fas fa-volume-up speaking"></i>
[7m   [0m [93m                  ~~~~[0m

  [96msrc/app/front-office/video-room/video-room.component.ts[0m:[93m9[0m:[93m16[0m
    [7m9[0m   templateUrl: './video-room.component.html',
    [7m [0m [96m               ~~~~~~~~~~~~~~~~~~~~~~~~~~~~~[0m
    Warning occurs in the template of component VideoRoomComponent.


Warning: [96msrc/app/front-office/video-room/video-room.component.html[0m:[93m129[0m:[93m55[0m - [93mwarning[0m[90m NG8103: [0mNG8103: The `*ngIf` directive was used in 
the template, but neither the `NgIf` directive nor the `CommonModule` was imported. Use Angular's built-in control flow @if or make sure that either the `NgIf` directive or the 
`CommonModule` is included in the `@Component.imports` array of this component. Find more at https://v21.angular.dev/extended-diagnostics/NG8103

[7m129[0m   <button class="chat-toggle" (click)="toggleChat()" *ngIf="!showChat">
[7m   [0m [93m                                                      ~~~~[0m

  [96msrc/app/front-office/video-room/video-room.component.ts[0m:[93m9[0m:[93m16[0m
    [7m9[0m   templateUrl: './video-room.component.html',
    [7m [0m [96m               ~~~~~~~~~~~~~~~~~~~~~~~~~~~~~[0m
    Warning occurs in the template of component VideoRoomComponent.


Warning: [96msrc/app/front-office/video-room/video-room.component.html[0m:[93m131[0m:[93m26[0m - [93mwarning[0m[90m NG8103: [0mNG8103: The `*ngIf` directive was used in 
the template, but neither the `NgIf` directive nor the `CommonModule` was imported. Use Angular's built-in control flow @if or make sure that either the `NgIf` directive or the 
`CommonModule` is included in the `@Component.imports` array of this component. Find more at https://v21.angular.dev/extended-diagnostics/NG8103

[7m131[0m     <span class="badge" *ngIf="messages.length > 0">{{ messages.length }}</span>
[7m   [0m [93m                         ~~~~[0m

  [96msrc/app/front-office/video-room/video-room.component.ts[0m:[93m9[0m:[93m16[0m
    [7m9[0m   templateUrl: './video-room.component.html',
    [7m [0m [96m               ~~~~~~~~~~~~~~~~~~~~~~~~~~~~~[0m
    Warning occurs in the template of component VideoRoomComponent.


Warning: [96msrc/app/pages/explore-certificates/explore-certificates.component.html[0m:[93m4[0m:[93m40[0m - [93mwarning[0m[90m NG8103: [0mNG8103: The `*ngIf` directive 
was used in the template, but neither the `NgIf` directive nor the `CommonModule` was imported. Use Angular's built-in control flow @if or make sure that either the `NgIf` 
directive or the `CommonModule` is included in the `@Component.imports` array of this component. Find more at https://v21.angular.dev/extended-diagnostics/NG8103

[7m4[0m   <div class="custom-toast-container" *ngIf="showToast">
[7m [0m [93m                                       ~~~~[0m

  [96msrc/app/pages/explore-certificates/explore-certificates.component.ts[0m:[93m7[0m:[93m16[0m
    [7m7[0m   templateUrl: './explore-certificates.component.html',
    [7m [0m [96m               ~~~~~~~~~~~~~~~~~~~~~~~~~~~~~~~~~~~~~~~[0m
    Warning occurs in the template of component ExploreCertificatesComponent.


Warning: [96msrc/app/pages/explore-certificates/explore-certificates.component.html[0m:[93m18[0m:[93m127[0m - [93mwarning[0m[90m NG8103: [0mNG8103: The `*ngIf` 
directive was used in the template, but neither the `NgIf` directive nor the `CommonModule` was imported. Use Angular's built-in control flow @if or make sure that either the 
`NgIf` directive or the `CommonModule` is included in the `@Component.imports` array of this component. Find more at https://v21.angular.dev/extended-diagnostics/NG8103

[7m18[0m     <div class="ai-analysis-card mb-5 p-4 rounded-4 shadow bg-white border-start border-5 border-primary animate-slide-down" *ngIf="!loading && aiAnalysis">
[7m  [0m [93m                                                                                                                              ~~~~[0m

  [96msrc/app/pages/explore-certificates/explore-certificates.component.ts[0m:[93m7[0m:[93m16[0m
    [7m7[0m   templateUrl: './explore-certificates.component.html',
    [7m [0m [96m               ~~~~~~~~~~~~~~~~~~~~~~~~~~~~~~~~~~~~~~~[0m
    Warning occurs in the template of component ExploreCertificatesComponent.


Warning: [96msrc/app/pages/explore-certificates/explore-certificates.component.html[0m:[93m37[0m:[93m11[0m - [93mwarning[0m[90m NG8103: [0mNG8103: The `*ngIf` directive 
was used in the template, but neither the `NgIf` directive nor the `CommonModule` was imported. Use Angular's built-in control flow @if or make sure that either the `NgIf` 
directive or the `CommonModule` is included in the `@Component.imports` array of this component. Find more at https://v21.angular.dev/extended-diagnostics/NG8103

[7m37[0m     <div *ngIf="loading" class="text-center py-5">
[7m  [0m [93m          ~~~~[0m

  [96msrc/app/pages/explore-certificates/explore-certificates.component.ts[0m:[93m7[0m:[93m16[0m
    [7m7[0m   templateUrl: './explore-certificates.component.html',
    [7m [0m [96m               ~~~~~~~~~~~~~~~~~~~~~~~~~~~~~~~~~~~~~~~[0m
    Warning occurs in the template of component ExploreCertificatesComponent.


Warning: [96msrc/app/pages/explore-certificates/explore-certificates.component.html[0m:[93m43[0m:[93m11[0m - [93mwarning[0m[90m NG8103: [0mNG8103: The `*ngIf` directive 
was used in the template, but neither the `NgIf` directive nor the `CommonModule` was imported. Use Angular's built-in control flow @if or make sure that either the `NgIf` 
directive or the `CommonModule` is included in the `@Component.imports` array of this component. Find more at https://v21.angular.dev/extended-diagnostics/NG8103

[7m43[0m     <div *ngIf="!loading && errorMessage" class="alert alert-warning rounded-4 shadow-sm mb-4">
[7m  [0m [93m          ~~~~[0m

  [96msrc/app/pages/explore-certificates/explore-certificates.component.ts[0m:[93m7[0m:[93m16[0m
    [7m7[0m   templateUrl: './explore-certificates.component.html',
    [7m [0m [96m               ~~~~~~~~~~~~~~~~~~~~~~~~~~~~~~~~~~~~~~~[0m
    Warning occurs in the template of component ExploreCertificatesComponent.


Warning: [96msrc/app/pages/explore-certificates/explore-certificates.component.html[0m:[93m48[0m:[93m27[0m - [93mwarning[0m[90m NG8103: [0mNG8103: The `*ngIf` directive 
was used in the template, but neither the `NgIf` directive nor the `CommonModule` was imported. Use Angular's built-in control flow @if or make sure that either the `NgIf` 
directive or the `CommonModule` is included in the `@Component.imports` array of this component. Find more at https://v21.angular.dev/extended-diagnostics/NG8103

[7m48[0m     <div class="row g-4" *ngIf="!loading">
[7m  [0m [93m                          ~~~~[0m

  [96msrc/app/pages/explore-certificates/explore-certificates.component.ts[0m:[93m7[0m:[93m16[0m
    [7m7[0m   templateUrl: './explore-certificates.component.html',
    [7m [0m [96m               ~~~~~~~~~~~~~~~~~~~~~~~~~~~~~~~~~~~~~~~[0m
    Warning occurs in the template of component ExploreCertificatesComponent.


Warning: C:\Users\BabaYaga\Desktop\aletheia-platform\-Esprit-PIDEV-4SAE9-2026-Aletheia\frontend\node_modules\canvg\lib\index.es.js depends on 
'core-js/modules/es.array.index-of.js'. CommonJS or AMD dependencies can cause optimization bailouts.
For more info see: https://angular.dev/tools/cli/build#configuring-commonjs-dependencies

Warning: C:\Users\BabaYaga\Desktop\aletheia-platform\-Esprit-PIDEV-4SAE9-2026-Aletheia\frontend\node_modules\canvg\lib\index.es.js depends on 
'core-js/modules/es.array.iterator.js'. CommonJS or AMD dependencies can cause optimization bailouts.
For more info see: https://angular.dev/tools/cli/build#configuring-commonjs-dependencies

Warning: C:\Users\BabaYaga\Desktop\aletheia-platform\-Esprit-PIDEV-4SAE9-2026-Aletheia\frontend\node_modules\canvg\lib\index.es.js depends on 
'core-js/modules/es.array.reduce.js'. CommonJS or AMD dependencies can cause optimization bailouts.
For more info see: https://angular.dev/tools/cli/build#configuring-commonjs-dependencies

Warning: C:\Users\BabaYaga\Desktop\aletheia-platform\-Esprit-PIDEV-4SAE9-2026-Aletheia\frontend\node_modules\canvg\lib\index.es.js depends on 
'core-js/modules/es.array.reverse.js'. CommonJS or AMD dependencies can cause optimization bailouts.
For more info see: https://angular.dev/tools/cli/build#configuring-commonjs-dependencies

Warning: C:\Users\BabaYaga\Desktop\aletheia-platform\-Esprit-PIDEV-4SAE9-2026-Aletheia\frontend\node_modules\canvg\lib\index.es.js depends on 'core-js/modules/es.promise.js'. 
CommonJS or AMD dependencies can cause optimization bailouts.
For more info see: https://angular.dev/tools/cli/build#configuring-commonjs-dependencies

Warning: C:\Users\BabaYaga\Desktop\aletheia-platform\-Esprit-PIDEV-4SAE9-2026-Aletheia\frontend\node_modules\canvg\lib\index.es.js depends on 
'core-js/modules/es.regexp.to-string.js'. CommonJS or AMD dependencies can cause optimization bailouts.
For more info see: https://angular.dev/tools/cli/build#configuring-commonjs-dependencies

Warning: C:\Users\BabaYaga\Desktop\aletheia-platform\-Esprit-PIDEV-4SAE9-2026-Aletheia\frontend\node_modules\canvg\lib\index.es.js depends on 
'core-js/modules/es.string.ends-with.js'. CommonJS or AMD dependencies can cause optimization bailouts.
For more info see: https://angular.dev/tools/cli/build#configuring-commonjs-dependencies

Warning: C:\Users\BabaYaga\Desktop\aletheia-platform\-Esprit-PIDEV-4SAE9-2026-Aletheia\frontend\node_modules\canvg\lib\index.es.js depends on 
'core-js/modules/es.string.includes.js'. CommonJS or AMD dependencies can cause optimization bailouts.
For more info see: https://angular.dev/tools/cli/build#configuring-commonjs-dependencies

Warning: C:\Users\BabaYaga\Desktop\aletheia-platform\-Esprit-PIDEV-4SAE9-2026-Aletheia\frontend\node_modules\canvg\lib\index.es.js depends on 
'core-js/modules/es.string.match.js'. CommonJS or AMD dependencies can cause optimization bailouts.
For more info see: https://angular.dev/tools/cli/build#configuring-commonjs-dependencies

Warning: C:\Users\BabaYaga\Desktop\aletheia-platform\-Esprit-PIDEV-4SAE9-2026-Aletheia\frontend\node_modules\canvg\lib\index.es.js depends on 
'core-js/modules/es.string.replace.js'. CommonJS or AMD dependencies can cause optimization bailouts.
For more info see: https://angular.dev/tools/cli/build#configuring-commonjs-dependencies

Warning: C:\Users\BabaYaga\Desktop\aletheia-platform\-Esprit-PIDEV-4SAE9-2026-Aletheia\frontend\node_modules\canvg\lib\index.es.js depends on 
'core-js/modules/es.string.split.js'. CommonJS or AMD dependencies can cause optimization bailouts.
For more info see: https://angular.dev/tools/cli/build#configuring-commonjs-dependencies

Warning: C:\Users\BabaYaga\Desktop\aletheia-platform\-Esprit-PIDEV-4SAE9-2026-Aletheia\frontend\node_modules\canvg\lib\index.es.js depends on 
'core-js/modules/es.string.starts-with.js'. CommonJS or AMD dependencies can cause optimization bailouts.
For more info see: https://angular.dev/tools/cli/build#configuring-commonjs-dependencies

Warning: C:\Users\BabaYaga\Desktop\aletheia-platform\-Esprit-PIDEV-4SAE9-2026-Aletheia\frontend\node_modules\canvg\lib\index.es.js depends on 'core-js/modules/es.string.trim.js'. 
CommonJS or AMD dependencies can cause optimization bailouts.
For more info see: https://angular.dev/tools/cli/build#configuring-commonjs-dependencies

Warning: C:\Users\BabaYaga\Desktop\aletheia-platform\-Esprit-PIDEV-4SAE9-2026-Aletheia\frontend\node_modules\canvg\lib\index.es.js depends on 
'core-js/modules/web.dom-collections.iterator.js'. CommonJS or AMD dependencies can cause optimization bailouts.
For more info see: https://angular.dev/tools/cli/build#configuring-commonjs-dependencies

Warning: C:\Users\BabaYaga\Desktop\aletheia-platform\-Esprit-PIDEV-4SAE9-2026-Aletheia\frontend\node_modules\canvg\lib\index.es.js depends on 'raf'. CommonJS or AMD dependencies 
can cause optimization bailouts.
For more info see: https://angular.dev/tools/cli/build#configuring-commonjs-dependencies

Warning: C:\Users\BabaYaga\Desktop\aletheia-platform\-Esprit-PIDEV-4SAE9-2026-Aletheia\frontend\node_modules\canvg\lib\index.es.js depends on 'rgbcolor'. CommonJS or AMD 
dependencies can cause optimization bailouts.
For more info see: https://angular.dev/tools/cli/build#configuring-commonjs-dependencies

Warning: C:\Users\BabaYaga\Desktop\aletheia-platform\-Esprit-PIDEV-4SAE9-2026-Aletheia\frontend\src\app\back-office\manage-certificates\manage-certificates.component.ts depends 
on 'qrcode'. CommonJS or AMD dependencies can cause optimization bailouts.
For more info see: https://angular.dev/tools/cli/build#configuring-commonjs-dependencies

Warning: C:\Users\BabaYaga\Desktop\aletheia-platform\-Esprit-PIDEV-4SAE9-2026-Aletheia\frontend\src\app\front-office\learner-certificates\learner-certificates.component.ts 
depends on 'jszip'. CommonJS or AMD dependencies can cause optimization bailouts.
For more info see: https://angular.dev/tools/cli/build#configuring-commonjs-dependencies

[39m[22m
[1m[31m
Error: [96msrc/app/back-office/allocations/allocation.ts[0m:[93m4[0m:[93m53[0m - [91merror[0m[90m TS2307: [0mCannot find module '@angular/common/http' or its 
corresponding type declarations.

[7m4[0m import { HttpClient, HttpHeaders, HttpParams } from '@angular/common/http';
[7m [0m [91m                                                    ~~~~~~~~~~~~~~~~~~~~~~[0m


Error: [96msrc/app/back-office/allocations/allocation.ts[0m:[93m16[0m:[93m17[0m - [91merror[0m[90m NG2003: [0mNo suitable injection token for parameter 'http' of class 
'AllocationService'.
  Consider using the @Inject decorator to specify an injection token.

[7m16[0m         private http: HttpClient,
[7m  [0m [91m                ~~~~[0m

  [96msrc/app/back-office/allocations/allocation.ts[0m:[93m16[0m:[93m23[0m
    [7m16[0m         private http: HttpClient,
    [7m  [0m [96m                      ~~~~~~~~~~[0m
    This type does not have a value, so it cannot be used as injection token.


Error: [96msrc/app/back-office/allocations/allocation.ts[0m:[93m39[0m:[93m30[0m - [91merror[0m[90m TS18046: [0m'responses' is of type 'unknown'.

[7m39[0m             map(responses => responses.map(response => toNestedAllocation(response)))
[7m  [0m [91m                             ~~~~~~~~~[0m


Error: [96msrc/app/back-office/allocations/allocation.ts[0m:[93m39[0m:[93m44[0m - [91merror[0m[90m TS7006: [0mParameter 'response' implicitly has an 'any' type.

[7m39[0m             map(responses => responses.map(response => toNestedAllocation(response)))
[7m  [0m [91m                                           ~~~~~~~~[0m


Error: [96msrc/app/back-office/allocations/allocation.ts[0m:[93m48[0m:[93m48[0m - [91merror[0m[90m TS2345: [0mArgument of type 'unknown' is not assignable to parameter 
of type 'AllocationResponse'.

[7m48[0m             map(response => toNestedAllocation(response))
[7m  [0m [91m                                               ~~~~~~~~[0m


Error: [96msrc/app/back-office/allocations/allocation.ts[0m:[93m57[0m:[93m30[0m - [91merror[0m[90m TS18046: [0m'responses' is of type 'unknown'.

[7m57[0m             map(responses => responses.map(response => toNestedAllocation(response)))
[7m  [0m [91m                             ~~~~~~~~~[0m


Error: [96msrc/app/back-office/allocations/allocation.ts[0m:[93m57[0m:[93m44[0m - [91merror[0m[90m TS7006: [0mParameter 'response' implicitly has an 'any' type.

[7m57[0m             map(responses => responses.map(response => toNestedAllocation(response)))
[7m  [0m [91m                                           ~~~~~~~~[0m


Error: [96msrc/app/back-office/allocations/allocation.ts[0m:[93m66[0m:[93m30[0m - [91merror[0m[90m TS18046: [0m'responses' is of type 'unknown'.

[7m66[0m             map(responses => responses.map(response => toNestedAllocation(response)))
[7m  [0m [91m                             ~~~~~~~~~[0m


Error: [96msrc/app/back-office/allocations/allocation.ts[0m:[93m66[0m:[93m44[0m - [91merror[0m[90m TS7006: [0mParameter 'response' implicitly has an 'any' type.

[7m66[0m             map(responses => responses.map(response => toNestedAllocation(response)))
[7m  [0m [91m                                           ~~~~~~~~[0m


Error: [96msrc/app/back-office/allocations/resource.service.ts[0m:[93m4[0m:[93m53[0m - [91merror[0m[90m TS2307: [0mCannot find module '@angular/common/http' or its 
corresponding type declarations.

[7m4[0m import { HttpClient, HttpHeaders, HttpParams } from '@angular/common/http';
[7m [0m [91m                                                    ~~~~~~~~~~~~~~~~~~~~~~[0m


Error: [96msrc/app/back-office/allocations/resource.service.ts[0m:[93m15[0m:[93m17[0m - [91merror[0m[90m NG2003: [0mNo suitable injection token for parameter 'http' of 
class 'ResourceService'.
  Consider using the @Inject decorator to specify an injection token.

[7m15[0m         private http: HttpClient,
[7m  [0m [91m                ~~~~[0m

  [96msrc/app/back-office/allocations/resource.service.ts[0m:[93m15[0m:[93m23[0m
    [7m15[0m         private http: HttpClient,
    [7m  [0m [96m                      ~~~~~~~~~~[0m
    This type does not have a value, so it cannot be used as injection token.


Error: [96msrc/app/back-office/back-office.module.ts[0m:[93m50[0m:[93m5[0m - [91merror[0m[90m NG6008: [0mComponent AdminDashboardComponent is standalone, and cannot be 
declared in an NgModule. Did you mean to import it instead?

[7m50[0m     AdminDashboardComponent,
[7m  [0m [91m    ~~~~~~~~~~~~~~~~~~~~~~~[0m


Error: [96msrc/app/back-office/back-office.module.ts[0m:[93m51[0m:[93m5[0m - [91merror[0m[90m NG6008: [0mComponent ManageUsersComponent is standalone, and cannot be 
declared in an NgModule. Did you mean to import it instead?

[7m51[0m     ManageUsersComponent,
[7m  [0m [91m    ~~~~~~~~~~~~~~~~~~~~[0m


Error: [96msrc/app/back-office/back-office.module.ts[0m:[93m52[0m:[93m5[0m - [91merror[0m[90m NG6001: [0mThe class 'TrainerDashboardComponent' is listed in the 
declarations of the NgModule 'BackOfficeModule', but is not a directive, a component, or a pipe. Either remove it from the NgModule's declarations, or add an appropriate Angular 
decorator.

[7m52[0m     TrainerDashboardComponent,
[7m  [0m [91m    ~~~~~~~~~~~~~~~~~~~~~~~~~[0m

  [96msrc/app/back-office/trainer-dashboard/trainer-dashboard.component.ts[0m:[93m21[0m:[93m14[0m
    [7m21[0m export class TrainerDashboardComponent implements OnInit {
    [7m  [0m [96m             ~~~~~~~~~~~~~~~~~~~~~~~~~[0m
    'TrainerDashboardComponent' is declared here.


Error: [96msrc/app/back-office/back-office.module.ts[0m:[93m53[0m:[93m5[0m - [91merror[0m[90m NG6001: [0mThe class 'TrainerCoursesComponent' is listed in the 
declarations of the NgModule 'BackOfficeModule', but is not a directive, a component, or a pipe. Either remove it from the NgModule's declarations, or add an appropriate Angular 
decorator.

[7m53[0m     TrainerCoursesComponent,
[7m  [0m [91m    ~~~~~~~~~~~~~~~~~~~~~~~[0m

  [96msrc/app/back-office/trainer-courses/trainer-courses.component.ts[0m:[93m16[0m:[93m14[0m
    [7m16[0m export class TrainerCoursesComponent implements OnInit {
    [7m  [0m [96m             ~~~~~~~~~~~~~~~~~~~~~~~[0m
    'TrainerCoursesComponent' is declared here.


Error: [96msrc/app/back-office/back-office.module.ts[0m:[93m54[0m:[93m5[0m - [91merror[0m[90m NG6008: [0mComponent ManageLibraryComponent is standalone, and cannot be 
declared in an NgModule. Did you mean to import it instead?

[7m54[0m     ManageLibraryComponent,
[7m  [0m [91m    ~~~~~~~~~~~~~~~~~~~~~~[0m


Error: [96msrc/app/back-office/back-office.module.ts[0m:[93m55[0m:[93m5[0m - [91merror[0m[90m NG6008: [0mComponent ManageCertificatesComponent is standalone, and cannot 
be declared in an NgModule. Did you mean to import it instead?

[7m55[0m     ManageCertificatesComponent,
[7m  [0m [91m    ~~~~~~~~~~~~~~~~~~~~~~~~~~~[0m


Error: [96msrc/app/back-office/back-office.module.ts[0m:[93m56[0m:[93m5[0m - [91merror[0m[90m NG6008: [0mComponent AssessmentFormComponent is standalone, and cannot be 
declared in an NgModule. Did you mean to import it instead?

[7m56[0m     AssessmentFormComponent,
[7m  [0m [91m    ~~~~~~~~~~~~~~~~~~~~~~~[0m


Error: [96msrc/app/back-office/back-office.module.ts[0m:[93m57[0m:[93m5[0m - [91merror[0m[90m NG6008: [0mComponent ManageAssessmentsComponent is standalone, and cannot 
be declared in an NgModule. Did you mean to import it instead?

[7m57[0m     ManageAssessmentsComponent,
[7m  [0m [91m    ~~~~~~~~~~~~~~~~~~~~~~~~~~[0m


Error: [96msrc/app/back-office/back-office.module.ts[0m:[93m58[0m:[93m5[0m - [91merror[0m[90m NG6008: [0mPipe FilterPipe is standalone, and cannot be declared in an 
NgModule. Did you mean to import it instead?

[7m58[0m     FilterPipe,
[7m  [0m [91m    ~~~~~~~~~~[0m


Error: [96msrc/app/back-office/back-office.module.ts[0m:[93m59[0m:[93m5[0m - [91merror[0m[90m NG6001: [0mThe class 'CreateCourseComponent' is listed in the declarations 
of the NgModule 'BackOfficeModule', but is not a directive, a component, or a pipe. Either remove it from the NgModule's declarations, or add an appropriate Angular decorator.

[7m59[0m     CreateCourseComponent,
[7m  [0m [91m    ~~~~~~~~~~~~~~~~~~~~~[0m

  [96msrc/app/back-office/create-course/create-course.component.ts[0m:[93m25[0m:[93m14[0m
    [7m25[0m export class CreateCourseComponent implements OnInit {
    [7m  [0m [96m             ~~~~~~~~~~~~~~~~~~~~~[0m
    'CreateCourseComponent' is declared here.


Error: [96msrc/app/back-office/back-office.module.ts[0m:[93m60[0m:[93m5[0m - [91merror[0m[90m NG6001: [0mThe class 'CreateLessonComponent' is listed in the declarations 
of the NgModule 'BackOfficeModule', but is not a directive, a component, or a pipe. Either remove it from the NgModule's declarations, or add an appropriate Angular decorator.

[7m60[0m     CreateLessonComponent,
[7m  [0m [91m    ~~~~~~~~~~~~~~~~~~~~~[0m

  [96msrc/app/back-office/create-lesson/create-lesson.component.ts[0m:[93m20[0m:[93m14[0m
    [7m20[0m export class CreateLessonComponent implements OnInit {
    [7m  [0m [96m             ~~~~~~~~~~~~~~~~~~~~~[0m
    'CreateLessonComponent' is declared here.


Error: [96msrc/app/back-office/back-office.module.ts[0m:[93m61[0m:[93m5[0m - [91merror[0m[90m NG6001: [0mThe class 'CourseBuilderComponent' is listed in the 
declarations of the NgModule 'BackOfficeModule', but is not a directive, a component, or a pipe. Either remove it from the NgModule's declarations, or add an appropriate Angular 
decorator.

[7m61[0m     CourseBuilderComponent,
[7m  [0m [91m    ~~~~~~~~~~~~~~~~~~~~~~[0m

  [96msrc/app/back-office/courses/course-builder/course-builder.component.ts[0m:[93m31[0m:[93m14[0m
    [7m31[0m export class CourseBuilderComponent implements OnInit {
    [7m  [0m [96m             ~~~~~~~~~~~~~~~~~~~~~~[0m
    'CourseBuilderComponent' is declared here.


Error: [96msrc/app/back-office/back-office.module.ts[0m:[93m62[0m:[93m5[0m - [91merror[0m[90m NG6001: [0mThe class 'EditCourseComponent' is listed in the declarations 
of the NgModule 'BackOfficeModule', but is not a directive, a component, or a pipe. Either remove it from the NgModule's declarations, or add an appropriate Angular decorator.

[7m62[0m     EditCourseComponent,
[7m  [0m [91m    ~~~~~~~~~~~~~~~~~~~[0m

  [96msrc/app/back-office/edit-course/edit-course.component.ts[0m:[93m32[0m:[93m14[0m
    [7m32[0m export class EditCourseComponent implements OnInit {
    [7m  [0m [96m             ~~~~~~~~~~~~~~~~~~~[0m
    'EditCourseComponent' is declared here.


Error: [96msrc/app/back-office/back-office.module.ts[0m:[93m63[0m:[93m5[0m - [91merror[0m[90m NG6008: [0mComponent EventFormComponent is standalone, and cannot be 
declared in an NgModule. Did you mean to import it instead?

[7m63[0m     EventFormComponent,    // ΓåÉ Une seule fois
[7m  [0m [91m    ~~~~~~~~~~~~~~~~~~[0m


Error: [96msrc/app/back-office/back-office.module.ts[0m:[93m64[0m:[93m5[0m - [91merror[0m[90m NG6008: [0mComponent EventListComponent is standalone, and cannot be 
declared in an NgModule. Did you mean to import it instead?

[7m64[0m     EventListComponent, AllocationDetailComponent, AllocationFormComponent, AllocationListComponent,
[7m  [0m [91m    ~~~~~~~~~~~~~~~~~~[0m


Error: [96msrc/app/back-office/back-office.module.ts[0m:[93m64[0m:[93m25[0m - [91merror[0m[90m NG6008: [0mComponent AllocationDetailComponent is standalone, and cannot 
be declared in an NgModule. Did you mean to import it instead?

[7m64[0m     EventListComponent, AllocationDetailComponent, AllocationFormComponent, AllocationListComponent,
[7m  [0m [91m                        ~~~~~~~~~~~~~~~~~~~~~~~~~[0m


Error: [96msrc/app/back-office/back-office.module.ts[0m:[93m64[0m:[93m52[0m - [91merror[0m[90m NG6008: [0mComponent AllocationFormComponent is standalone, and cannot be 
declared in an NgModule. Did you mean to import it instead?

[7m64[0m     EventListComponent, AllocationDetailComponent, AllocationFormComponent, AllocationListComponent,
[7m  [0m [91m                                                   ~~~~~~~~~~~~~~~~~~~~~~~[0m


Error: [96msrc/app/back-office/back-office.module.ts[0m:[93m64[0m:[93m77[0m - [91merror[0m[90m NG6008: [0mComponent AllocationListComponent is standalone, and cannot be 
declared in an NgModule. Did you mean to import it instead?

[7m64[0m     EventListComponent, AllocationDetailComponent, AllocationFormComponent, AllocationListComponent,
[7m  [0m [91m                                                                            ~~~~~~~~~~~~~~~~~~~~~~~[0m


Error: [96msrc/app/back-office/back-office.module.ts[0m:[93m65[0m:[93m5[0m - [91merror[0m[90m NG6008: [0mComponent ManageResourcesComponent is standalone, and cannot be 
declared in an NgModule. Did you mean to import it instead?

[7m65[0m     ManageResourcesComponent,
[7m  [0m [91m    ~~~~~~~~~~~~~~~~~~~~~~~~[0m


Error: [96msrc/app/back-office/back-office.module.ts[0m:[93m66[0m:[93m5[0m - [91merror[0m[90m NG6008: [0mComponent ResourceFormComponent is standalone, and cannot be 
declared in an NgModule. Did you mean to import it instead?

[7m66[0m     ResourceFormComponent,
[7m  [0m [91m    ~~~~~~~~~~~~~~~~~~~~~[0m


Error: [96msrc/app/back-office/back-office.module.ts[0m:[93m67[0m:[93m5[0m - [91merror[0m[90m NG6008: [0mComponent ResourceReservationsComponent is standalone, and 
cannot be declared in an NgModule. Did you mean to import it instead?

[7m67[0m     ResourceReservationsComponent,
[7m  [0m [91m    ~~~~~~~~~~~~~~~~~~~~~~~~~~~~~[0m


Error: [96msrc/app/back-office/back-office.module.ts[0m:[93m68[0m:[93m5[0m - [91merror[0m[90m NG6008: [0mComponent MaintenanceListComponent is standalone, and cannot be 
declared in an NgModule. Did you mean to import it instead?

[7m68[0m     MaintenanceListComponent,
[7m  [0m [91m    ~~~~~~~~~~~~~~~~~~~~~~~~[0m


Error: [96msrc/app/back-office/back-office.module.ts[0m:[93m69[0m:[93m5[0m - [91merror[0m[90m NG6008: [0mComponent MaintenanceFormComponent is standalone, and cannot be 
declared in an NgModule. Did you mean to import it instead?

[7m69[0m     MaintenanceFormComponent,
[7m  [0m [91m    ~~~~~~~~~~~~~~~~~~~~~~~~[0m


Error: [96msrc/app/back-office/back-office.module.ts[0m:[93m70[0m:[93m5[0m - [91merror[0m[90m NG6008: [0mComponent WaitlistComponent is standalone, and cannot be 
declared in an NgModule. Did you mean to import it instead?

[7m70[0m     WaitlistComponent,
[7m  [0m [91m    ~~~~~~~~~~~~~~~~~[0m


Error: [96msrc/app/back-office/back-office.module.ts[0m:[93m71[0m:[93m5[0m - [91merror[0m[90m NG6008: [0mComponent ResourceStatisticsComponent is standalone, and cannot 
be declared in an NgModule. Did you mean to import it instead?

[7m71[0m     ResourceStatisticsComponent,
[7m  [0m [91m    ~~~~~~~~~~~~~~~~~~~~~~~~~~~[0m


Error: [96msrc/app/back-office/back-office.module.ts[0m:[93m72[0m:[93m5[0m - [91merror[0m[90m NG6008: [0mComponent InstructorReservationsComponent is standalone, and 
cannot be declared in an NgModule. Did you mean to import it instead?

[7m72[0m     InstructorReservationsComponent,
[7m  [0m [91m    ~~~~~~~~~~~~~~~~~~~~~~~~~~~~~~~[0m


Error: [96msrc/app/back-office/back-office.module.ts[0m:[93m73[0m:[93m5[0m - [91merror[0m[90m NG6008: [0mComponent TeachingSessionsComponent is standalone, and cannot 
be declared in an NgModule. Did you mean to import it instead?

[7m73[0m     TeachingSessionsComponent,
[7m  [0m [91m    ~~~~~~~~~~~~~~~~~~~~~~~~~[0m


Error: [96msrc/app/back-office/back-office.module.ts[0m:[93m74[0m:[93m5[0m - [91merror[0m[90m NG6008: [0mComponent ReservationApprovalComponent is standalone, and 
cannot be declared in an NgModule. Did you mean to import it instead?

[7m74[0m     ReservationApprovalComponent,
[7m  [0m [91m    ~~~~~~~~~~~~~~~~~~~~~~~~~~~~[0m


Error: [96msrc/app/back-office/back-office.module.ts[0m:[93m75[0m:[93m5[0m - [91merror[0m[90m NG6008: [0mComponent CheckinComponent is standalone, and cannot be 
declared in an NgModule. Did you mean to import it instead?

[7m75[0m     CheckinComponent,
[7m  [0m [91m    ~~~~~~~~~~~~~~~~[0m


Error: [96msrc/app/back-office/back-office.module.ts[0m:[93m76[0m:[93m5[0m - [91merror[0m[90m NG6008: [0mComponent SwapRequestsComponent is standalone, and cannot be 
declared in an NgModule. Did you mean to import it instead?

[7m76[0m     SwapRequestsComponent,
[7m  [0m [91m    ~~~~~~~~~~~~~~~~~~~~~[0m


Error: [96msrc/app/back-office/back-office.module.ts[0m:[93m77[0m:[93m5[0m - [91merror[0m[90m NG6008: [0mComponent InstructorProfileComponent is standalone, and cannot 
be declared in an NgModule. Did you mean to import it instead?

[7m77[0m     InstructorProfileComponent,
[7m  [0m [91m    ~~~~~~~~~~~~~~~~~~~~~~~~~~[0m


Error: [96msrc/app/back-office/back-office.module.ts[0m:[93m78[0m:[93m5[0m - [91merror[0m[90m NG6008: [0mComponent PlatformStatsComponent is standalone, and cannot be 
declared in an NgModule. Did you mean to import it instead?

[7m78[0m     PlatformStatsComponent,
[7m  [0m [91m    ~~~~~~~~~~~~~~~~~~~~~~[0m


Error: [96msrc/app/back-office/back-office.module.ts[0m:[93m79[0m:[93m5[0m - [91merror[0m[90m NG6008: [0mComponent LeaderboardComponent is standalone, and cannot be 
declared in an NgModule. Did you mean to import it instead?

[7m79[0m     LeaderboardComponent,
[7m  [0m [91m    ~~~~~~~~~~~~~~~~~~~~[0m


Error: [96msrc/app/back-office/back-office.module.ts[0m:[93m80[0m:[93m5[0m - [91merror[0m[90m NG6008: [0mComponent UnderutilizedComponent is standalone, and cannot be 
declared in an NgModule. Did you mean to import it instead?

[7m80[0m     UnderutilizedComponent,
[7m  [0m [91m    ~~~~~~~~~~~~~~~~~~~~~~[0m


Error: [96msrc/app/back-office/back-office.module.ts[0m:[93m81[0m:[93m5[0m - [91merror[0m[90m NG6008: [0mComponent ManageLoansComponent is standalone, and cannot be 
declared in an NgModule. Did you mean to import it instead?

[7m81[0m     ManageLoansComponent,
[7m  [0m [91m    ~~~~~~~~~~~~~~~~~~~~[0m


Error: [96msrc/app/back-office/back-office.module.ts[0m:[93m82[0m:[93m5[0m - [91merror[0m[90m NG6008: [0mComponent BorrowingPoliciesComponent is standalone, and cannot 
be declared in an NgModule. Did you mean to import it instead?

[7m82[0m     BorrowingPoliciesComponent,
[7m  [0m [91m    ~~~~~~~~~~~~~~~~~~~~~~~~~~[0m


Error: [96msrc/app/back-office/back-office.module.ts[0m:[93m83[0m:[93m5[0m - [91merror[0m[90m NG6008: [0mComponent InventoryAnalyticsComponent is standalone, and cannot 
be declared in an NgModule. Did you mean to import it instead?

[7m83[0m     InventoryAnalyticsComponent,
[7m  [0m [91m    ~~~~~~~~~~~~~~~~~~~~~~~~~~~[0m


Error: [96msrc/app/back-office/back-office.module.ts[0m:[93m93[0m:[93m5[0m - [91merror[0m[90m NG2005: [0mThe class 'EventService' cannot be created via dependency 
injection, as it does not have an Angular decorator. This will result in an error

Error: [96msrc/app/back-office/back-office.module.ts[0m:[93m96[0m:[93m5[0m - [91merror[0m[90m NG6004: [0mCan't be exported from this NgModule, as it must be imported 
first

[7m96[0m     EventFormComponent,
[7m  [0m [91m    ~~~~~~~~~~~~~~~~~~[0m


Error: [96msrc/app/back-office/back-office.module.ts[0m:[93m97[0m:[93m5[0m - [91merror[0m[90m NG6004: [0mCan't be exported from this NgModule, as it must be imported 
first

[7m97[0m     EventListComponent,AllocationDetailComponent, AllocationFormComponent, AllocationListComponent
[7m  [0m [91m    ~~~~~~~~~~~~~~~~~~[0m


Error: [96msrc/app/back-office/back-office.module.ts[0m:[93m97[0m:[93m24[0m - [91merror[0m[90m NG6004: [0mCan't be exported from this NgModule, as it must be imported 
first

[7m97[0m     EventListComponent,AllocationDetailComponent, AllocationFormComponent, AllocationListComponent
[7m  [0m [91m                       ~~~~~~~~~~~~~~~~~~~~~~~~~[0m


Error: [96msrc/app/back-office/back-office.module.ts[0m:[93m97[0m:[93m51[0m - [91merror[0m[90m NG6004: [0mCan't be exported from this NgModule, as it must be imported 
first

[7m97[0m     EventListComponent,AllocationDetailComponent, AllocationFormComponent, AllocationListComponent
[7m  [0m [91m                                                  ~~~~~~~~~~~~~~~~~~~~~~~[0m


Error: [96msrc/app/back-office/back-office.module.ts[0m:[93m97[0m:[93m76[0m - [91merror[0m[90m NG6004: [0mCan't be exported from this NgModule, as it must be imported 
first

[7m97[0m     EventListComponent,AllocationDetailComponent, AllocationFormComponent, AllocationListComponent
[7m  [0m [91m                                                                           ~~~~~~~~~~~~~~~~~~~~~~~[0m


Error: [96msrc/app/back-office/courses/course-builder/course-builder.component.ts[0m:[93m3[0m:[93m41[0m - [91merror[0m[90m TS2307: [0mCannot find module 
'@angular/common/http' or its corresponding type declarations.

[7m3[0m import { HttpClient, HttpHeaders } from '@angular/common/http';
[7m [0m [91m                                        ~~~~~~~~~~~~~~~~~~~~~~[0m


Error: [96msrc/app/back-office/courses/course-builder/course-builder.component.ts[0m:[93m45[0m:[93m13[0m - [91merror[0m[90m NG2003: [0mNo suitable injection token for 
parameter 'http' of class 'CourseBuilderComponent'.
  Consider using the @Inject decorator to specify an injection token.

[7m45[0m     private http: HttpClient
[7m  [0m [91m            ~~~~[0m

  [96msrc/app/back-office/courses/course-builder/course-builder.component.ts[0m:[93m45[0m:[93m19[0m
    [7m45[0m     private http: HttpClient
    [7m  [0m [96m                  ~~~~~~~~~~[0m
    This type does not have a value, so it cannot be used as injection token.


Error: [96msrc/app/back-office/courses/course-builder/course-builder.component.ts[0m:[93m73[0m:[93m16[0m - [91merror[0m[90m TS7006: [0mParameter 'c' implicitly has an 
'any' type.

[7m73[0m         next: (c) => {
[7m  [0m [91m               ~[0m


Error: [96msrc/app/back-office/courses/course-builder/course-builder.component.ts[0m:[93m79[0m:[93m22[0m - [91merror[0m[90m TS7006: [0mParameter 'list' implicitly has 
an 'any' type.

[7m79[0m               next: (list) => {
[7m  [0m [91m                     ~~~~[0m


Error: [96msrc/app/back-office/courses/course-builder/course-builder.component.ts[0m:[93m83[0m:[93m23[0m - [91merror[0m[90m TS7006: [0mParameter 'err' implicitly has an 
'any' type.

[7m83[0m               error: (err) => {
[7m  [0m [91m                      ~~~[0m


Error: [96msrc/app/back-office/courses/course-builder/course-builder.component.ts[0m:[93m89[0m:[93m17[0m - [91merror[0m[90m TS7006: [0mParameter 'err' implicitly has an 
'any' type.

[7m89[0m         error: (err) => {
[7m  [0m [91m                ~~~[0m


Error: [96msrc/app/back-office/create-course/create-course.component.ts[0m:[93m3[0m:[93m41[0m - [91merror[0m[90m TS2307: [0mCannot find module '@angular/common/http' or 
its corresponding type declarations.

[7m3[0m import { HttpClient, HttpHeaders } from '@angular/common/http';
[7m [0m [91m                                        ~~~~~~~~~~~~~~~~~~~~~~[0m


Error: [96msrc/app/back-office/create-course/create-course.component.ts[0m:[93m60[0m:[93m13[0m - [91merror[0m[90m NG2003: [0mNo suitable injection token for parameter 
'http' of class 'CreateCourseComponent'.
  Consider using the @Inject decorator to specify an injection token.

[7m60[0m     private http: HttpClient,
[7m  [0m [91m            ~~~~[0m

  [96msrc/app/back-office/create-course/create-course.component.ts[0m:[93m60[0m:[93m19[0m
    [7m60[0m     private http: HttpClient,
    [7m  [0m [96m                  ~~~~~~~~~~[0m
    This type does not have a value, so it cannot be used as injection token.


Error: [96msrc/app/back-office/create-course/create-course.component.ts[0m:[93m140[0m:[93m16[0m - [91merror[0m[90m TS7006: [0mParameter 'created' implicitly has an 
'any' type.

[7m140[0m         next: (created) => {
[7m   [0m [91m               ~~~~~~~[0m


Error: [96msrc/app/back-office/create-course/create-course.component.ts[0m:[93m160[0m:[93m17[0m - [91merror[0m[90m TS7006: [0mParameter 'err' implicitly has an 'any' 
type.

[7m160[0m         error: (err) => {
[7m   [0m [91m                ~~~[0m


Error: [96msrc/app/back-office/create-course/create-course.component.ts[0m:[93m224[0m:[93m14[0m - [91merror[0m[90m TS7006: [0mParameter 'res' implicitly has an 'any' 
type.

[7m224[0m       next: (res) => {
[7m   [0m [91m             ~~~[0m


Error: [96msrc/app/back-office/create-course/create-course.component.ts[0m:[93m237[0m:[93m15[0m - [91merror[0m[90m TS7006: [0mParameter 'err' implicitly has an 'any' 
type.

[7m237[0m       error: (err) => {
[7m   [0m [91m              ~~~[0m


Error: [96msrc/app/back-office/create-lesson/create-lesson.component.ts[0m:[93m4[0m:[93m41[0m - [91merror[0m[90m TS2307: [0mCannot find module '@angular/common/http' or 
its corresponding type declarations.

[7m4[0m import { HttpClient, HttpHeaders } from '@angular/common/http';
[7m [0m [91m                                        ~~~~~~~~~~~~~~~~~~~~~~[0m


Error: [96msrc/app/back-office/create-lesson/create-lesson.component.ts[0m:[93m32[0m:[93m13[0m - [91merror[0m[90m NG2003: [0mNo suitable injection token for parameter 
'http' of class 'CreateLessonComponent'.
  Consider using the @Inject decorator to specify an injection token.

[7m32[0m     private http: HttpClient,
[7m  [0m [91m            ~~~~[0m

  [96msrc/app/back-office/create-lesson/create-lesson.component.ts[0m:[93m32[0m:[93m19[0m
    [7m32[0m     private http: HttpClient,
    [7m  [0m [96m                  ~~~~~~~~~~[0m
    This type does not have a value, so it cannot be used as injection token.


Error: [96msrc/app/back-office/create-lesson/create-lesson.component.ts[0m:[93m144[0m:[93m15[0m - [91merror[0m[90m TS7006: [0mParameter 'err' implicitly has an 'any' 
type.

[7m144[0m       error: (err) => {
[7m   [0m [91m              ~~~[0m


Error: [96msrc/app/back-office/edit-course/edit-course.component.ts[0m:[93m4[0m:[93m41[0m - [91merror[0m[90m TS2307: [0mCannot find module '@angular/common/http' or its 
corresponding type declarations.

[7m4[0m import { HttpClient, HttpHeaders } from '@angular/common/http';
[7m [0m [91m                                        ~~~~~~~~~~~~~~~~~~~~~~[0m


Error: [96msrc/app/back-office/edit-course/edit-course.component.ts[0m:[93m54[0m:[93m13[0m - [91merror[0m[90m NG2003: [0mNo suitable injection token for parameter 
'http' of class 'EditCourseComponent'.
  Consider using the @Inject decorator to specify an injection token.

[7m54[0m     private http: HttpClient,
[7m  [0m [91m            ~~~~[0m

  [96msrc/app/back-office/edit-course/edit-course.component.ts[0m:[93m54[0m:[93m19[0m
    [7m54[0m     private http: HttpClient,
    [7m  [0m [96m                  ~~~~~~~~~~[0m
    This type does not have a value, so it cannot be used as injection token.


Error: [96msrc/app/back-office/edit-course/edit-course.component.ts[0m:[93m90[0m:[93m16[0m - [91merror[0m[90m TS7006: [0mParameter 'c' implicitly has an 'any' type.

[7m90[0m         next: (c) => {
[7m  [0m [91m               ~[0m


Error: [96msrc/app/back-office/edit-course/edit-course.component.ts[0m:[93m103[0m:[93m17[0m - [91merror[0m[90m TS7006: [0mParameter 'err' implicitly has an 'any' type.

[7m103[0m         error: (err) => {
[7m   [0m [91m                ~~~[0m


Error: [96msrc/app/back-office/edit-course/edit-course.component.ts[0m:[93m137[0m:[93m16[0m - [91merror[0m[90m TS7006: [0mParameter 'updated' implicitly has an 'any' 
type.

[7m137[0m         next: (updated) => {
[7m   [0m [91m               ~~~~~~~[0m


Error: [96msrc/app/back-office/edit-course/edit-course.component.ts[0m:[93m144[0m:[93m17[0m - [91merror[0m[90m TS7006: [0mParameter 'err' implicitly has an 'any' type.

[7m144[0m         error: (err) => {
[7m   [0m [91m                ~~~[0m


Error: [96msrc/app/back-office/edit-course/edit-course.component.ts[0m:[93m185[0m:[93m14[0m - [91merror[0m[90m TS7006: [0mParameter 'res' implicitly has an 'any' type.

[7m185[0m       next: (res) => {
[7m   [0m [91m             ~~~[0m


Error: [96msrc/app/back-office/edit-course/edit-course.component.ts[0m:[93m198[0m:[93m15[0m - [91merror[0m[90m TS7006: [0mParameter 'err' implicitly has an 'any' type.

[7m198[0m       error: (err) => {
[7m   [0m [91m              ~~~[0m


Error: [96msrc/app/back-office/events/event.service.ts[0m:[93m2[0m:[93m41[0m - [91merror[0m[90m TS2307: [0mCannot find module '@angular/common/http' or its 
corresponding type declarations.

[7m2[0m import { HttpClient, HttpHeaders } from '@angular/common/http';
[7m [0m [91m                                        ~~~~~~~~~~~~~~~~~~~~~~[0m


Error: [96msrc/app/back-office/events/event.service.ts[0m:[93m14[0m:[93m13[0m - [91merror[0m[90m NG2003: [0mNo suitable injection token for parameter 'http' of class 
'EventService'.
  Consider using the @Inject decorator to specify an injection token.

[7m14[0m     private http: HttpClient,
[7m  [0m [91m            ~~~~[0m

  [96msrc/app/back-office/events/event.service.ts[0m:[93m14[0m:[93m19[0m
    [7m14[0m     private http: HttpClient,
    [7m  [0m [96m                  ~~~~~~~~~~[0m
    This type does not have a value, so it cannot be used as injection token.


Error: [96msrc/app/back-office/manage-courses/instructor-course-api.service.ts[0m:[93m2[0m:[93m41[0m - [91merror[0m[90m TS2307: [0mCannot find module 
'@angular/common/http' or its corresponding type declarations.

[7m2[0m import { HttpClient, HttpHeaders } from '@angular/common/http';
[7m [0m [91m                                        ~~~~~~~~~~~~~~~~~~~~~~[0m


Error: [96msrc/app/back-office/manage-courses/instructor-course-api.service.ts[0m:[93m30[0m:[93m23[0m - [91merror[0m[90m NG2003: [0mNo suitable injection token for 
parameter 'http' of class 'InstructorCourseApiService'.
  Consider using the @Inject decorator to specify an injection token.

[7m30[0m   constructor(private http: HttpClient) {}
[7m  [0m [91m                      ~~~~[0m

  [96msrc/app/back-office/manage-courses/instructor-course-api.service.ts[0m:[93m30[0m:[93m29[0m
    [7m30[0m   constructor(private http: HttpClient) {}
    [7m  [0m [96m                            ~~~~~~~~~~[0m
    This type does not have a value, so it cannot be used as injection token.


Error: [96msrc/app/back-office/resources/resource-management.service.ts[0m:[93m2[0m:[93m40[0m - [91merror[0m[90m TS2307: [0mCannot find module '@angular/common/http' or 
its corresponding type declarations.

[7m2[0m import { HttpClient, HttpParams } from '@angular/common/http';
[7m [0m [91m                                       ~~~~~~~~~~~~~~~~~~~~~~[0m


Error: [96msrc/app/back-office/resources/resource-management.service.ts[0m:[93m36[0m:[93m23[0m - [91merror[0m[90m NG2003: [0mNo suitable injection token for parameter 
'http' of class 'ResourceManagementService'.
  Consider using the @Inject decorator to specify an injection token.

[7m36[0m   constructor(private http: HttpClient) {}
[7m  [0m [91m                      ~~~~[0m

  [96msrc/app/back-office/resources/resource-management.service.ts[0m:[93m36[0m:[93m29[0m
    [7m36[0m   constructor(private http: HttpClient) {}
    [7m  [0m [96m                            ~~~~~~~~~~[0m
    This type does not have a value, so it cannot be used as injection token.


Error: [96msrc/app/back-office/trainer-courses/trainer-courses.component.ts[0m:[93m2[0m:[93m41[0m - [91merror[0m[90m TS2307: [0mCannot find module 
'@angular/common/http' or its corresponding type declarations.

[7m2[0m import { HttpClient, HttpHeaders } from '@angular/common/http';
[7m [0m [91m                                        ~~~~~~~~~~~~~~~~~~~~~~[0m


Error: [96msrc/app/back-office/trainer-courses/trainer-courses.component.ts[0m:[93m23[0m:[93m23[0m - [91merror[0m[90m NG2003: [0mNo suitable injection token for 
parameter 'http' of class 'TrainerCoursesComponent'.
  Consider using the @Inject decorator to specify an injection token.

[7m23[0m   constructor(private http: HttpClient) {}
[7m  [0m [91m                      ~~~~[0m

  [96msrc/app/back-office/trainer-courses/trainer-courses.component.ts[0m:[93m23[0m:[93m29[0m
    [7m23[0m   constructor(private http: HttpClient) {}
    [7m  [0m [96m                            ~~~~~~~~~~[0m
    This type does not have a value, so it cannot be used as injection token.


Error: [96msrc/app/back-office/trainer-courses/trainer-courses.component.ts[0m:[93m32[0m:[93m14[0m - [91merror[0m[90m TS7006: [0mParameter 'res' implicitly has an 'any' 
type.

[7m32[0m       next: (res) => {
[7m  [0m [91m             ~~~[0m


Error: [96msrc/app/back-office/trainer-dashboard/trainer-dashboard.component.ts[0m:[93m2[0m:[93m41[0m - [91merror[0m[90m TS2307: [0mCannot find module 
'@angular/common/http' or its corresponding type declarations.

[7m2[0m import { HttpClient, HttpHeaders } from '@angular/common/http';
[7m [0m [91m                                        ~~~~~~~~~~~~~~~~~~~~~~[0m


Error: [96msrc/app/back-office/trainer-dashboard/trainer-dashboard.component.ts[0m:[93m36[0m:[93m23[0m - [91merror[0m[90m NG2003: [0mNo suitable injection token for 
parameter 'http' of class 'TrainerDashboardComponent'.
  Consider using the @Inject decorator to specify an injection token.

[7m36[0m   constructor(private http: HttpClient) {}
[7m  [0m [91m                      ~~~~[0m

  [96msrc/app/back-office/trainer-dashboard/trainer-dashboard.component.ts[0m:[93m36[0m:[93m29[0m
    [7m36[0m   constructor(private http: HttpClient) {}
    [7m  [0m [96m                            ~~~~~~~~~~[0m
    This type does not have a value, so it cannot be used as injection token.


Error: [96msrc/app/back-office/trainer-dashboard/trainer-dashboard.component.ts[0m:[93m56[0m:[93m14[0m - [91merror[0m[90m TS7006: [0mParameter 'res' implicitly has an 
'any' type.

[7m56[0m       next: (res) => {
[7m  [0m [91m             ~~~[0m


Error: [96msrc/app/back-office/trainer-dashboard/trainer-dashboard.component.ts[0m:[93m61[0m:[93m15[0m - [91merror[0m[90m TS7006: [0mParameter 'err' implicitly has an 
'any' type.

[7m61[0m       error: (err) => {
[7m  [0m [91m              ~~~[0m


Error: [96msrc/app/back-office/trainer-dashboard/trainer-dashboard.component.ts[0m:[93m73[0m:[93m14[0m - [91merror[0m[90m TS7006: [0mParameter 'rows' implicitly has an 
'any' type.

[7m73[0m       next: (rows) => {
[7m  [0m [91m             ~~~~[0m


Error: [96msrc/app/back-office/trainer-dashboard/trainer-dashboard.component.ts[0m:[93m77[0m:[93m15[0m - [91merror[0m[90m TS7006: [0mParameter 'err' implicitly has an 
'any' type.

[7m77[0m       error: (err) => {
[7m  [0m [91m              ~~~[0m


Error: [96msrc/app/back-office/trainer-home/trainer-home.component.ts[0m:[93m3[0m:[93m41[0m - [91merror[0m[90m TS2307: [0mCannot find module '@angular/common/http' or 
its corresponding type declarations.

[7m3[0m import { HttpClient, HttpHeaders } from '@angular/common/http';
[7m [0m [91m                                        ~~~~~~~~~~~~~~~~~~~~~~[0m


Error: [96msrc/app/back-office/trainer-home/trainer-home.component.ts[0m:[93m39[0m:[93m23[0m - [91merror[0m[90m NG2003: [0mNo suitable injection token for parameter 
'http' of class 'TrainerHomeComponent'.
  Consider using the @Inject decorator to specify an injection token.

[7m39[0m   constructor(private http: HttpClient) {}
[7m  [0m [91m                      ~~~~[0m

  [96msrc/app/back-office/trainer-home/trainer-home.component.ts[0m:[93m39[0m:[93m29[0m
    [7m39[0m   constructor(private http: HttpClient) {}
    [7m  [0m [96m                            ~~~~~~~~~~[0m
    This type does not have a value, so it cannot be used as injection token.


Error: [96msrc/app/back-office/trainer-home/trainer-home.component.ts[0m:[93m58[0m:[93m14[0m - [91merror[0m[90m TS7006: [0mParameter 'res' implicitly has an 'any' type.

[7m58[0m       next: (res) => {
[7m  [0m [91m             ~~~[0m


Error: [96msrc/app/back-office/trainer-home/trainer-home.component.ts[0m:[93m63[0m:[93m15[0m - [91merror[0m[90m TS7006: [0mParameter 'err' implicitly has an 'any' type.

[7m63[0m       error: (err) => {
[7m  [0m [91m              ~~~[0m


Error: [96msrc/app/back-office/trainer-home/trainer-home.component.ts[0m:[93m75[0m:[93m14[0m - [91merror[0m[90m TS7006: [0mParameter 'rows' implicitly has an 'any' type.

[7m75[0m       next: (rows) => {
[7m  [0m [91m             ~~~~[0m


Error: [96msrc/app/back-office/trainer-home/trainer-home.component.ts[0m:[93m79[0m:[93m15[0m - [91merror[0m[90m TS7006: [0mParameter 'err' implicitly has an 'any' type.

[7m79[0m       error: (err) => {
[7m  [0m [91m              ~~~[0m


Error: [96msrc/app/core/interceptors/auth.interceptor.ts[0m:[93m6[0m:[93m8[0m - [91merror[0m[90m TS2307: [0mCannot find module '@angular/common/http' or its 
corresponding type declarations.

[7m6[0m } from '@angular/common/http';
[7m [0m [91m       ~~~~~~~~~~~~~~~~~~~~~~[0m


Error: [96msrc/app/core/services/analytics.service.ts[0m:[93m2[0m:[93m28[0m - [91merror[0m[90m TS2307: [0mCannot find module '@angular/common/http' or its corresponding 
type declarations.

[7m2[0m import { HttpClient } from '@angular/common/http';
[7m [0m [91m                           ~~~~~~~~~~~~~~~~~~~~~~[0m


Error: [96msrc/app/core/services/analytics.service.ts[0m:[93m88[0m:[93m23[0m - [91merror[0m[90m NG2003: [0mNo suitable injection token for parameter 'http' of class 
'AnalyticsService'.
  Consider using the @Inject decorator to specify an injection token.

[7m88[0m   constructor(private http: HttpClient) {
[7m  [0m [91m                      ~~~~[0m

  [96msrc/app/core/services/analytics.service.ts[0m:[93m88[0m:[93m29[0m
    [7m88[0m   constructor(private http: HttpClient) {
    [7m  [0m [96m                            ~~~~~~~~~~[0m
    This type does not have a value, so it cannot be used as injection token.


Error: [96msrc/app/core/services/assessment.service.ts[0m:[93m2[0m:[93m41[0m - [91merror[0m[90m TS2307: [0mCannot find module '@angular/common/http' or its 
corresponding type declarations.

[7m2[0m import { HttpClient, HttpHeaders } from '@angular/common/http';
[7m [0m [91m                                        ~~~~~~~~~~~~~~~~~~~~~~[0m


Error: [96msrc/app/core/services/assessment.service.ts[0m:[93m13[0m:[93m23[0m - [91merror[0m[90m NG2003: [0mNo suitable injection token for parameter 'http' of class 
'AssessmentService'.
  Consider using the @Inject decorator to specify an injection token.

[7m13[0m   constructor(private http: HttpClient) {}
[7m  [0m [91m                      ~~~~[0m

  [96msrc/app/core/services/assessment.service.ts[0m:[93m13[0m:[93m29[0m
    [7m13[0m   constructor(private http: HttpClient) {}
    [7m  [0m [96m                            ~~~~~~~~~~[0m
    This type does not have a value, so it cannot be used as injection token.


Error: [96msrc/app/core/services/auth.service.ts[0m:[93m2[0m:[93m28[0m - [91merror[0m[90m TS2307: [0mCannot find module '@angular/common/http' or its corresponding type 
declarations.

[7m2[0m import { HttpClient } from '@angular/common/http';
[7m [0m [91m                           ~~~~~~~~~~~~~~~~~~~~~~[0m


Error: [96msrc/app/core/services/auth.service.ts[0m:[93m15[0m:[93m23[0m - [91merror[0m[90m NG2003: [0mNo suitable injection token for parameter 'http' of class 
'AuthService'.
  Consider using the @Inject decorator to specify an injection token.

[7m15[0m   constructor(private http: HttpClient) {}
[7m  [0m [91m                      ~~~~[0m

  [96msrc/app/core/services/auth.service.ts[0m:[93m15[0m:[93m29[0m
    [7m15[0m   constructor(private http: HttpClient) {}
    [7m  [0m [96m                            ~~~~~~~~~~[0m
    This type does not have a value, so it cannot be used as injection token.


Error: [96msrc/app/core/services/auth.service.ts[0m:[93m20[0m:[93m39[0m - [91merror[0m[90m TS18046: [0m'res' is of type 'unknown'.

[7m20[0m         localStorage.setItem('token', res.token);
[7m  [0m [91m                                      ~~~[0m


Error: [96msrc/app/core/services/auth.service.ts[0m:[93m21[0m:[93m38[0m - [91merror[0m[90m TS18046: [0m'res' is of type 'unknown'.

[7m21[0m         localStorage.setItem('role', res.role);
[7m  [0m [91m                                     ~~~[0m


Error: [96msrc/app/core/services/cart.service.ts[0m:[93m2[0m:[93m28[0m - [91merror[0m[90m TS2307: [0mCannot find module '@angular/common/http' or its corresponding type 
declarations.

[7m2[0m import { HttpClient } from '@angular/common/http';
[7m [0m [91m                           ~~~~~~~~~~~~~~~~~~~~~~[0m


Error: [96msrc/app/core/services/cart.service.ts[0m:[93m60[0m:[93m23[0m - [91merror[0m[90m NG2003: [0mNo suitable injection token for parameter 'http' of class 
'CartService'.
  Consider using the @Inject decorator to specify an injection token.

[7m60[0m   constructor(private http: HttpClient) {}
[7m  [0m [91m                      ~~~~[0m

  [96msrc/app/core/services/cart.service.ts[0m:[93m60[0m:[93m29[0m
    [7m60[0m   constructor(private http: HttpClient) {}
    [7m  [0m [96m                            ~~~~~~~~~~[0m
    This type does not have a value, so it cannot be used as injection token.


Error: [96msrc/app/core/services/catalog-menu.service.ts[0m:[93m2[0m:[93m40[0m - [91merror[0m[90m TS2307: [0mCannot find module '@angular/common/http' or its 
corresponding type declarations.

[7m2[0m import { HttpClient, HttpParams } from '@angular/common/http';
[7m [0m [91m                                       ~~~~~~~~~~~~~~~~~~~~~~[0m


Error: [96msrc/app/core/services/catalog-menu.service.ts[0m:[93m20[0m:[93m23[0m - [91merror[0m[90m NG2003: [0mNo suitable injection token for parameter 'http' of class 
'CatalogMenuService'.
  Consider using the @Inject decorator to specify an injection token.

[7m20[0m   constructor(private http: HttpClient) {}
[7m  [0m [91m                      ~~~~[0m

  [96msrc/app/core/services/catalog-menu.service.ts[0m:[93m20[0m:[93m29[0m
    [7m20[0m   constructor(private http: HttpClient) {}
    [7m  [0m [96m                            ~~~~~~~~~~[0m
    This type does not have a value, so it cannot be used as injection token.


Error: [96msrc/app/core/services/certificate.service.ts[0m:[93m1[0m:[93m28[0m - [91merror[0m[90m TS2307: [0mCannot find module '@angular/common/http' or its 
corresponding type declarations.

[7m1[0m import { HttpClient } from '@angular/common/http';
[7m [0m [91m                           ~~~~~~~~~~~~~~~~~~~~~~[0m


Error: [96msrc/app/core/services/certificate.service.ts[0m:[93m14[0m:[93m23[0m - [91merror[0m[90m NG2003: [0mNo suitable injection token for parameter 'http' of class 
'CertificateService'.
  Consider using the @Inject decorator to specify an injection token.

[7m14[0m   constructor(private http: HttpClient) {}
[7m  [0m [91m                      ~~~~[0m

  [96msrc/app/core/services/certificate.service.ts[0m:[93m14[0m:[93m29[0m
    [7m14[0m   constructor(private http: HttpClient) {}
    [7m  [0m [96m                            ~~~~~~~~~~[0m
    This type does not have a value, so it cannot be used as injection token.


Error: [96msrc/app/core/services/coupon.service.ts[0m:[93m2[0m:[93m40[0m - [91merror[0m[90m TS2307: [0mCannot find module '@angular/common/http' or its corresponding 
type declarations.

[7m2[0m import { HttpClient, HttpParams } from '@angular/common/http';
[7m [0m [91m                                       ~~~~~~~~~~~~~~~~~~~~~~[0m


Error: [96msrc/app/core/services/coupon.service.ts[0m:[93m14[0m:[93m23[0m - [91merror[0m[90m NG2003: [0mNo suitable injection token for parameter 'http' of class 
'CouponService'.
  Consider using the @Inject decorator to specify an injection token.

[7m14[0m   constructor(private http: HttpClient) {}
[7m  [0m [91m                      ~~~~[0m

  [96msrc/app/core/services/coupon.service.ts[0m:[93m14[0m:[93m29[0m
    [7m14[0m   constructor(private http: HttpClient) {}
    [7m  [0m [96m                            ~~~~~~~~~~[0m
    This type does not have a value, so it cannot be used as injection token.


Error: [96msrc/app/core/services/course-api.service.ts[0m:[93m2[0m:[93m41[0m - [91merror[0m[90m TS2307: [0mCannot find module '@angular/common/http' or its 
corresponding type declarations.

[7m2[0m import { HttpClient, HttpHeaders } from '@angular/common/http';
[7m [0m [91m                                        ~~~~~~~~~~~~~~~~~~~~~~[0m


Error: [96msrc/app/core/services/course-api.service.ts[0m:[93m66[0m:[93m23[0m - [91merror[0m[90m NG2003: [0mNo suitable injection token for parameter 'http' of class 
'CourseApiService'.
  Consider using the @Inject decorator to specify an injection token.

[7m66[0m   constructor(private http: HttpClient) {}
[7m  [0m [91m                      ~~~~[0m

  [96msrc/app/core/services/course-api.service.ts[0m:[93m66[0m:[93m29[0m
    [7m66[0m   constructor(private http: HttpClient) {}
    [7m  [0m [96m                            ~~~~~~~~~~[0m
    This type does not have a value, so it cannot be used as injection token.


Error: [96msrc/app/core/services/enrollment.service.ts[0m:[93m2[0m:[93m28[0m - [91merror[0m[90m TS2307: [0mCannot find module '@angular/common/http' or its 
corresponding type declarations.

[7m2[0m import { HttpClient } from '@angular/common/http';
[7m [0m [91m                           ~~~~~~~~~~~~~~~~~~~~~~[0m


Error: [96msrc/app/core/services/enrollment.service.ts[0m:[93m12[0m:[93m23[0m - [91merror[0m[90m NG2003: [0mNo suitable injection token for parameter 'http' of class 
'EnrollmentService'.
  Consider using the @Inject decorator to specify an injection token.

[7m12[0m   constructor(private http: HttpClient) {}
[7m  [0m [91m                      ~~~~[0m

  [96msrc/app/core/services/enrollment.service.ts[0m:[93m12[0m:[93m29[0m
    [7m12[0m   constructor(private http: HttpClient) {}
    [7m  [0m [96m                            ~~~~~~~~~~[0m
    This type does not have a value, so it cannot be used as injection token.


Error: [96msrc/app/core/services/flash-sale.service.ts[0m:[93m2[0m:[93m40[0m - [91merror[0m[90m TS2307: [0mCannot find module '@angular/common/http' or its 
corresponding type declarations.

[7m2[0m import { HttpClient, HttpParams } from '@angular/common/http';
[7m [0m [91m                                       ~~~~~~~~~~~~~~~~~~~~~~[0m


Error: [96msrc/app/core/services/flash-sale.service.ts[0m:[93m12[0m:[93m23[0m - [91merror[0m[90m NG2003: [0mNo suitable injection token for parameter 'http' of class 
'FlashSaleService'.
  Consider using the @Inject decorator to specify an injection token.

[7m12[0m   constructor(private http: HttpClient) {}
[7m  [0m [91m                      ~~~~[0m

  [96msrc/app/core/services/flash-sale.service.ts[0m:[93m12[0m:[93m29[0m
    [7m12[0m   constructor(private http: HttpClient) {}
    [7m  [0m [96m                            ~~~~~~~~~~[0m
    This type does not have a value, so it cannot be used as injection token.


Error: [96msrc/app/core/services/inventory-analytics.service.ts[0m:[93m2[0m:[93m40[0m - [91merror[0m[90m TS2307: [0mCannot find module '@angular/common/http' or its 
corresponding type declarations.

[7m2[0m import { HttpClient, HttpParams } from '@angular/common/http';
[7m [0m [91m                                       ~~~~~~~~~~~~~~~~~~~~~~[0m


Error: [96msrc/app/core/services/inventory-analytics.service.ts[0m:[93m48[0m:[93m23[0m - [91merror[0m[90m NG2003: [0mNo suitable injection token for parameter 'http' of 
class 'InventoryAnalyticsService'.
  Consider using the @Inject decorator to specify an injection token.

[7m48[0m   constructor(private http: HttpClient) {}
[7m  [0m [91m                      ~~~~[0m

  [96msrc/app/core/services/inventory-analytics.service.ts[0m:[93m48[0m:[93m29[0m
    [7m48[0m   constructor(private http: HttpClient) {}
    [7m  [0m [96m                            ~~~~~~~~~~[0m
    This type does not have a value, so it cannot be used as injection token.


Error: [96msrc/app/core/services/library.service.ts[0m:[93m2[0m:[93m28[0m - [91merror[0m[90m TS2307: [0mCannot find module '@angular/common/http' or its corresponding 
type declarations.

[7m2[0m import { HttpClient } from '@angular/common/http';
[7m [0m [91m                           ~~~~~~~~~~~~~~~~~~~~~~[0m


Error: [96msrc/app/core/services/library.service.ts[0m:[93m53[0m:[93m23[0m - [91merror[0m[90m NG2003: [0mNo suitable injection token for parameter 'http' of class 
'LibraryService'.
  Consider using the @Inject decorator to specify an injection token.

[7m53[0m   constructor(private http: HttpClient) {}
[7m  [0m [91m                      ~~~~[0m

  [96msrc/app/core/services/library.service.ts[0m:[93m53[0m:[93m29[0m
    [7m53[0m   constructor(private http: HttpClient) {}
    [7m  [0m [96m                            ~~~~~~~~~~[0m
    This type does not have a value, so it cannot be used as injection token.


Error: [96msrc/app/core/services/loan.service.ts[0m:[93m2[0m:[93m40[0m - [91merror[0m[90m TS2307: [0mCannot find module '@angular/common/http' or its corresponding type 
declarations.

[7m2[0m import { HttpClient, HttpParams } from '@angular/common/http';
[7m [0m [91m                                       ~~~~~~~~~~~~~~~~~~~~~~[0m


Error: [96msrc/app/core/services/loan.service.ts[0m:[93m43[0m:[93m23[0m - [91merror[0m[90m NG2003: [0mNo suitable injection token for parameter 'http' of class 
'LoanService'.
  Consider using the @Inject decorator to specify an injection token.

[7m43[0m   constructor(private http: HttpClient) {}
[7m  [0m [91m                      ~~~~[0m

  [96msrc/app/core/services/loan.service.ts[0m:[93m43[0m:[93m29[0m
    [7m43[0m   constructor(private http: HttpClient) {}
    [7m  [0m [96m                            ~~~~~~~~~~[0m
    This type does not have a value, so it cannot be used as injection token.


Error: [96msrc/app/core/services/notification.service.ts[0m:[93m2[0m:[93m28[0m - [91merror[0m[90m TS2307: [0mCannot find module '@angular/common/http' or its 
corresponding type declarations.

[7m2[0m import { HttpClient } from '@angular/common/http';
[7m [0m [91m                           ~~~~~~~~~~~~~~~~~~~~~~[0m


Error: [96msrc/app/core/services/notification.service.ts[0m:[93m32[0m:[93m23[0m - [91merror[0m[90m NG2003: [0mNo suitable injection token for parameter 'http' of class 
'NotificationService'.
  Consider using the @Inject decorator to specify an injection token.

[7m32[0m   constructor(private http: HttpClient) {}
[7m  [0m [91m                      ~~~~[0m

  [96msrc/app/core/services/notification.service.ts[0m:[93m32[0m:[93m29[0m
    [7m32[0m   constructor(private http: HttpClient) {}
    [7m  [0m [96m                            ~~~~~~~~~~[0m
    This type does not have a value, so it cannot be used as injection token.


Error: [96msrc/app/core/services/notification.service.ts[0m:[93m47[0m:[93m13[0m - [91merror[0m[90m TS7006: [0mParameter 'res' implicitly has an 'any' type.

[7m47[0m       next: res => this._unreadCount$.next(res.count),
[7m  [0m [91m            ~~~[0m


Error: [96msrc/app/core/services/notification.service.ts[0m:[93m56[0m:[93m15[0m - [91merror[0m[90m TS7006: [0mParameter 'items' implicitly has an 'any' type.

[7m56[0m         next: items => this._notifications$.next(items),
[7m  [0m [91m              ~~~~~[0m


Error: [96msrc/app/core/services/notification.service.ts[0m:[93m63[0m:[93m13[0m - [91merror[0m[90m TS7006: [0mParameter 'updated' implicitly has an 'any' type.

[7m63[0m       next: updated => {
[7m  [0m [91m            ~~~~~~~[0m


Error: [96msrc/app/core/services/offer.service.ts[0m:[93m2[0m:[93m40[0m - [91merror[0m[90m TS2307: [0mCannot find module '@angular/common/http' or its corresponding 
type declarations.

[7m2[0m import { HttpClient, HttpParams } from '@angular/common/http';
[7m [0m [91m                                       ~~~~~~~~~~~~~~~~~~~~~~[0m


Error: [96msrc/app/core/services/offer.service.ts[0m:[93m12[0m:[93m23[0m - [91merror[0m[90m NG2003: [0mNo suitable injection token for parameter 'http' of class 
'OfferService'.
  Consider using the @Inject decorator to specify an injection token.

[7m12[0m   constructor(private http: HttpClient) {}
[7m  [0m [91m                      ~~~~[0m

  [96msrc/app/core/services/offer.service.ts[0m:[93m12[0m:[93m29[0m
    [7m12[0m   constructor(private http: HttpClient) {}
    [7m  [0m [96m                            ~~~~~~~~~~[0m
    This type does not have a value, so it cannot be used as injection token.


Error: [96msrc/app/core/services/submission.service.ts[0m:[93m1[0m:[93m41[0m - [91merror[0m[90m TS2307: [0mCannot find module '@angular/common/http' or its 
corresponding type declarations.

[7m1[0m import { HttpClient, HttpHeaders } from '@angular/common/http';
[7m [0m [91m                                        ~~~~~~~~~~~~~~~~~~~~~~[0m


Error: [96msrc/app/core/services/submission.service.ts[0m:[93m10[0m:[93m23[0m - [91merror[0m[90m NG2003: [0mNo suitable injection token for parameter 'http' of class 
'SubmissionService'.
  Consider using the @Inject decorator to specify an injection token.

[7m10[0m   constructor(private http: HttpClient) {}
[7m  [0m [91m                      ~~~~[0m

  [96msrc/app/core/services/submission.service.ts[0m:[93m10[0m:[93m29[0m
    [7m10[0m   constructor(private http: HttpClient) {}
    [7m  [0m [96m                            ~~~~~~~~~~[0m
    This type does not have a value, so it cannot be used as injection token.


Error: [96msrc/app/core/services/subscription-plan.service.ts[0m:[93m3[0m:[93m28[0m - [91merror[0m[90m TS2307: [0mCannot find module '@angular/common/http' or its 
corresponding type declarations.

[7m3[0m import { HttpClient } from '@angular/common/http';
[7m [0m [91m                           ~~~~~~~~~~~~~~~~~~~~~~[0m


Error: [96msrc/app/core/services/subscription-plan.service.ts[0m:[93m13[0m:[93m23[0m - [91merror[0m[90m NG2003: [0mNo suitable injection token for parameter 'http' of 
class 'SubscriptionPlanService'.
  Consider using the @Inject decorator to specify an injection token.

[7m13[0m   constructor(private http: HttpClient) {}
[7m  [0m [91m                      ~~~~[0m

  [96msrc/app/core/services/subscription-plan.service.ts[0m:[93m13[0m:[93m29[0m
    [7m13[0m   constructor(private http: HttpClient) {}
    [7m  [0m [96m                            ~~~~~~~~~~[0m
    This type does not have a value, so it cannot be used as injection token.


Error: [96msrc/app/core/services/user.service.ts[0m:[93m2[0m:[93m41[0m - [91merror[0m[90m TS2307: [0mCannot find module '@angular/common/http' or its corresponding type 
declarations.

[7m2[0m import { HttpClient, HttpHeaders } from '@angular/common/http'; // Import HttpHeaders
[7m [0m [91m                                        ~~~~~~~~~~~~~~~~~~~~~~[0m


Error: [96msrc/app/core/services/user.service.ts[0m:[93m12[0m:[93m23[0m - [91merror[0m[90m NG2003: [0mNo suitable injection token for parameter 'http' of class 
'UserService'.
  Consider using the @Inject decorator to specify an injection token.

[7m12[0m   constructor(private http: HttpClient) { }
[7m  [0m [91m                      ~~~~[0m

  [96msrc/app/core/services/user.service.ts[0m:[93m12[0m:[93m29[0m
    [7m12[0m   constructor(private http: HttpClient) { }
    [7m  [0m [96m                            ~~~~~~~~~~[0m
    This type does not have a value, so it cannot be used as injection token.


Error: [96msrc/app/front-office/course-details/course-details.component.html[0m:[93m19[0m:[93m42[0m - [91merror[0m[90m TS2531: [0mObject is possibly 'null'.

[7m19[0m           <h1 class="cd-title">{{ course.title }}</h1>
[7m  [0m [91m                                         ~~~~~[0m

  [96msrc/app/front-office/course-details/course-details.component.ts[0m:[93m18[0m:[93m16[0m
    [7m18[0m   templateUrl: './course-details.component.html',
    [7m  [0m [96m               ~~~~~~~~~~~~~~~~~~~~~~~~~~~~~~~~~[0m
    Error occurs in the template of component CourseDetailsComponent.


Error: [96msrc/app/front-office/course-details/course-details.component.html[0m:[93m24[0m:[93m40[0m - [91merror[0m[90m TS2531: [0mObject is possibly 'null'.

[7m24[0m               Instructor: <b>{{ course.instructorName || 'ΓÇö' }}</b>
[7m  [0m [91m                                       ~~~~~~~~~~~~~~[0m

  [96msrc/app/front-office/course-details/course-details.component.ts[0m:[93m18[0m:[93m16[0m
    [7m18[0m   templateUrl: './course-details.component.html',
    [7m  [0m [96m               ~~~~~~~~~~~~~~~~~~~~~~~~~~~~~~~~~[0m
    Error occurs in the template of component CourseDetailsComponent.


Error: [96msrc/app/front-office/course-details/course-details.component.html[0m:[93m29[0m:[93m25[0m - [91merror[0m[90m TS2531: [0mObject is possibly 'null'.

[7m29[0m               {{ course.category }}
[7m  [0m [91m                        ~~~~~~~~[0m

  [96msrc/app/front-office/course-details/course-details.component.ts[0m:[93m18[0m:[93m16[0m
    [7m18[0m   templateUrl: './course-details.component.html',
    [7m  [0m [96m               ~~~~~~~~~~~~~~~~~~~~~~~~~~~~~~~~~[0m
    Error occurs in the template of component CourseDetailsComponent.


Error: [96msrc/app/front-office/course-details/course-details.component.html[0m:[93m34[0m:[93m25[0m - [91merror[0m[90m TS2531: [0mObject is possibly 'null'.

[7m34[0m               {{ course.subCategory }}
[7m  [0m [91m                        ~~~~~~~~~~~[0m

  [96msrc/app/front-office/course-details/course-details.component.ts[0m:[93m18[0m:[93m16[0m
    [7m18[0m   templateUrl: './course-details.component.html',
    [7m  [0m [96m               ~~~~~~~~~~~~~~~~~~~~~~~~~~~~~~~~~[0m
    Error occurs in the template of component CourseDetailsComponent.


Error: [96msrc/app/front-office/course-details/course-details.component.html[0m:[93m39[0m:[93m23[0m - [91merror[0m[90m TS2531: [0mObject is possibly 'null'.

[7m39[0m             {{ course.description }}
[7m  [0m [91m                      ~~~~~~~~~~~[0m

  [96msrc/app/front-office/course-details/course-details.component.ts[0m:[93m18[0m:[93m16[0m
    [7m18[0m   templateUrl: './course-details.component.html',
    [7m  [0m [96m               ~~~~~~~~~~~~~~~~~~~~~~~~~~~~~~~~~[0m
    Error occurs in the template of component CourseDetailsComponent.


Error: [96msrc/app/front-office/course-details/course-details.component.html[0m:[93m45[0m:[93m46[0m - [91merror[0m[90m TS2531: [0mObject is possibly 'null'.

[7m45[0m               <div class="q-value">{{ course.durationHours }}h</div>
[7m  [0m [91m                                             ~~~~~~~~~~~~~[0m

  [96msrc/app/front-office/course-details/course-details.component.ts[0m:[93m18[0m:[93m16[0m
    [7m18[0m   templateUrl: './course-details.component.html',
    [7m  [0m [96m               ~~~~~~~~~~~~~~~~~~~~~~~~~~~~~~~~~[0m
    Error occurs in the template of component CourseDetailsComponent.


Error: [96msrc/app/front-office/course-details/course-details.component.html[0m:[93m49[0m:[93m46[0m - [91merror[0m[90m TS2531: [0mObject is possibly 'null'.

[7m49[0m               <div class="q-value">{{ course.createdAt | date:'mediumDate' }}</div>
[7m  [0m [91m                                             ~~~~~~~~~[0m

  [96msrc/app/front-office/course-details/course-details.component.ts[0m:[93m18[0m:[93m16[0m
    [7m18[0m   templateUrl: './course-details.component.html',
    [7m  [0m [96m               ~~~~~~~~~~~~~~~~~~~~~~~~~~~~~~~~~[0m
    Error occurs in the template of component CourseDetailsComponent.


Error: [96msrc/app/front-office/course-details/course-details.component.html[0m:[93m49[0m:[93m58[0m - [91merror[0m[90m NG8004: [0mNo pipe found with name 'date'.
To fix this, import the "DatePipe" class from "@angular/common" and add it to the "imports" array of the component.

[7m49[0m               <div class="q-value">{{ course.createdAt | date:'mediumDate' }}</div>
[7m  [0m [91m                                                         ~~~~[0m

  [96msrc/app/front-office/course-details/course-details.component.ts[0m:[93m18[0m:[93m16[0m
    [7m18[0m   templateUrl: './course-details.component.html',
    [7m  [0m [96m               ~~~~~~~~~~~~~~~~~~~~~~~~~~~~~~~~~[0m
    Error occurs in the template of component CourseDetailsComponent.


Error: [96msrc/app/front-office/course-details/course-details.component.html[0m:[93m75[0m:[93m23[0m - [91merror[0m[90m TS2531: [0mObject is possibly 'null'.

[7m75[0m             {{ course.description }}
[7m  [0m [91m                      ~~~~~~~~~~~[0m

  [96msrc/app/front-office/course-details/course-details.component.ts[0m:[93m18[0m:[93m16[0m
    [7m18[0m   templateUrl: './course-details.component.html',
    [7m  [0m [96m               ~~~~~~~~~~~~~~~~~~~~~~~~~~~~~~~~~[0m
    Error occurs in the template of component CourseDetailsComponent.


Error: [96msrc/app/front-office/course-details/course-details.component.html[0m:[93m112[0m:[93m48[0m - [91merror[0m[90m TS2531: [0mObject is possibly 'null'.

[7m112[0m             <div class="price-value">{{ course.price }} <span>$</span></div>
[7m   [0m [91m                                               ~~~~~[0m

  [96msrc/app/front-office/course-details/course-details.component.ts[0m:[93m18[0m:[93m16[0m
    [7m18[0m   templateUrl: './course-details.component.html',
    [7m  [0m [96m               ~~~~~~~~~~~~~~~~~~~~~~~~~~~~~~~~~[0m
    Error occurs in the template of component CourseDetailsComponent.


Error: [96msrc/app/front-office/course-details/course-details.component.html[0m:[93m118[0m:[93m51[0m - [91merror[0m[90m TS2531: [0mObject is possibly 'null'.

[7m118[0m               <span class="meta-txt"><b>{{ course.durationHours }}</b> hours of content</span>
[7m   [0m [91m                                                  ~~~~~~~~~~~~~[0m

  [96msrc/app/front-office/course-details/course-details.component.ts[0m:[93m18[0m:[93m16[0m
    [7m18[0m   templateUrl: './course-details.component.html',
    [7m  [0m [96m               ~~~~~~~~~~~~~~~~~~~~~~~~~~~~~~~~~[0m
    Error occurs in the template of component CourseDetailsComponent.


Error: [96msrc/app/front-office/course-details/course-details.component.html[0m:[93m122[0m:[93m59[0m - [91merror[0m[90m TS2531: [0mObject is possibly 'null'.

[7m122[0m               <span class="meta-txt">Created <b>{{ course.createdAt | date:'mediumDate' }}</b></span>
[7m   [0m [91m                                                          ~~~~~~~~~[0m

  [96msrc/app/front-office/course-details/course-details.component.ts[0m:[93m18[0m:[93m16[0m
    [7m18[0m   templateUrl: './course-details.component.html',
    [7m  [0m [96m               ~~~~~~~~~~~~~~~~~~~~~~~~~~~~~~~~~[0m
    Error occurs in the template of component CourseDetailsComponent.


Error: [96msrc/app/front-office/course-details/course-details.component.html[0m:[93m122[0m:[93m71[0m - [91merror[0m[90m NG8004: [0mNo pipe found with name 'date'.
To fix this, import the "DatePipe" class from "@angular/common" and add it to the "imports" array of the component.

[7m122[0m               <span class="meta-txt">Created <b>{{ course.createdAt | date:'mediumDate' }}</b></span>
[7m   [0m [91m                                                                      ~~~~[0m

  [96msrc/app/front-office/course-details/course-details.component.ts[0m:[93m18[0m:[93m16[0m
    [7m18[0m   templateUrl: './course-details.component.html',
    [7m  [0m [96m               ~~~~~~~~~~~~~~~~~~~~~~~~~~~~~~~~~[0m
    Error occurs in the template of component CourseDetailsComponent.


Error: [96msrc/app/front-office/dashboard/dashboard.component.html[0m:[93m61[0m:[93m9[0m - [91merror[0m[90m NG8001: [0m'app-explore-mega-menu' is not a known element:
1. If 'app-explore-mega-menu' is an Angular component, then verify that it is included in the '@Component.imports' of this component.
2. If 'app-explore-mega-menu' is a Web Component then add 'CUSTOM_ELEMENTS_SCHEMA' to the '@Component.schemas' of this component to suppress this message.

[7m61[0m         <app-explore-mega-menu></app-explore-mega-menu>
[7m  [0m [91m        ~~~~~~~~~~~~~~~~~~~~~~~[0m

  [96msrc/app/front-office/dashboard/dashboard.component.ts[0m:[93m9[0m:[93m16[0m
    [7m9[0m   templateUrl: './dashboard.component.html',
    [7m [0m [96m               ~~~~~~~~~~~~~~~~~~~~~~~~~~~~[0m
    Error occurs in the template of component DashboardComponent.


Error: [96msrc/app/front-office/dashboard/dashboard.component.html[0m:[93m72[0m:[93m58[0m - [91merror[0m[90m NG8004: [0mNo pipe found with name 'slice'.
To fix this, import the "SlicePipe" class from "@angular/common" and add it to the "imports" array of the component.

[7m72[0m           <span class="avatar">{{ userName ? (userName | slice:0:2 | uppercase) : 'JD' }}</span>
[7m  [0m [91m                                                         ~~~~~[0m

  [96msrc/app/front-office/dashboard/dashboard.component.ts[0m:[93m9[0m:[93m16[0m
    [7m9[0m   templateUrl: './dashboard.component.html',
    [7m [0m [96m               ~~~~~~~~~~~~~~~~~~~~~~~~~~~~[0m
    Error occurs in the template of component DashboardComponent.


Error: [96msrc/app/front-office/dashboard/dashboard.component.html[0m:[93m72[0m:[93m70[0m - [91merror[0m[90m NG8004: [0mNo pipe found with name 'uppercase'.
To fix this, import the "UpperCasePipe" class from "@angular/common" and add it to the "imports" array of the component.

[7m72[0m           <span class="avatar">{{ userName ? (userName | slice:0:2 | uppercase) : 'JD' }}</span>
[7m  [0m [91m                                                                     ~~~~~~~~~[0m

  [96msrc/app/front-office/dashboard/dashboard.component.ts[0m:[93m9[0m:[93m16[0m
    [7m9[0m   templateUrl: './dashboard.component.html',
    [7m [0m [96m               ~~~~~~~~~~~~~~~~~~~~~~~~~~~~[0m
    Error occurs in the template of component DashboardComponent.


Error: [96msrc/app/front-office/dashboard/dashboard.component.html[0m:[93m158[0m:[93m109[0m - [91merror[0m[90m NG8004: [0mNo pipe found with name 'currency'.
To fix this, import the "CurrencyPipe" class from "@angular/common" and add it to the "imports" array of the component.

[7m158[0m               <span class="purchase-preview-meta">{{ order.items.length }} item(s) ┬╖ {{ order.totalAmount | currency:'USD' }}</span>
[7m   [0m [91m                                                                                                            ~~~~~~~~[0m

  [96msrc/app/front-office/dashboard/dashboard.component.ts[0m:[93m9[0m:[93m16[0m
    [7m9[0m   templateUrl: './dashboard.component.html',
    [7m [0m [96m               ~~~~~~~~~~~~~~~~~~~~~~~~~~~~[0m
    Error occurs in the template of component DashboardComponent.


Error: [96msrc/app/front-office/dashboard/dashboard.component.html[0m:[93m261[0m:[93m61[0m - [91merror[0m[90m NG8004: [0mNo pipe found with name 'date'.
To fix this, import the "DatePipe" class from "@angular/common" and add it to the "imports" array of the component.

[7m261[0m               <span class="order-date">{{ order.createdAt | date:'MMM dd, yyyy - h:mm a' }}</span>
[7m   [0m [91m                                                            ~~~~[0m

  [96msrc/app/front-office/dashboard/dashboard.component.ts[0m:[93m9[0m:[93m16[0m
    [7m9[0m   templateUrl: './dashboard.component.html',
    [7m [0m [96m               ~~~~~~~~~~~~~~~~~~~~~~~~~~~~[0m
    Error occurs in the template of component DashboardComponent.


Error: [96msrc/app/front-office/dashboard/dashboard.component.html[0m:[93m265[0m:[93m64[0m - [91merror[0m[90m NG8004: [0mNo pipe found with name 'currency'.
To fix this, import the "CurrencyPipe" class from "@angular/common" and add it to the "imports" array of the component.

[7m265[0m               <span class="order-total">{{ order.totalAmount | currency:'USD' }}</span>
[7m   [0m [91m                                                               ~~~~~~~~[0m

  [96msrc/app/front-office/dashboard/dashboard.component.ts[0m:[93m9[0m:[93m16[0m
    [7m9[0m   templateUrl: './dashboard.component.html',
    [7m [0m [96m               ~~~~~~~~~~~~~~~~~~~~~~~~~~~~[0m
    Error occurs in the template of component DashboardComponent.


Error: [96msrc/app/front-office/dashboard/dashboard.component.html[0m:[93m295[0m:[93m72[0m - [91merror[0m[90m NG8004: [0mNo pipe found with name 'currency'.
To fix this, import the "CurrencyPipe" class from "@angular/common" and add it to the "imports" array of the component.

[7m295[0m                   <p class="order-item-meta">{{ item.priceAtPurchase | currency:'USD' }} ├ù {{ item.quantity }}</p>
[7m   [0m [91m                                                                       ~~~~~~~~[0m

  [96msrc/app/front-office/dashboard/dashboard.component.ts[0m:[93m9[0m:[93m16[0m
    [7m9[0m   templateUrl: './dashboard.component.html',
    [7m [0m [96m               ~~~~~~~~~~~~~~~~~~~~~~~~~~~~[0m
    Error occurs in the template of component DashboardComponent.


Error: [96msrc/app/front-office/explore3d/explore3d.component.html[0m:[93m67[0m:[93m49[0m - [91merror[0m[90m TS2531: [0mObject is possibly 'null'.

[7m67[0m       <span class="prompt-icon">{{ nearBuilding.icon }}</span>
[7m  [0m [91m                                                ~~~~[0m

  [96msrc/app/front-office/explore3d/explore3d.component.ts[0m:[93m28[0m:[93m16[0m
    [7m28[0m   templateUrl: './explore3d.component.html',
    [7m  [0m [96m               ~~~~~~~~~~~~~~~~~~~~~~~~~~~~[0m
    Error occurs in the template of component Explore3dComponent.


Error: [96msrc/app/front-office/explore3d/explore3d.component.html[0m:[93m69[0m:[93m33[0m - [91merror[0m[90m TS2531: [0mObject is possibly 'null'.

[7m69[0m         <strong>{{ nearBuilding.label }}</strong>
[7m  [0m [91m                                ~~~~~[0m

  [96msrc/app/front-office/explore3d/explore3d.component.ts[0m:[93m28[0m:[93m16[0m
    [7m28[0m   templateUrl: './explore3d.component.html',
    [7m  [0m [96m               ~~~~~~~~~~~~~~~~~~~~~~~~~~~~[0m
    Error occurs in the template of component Explore3dComponent.


Error: [96msrc/app/front-office/explore3d/explore3d.component.html[0m:[93m70[0m:[93m28[0m - [91merror[0m[90m TS2531: [0mObject is possibly 'null'.

[7m70[0m         <p>{{ nearBuilding.description }}</p>
[7m  [0m [91m                           ~~~~~~~~~~~[0m

  [96msrc/app/front-office/explore3d/explore3d.component.ts[0m:[93m28[0m:[93m16[0m
    [7m28[0m   templateUrl: './explore3d.component.html',
    [7m  [0m [96m               ~~~~~~~~~~~~~~~~~~~~~~~~~~~~[0m
    Error occurs in the template of component Explore3dComponent.


Error: [96msrc/app/front-office/explore3d/explore3d.component.html[0m:[93m74[0m:[93m25[0m - [91merror[0m[90m TS2531: [0mObject is possibly 'null'.

[7m74[0m         {{ nearBuilding.label === 'Digital Library' ? 'Browse & Buy' : 'Enter' }}
[7m  [0m [91m                        ~~~~~[0m

  [96msrc/app/front-office/explore3d/explore3d.component.ts[0m:[93m28[0m:[93m16[0m
    [7m28[0m   templateUrl: './explore3d.component.html',
    [7m  [0m [96m               ~~~~~~~~~~~~~~~~~~~~~~~~~~~~[0m
    Error occurs in the template of component Explore3dComponent.


Error: [96msrc/app/front-office/explore3d/explore3d.component.html[0m:[93m131[0m:[93m85[0m - [91merror[0m[90m NG8004: [0mNo pipe found with name 'number'.
To fix this, import the "DecimalPipe" class from "@angular/common" and add it to the "imports" array of the component.

[7m131[0m                   <span class="card-price" *ngIf="product.price">{{ product.price | number:'1.2-2' }} TND</span>
[7m   [0m [91m                                                                                    ~~~~~~[0m

  [96msrc/app/front-office/explore3d/explore3d.component.ts[0m:[93m28[0m:[93m16[0m
    [7m28[0m   templateUrl: './explore3d.component.html',
    [7m  [0m [96m               ~~~~~~~~~~~~~~~~~~~~~~~~~~~~[0m
    Error occurs in the template of component Explore3dComponent.


Error: [96msrc/app/front-office/explore3d/explore3d.component.html[0m:[93m194[0m:[93m71[0m - [91merror[0m[90m NG8004: [0mNo pipe found with name 'number'.
To fix this, import the "DecimalPipe" class from "@angular/common" and add it to the "imports" array of the component.

[7m194[0m                 <span class="cart-item-price">{{ item.product.price | number:'1.2-2' }} TND ├ù {{ item.quantity }}</span>
[7m   [0m [91m                                                                      ~~~~~~[0m

  [96msrc/app/front-office/explore3d/explore3d.component.ts[0m:[93m28[0m:[93m16[0m
    [7m28[0m   templateUrl: './explore3d.component.html',
    [7m  [0m [96m               ~~~~~~~~~~~~~~~~~~~~~~~~~~~~[0m
    Error occurs in the template of component Explore3dComponent.


Error: [96msrc/app/front-office/explore3d/explore3d.component.html[0m:[93m197[0m:[93m92[0m - [91merror[0m[90m NG8004: [0mNo pipe found with name 'number'.
To fix this, import the "DecimalPipe" class from "@angular/common" and add it to the "imports" array of the component.

[7m197[0m                 <span class="cart-item-subtotal">{{ (item.product.price * item.quantity) | number:'1.2-2' }} TND</span>
[7m   [0m [91m                                                                                           ~~~~~~[0m

  [96msrc/app/front-office/explore3d/explore3d.component.ts[0m:[93m28[0m:[93m16[0m
    [7m28[0m   templateUrl: './explore3d.component.html',
    [7m  [0m [96m               ~~~~~~~~~~~~~~~~~~~~~~~~~~~~[0m
    Error occurs in the template of component Explore3dComponent.


Error: [96msrc/app/front-office/explore3d/explore3d.component.html[0m:[93m206[0m:[93m67[0m - [91merror[0m[90m NG8004: [0mNo pipe found with name 'number'.
To fix this, import the "DecimalPipe" class from "@angular/common" and add it to the "imports" array of the component.

[7m206[0m               <span class="cart-total-amount">{{ getCartTotal() | number:'1.2-2' }} TND</span>
[7m   [0m [91m                                                                  ~~~~~~[0m

  [96msrc/app/front-office/explore3d/explore3d.component.ts[0m:[93m28[0m:[93m16[0m
    [7m28[0m   templateUrl: './explore3d.component.html',
    [7m  [0m [96m               ~~~~~~~~~~~~~~~~~~~~~~~~~~~~[0m
    Error occurs in the template of component Explore3dComponent.


Error: [96msrc/app/front-office/explore3d/explore3d.component.html[0m:[93m215[0m:[93m48[0m - [91merror[0m[90m NG8004: [0mNo pipe found with name 'number'.
To fix this, import the "DecimalPipe" class from "@angular/common" and add it to the "imports" array of the component.

[7m215[0m                 Checkout ┬╖ {{ getCartTotal() | number:'1.2-2' }} TND
[7m   [0m [91m                                               ~~~~~~[0m

  [96msrc/app/front-office/explore3d/explore3d.component.ts[0m:[93m28[0m:[93m16[0m
    [7m28[0m   templateUrl: './explore3d.component.html',
    [7m  [0m [96m               ~~~~~~~~~~~~~~~~~~~~~~~~~~~~[0m
    Error occurs in the template of component Explore3dComponent.


Error: [96msrc/app/front-office/learner-assessment/learner-assessment.component.html[0m:[93m115[0m:[93m48[0m - [91merror[0m[90m NG8004: [0mNo pipe found with name 
'number'.
To fix this, import the "DecimalPipe" class from "@angular/common" and add it to the "imports" array of the component.

[7m115[0m             {{ isCheated ? '0' : (finalScore | number:'1.0-1') }}
[7m   [0m [91m                                               ~~~~~~[0m

  [96msrc/app/front-office/learner-assessment/learner-assessment.component.ts[0m:[93m8[0m:[93m16[0m
    [7m8[0m   templateUrl: './learner-assessment.component.html',
    [7m [0m [96m               ~~~~~~~~~~~~~~~~~~~~~~~~~~~~~~~~~~~~~[0m
    Error occurs in the template of component LearnerAssessmentComponent.


Error: [96msrc/app/front-office/learner-assessment/learner-assessment.component.html[0m:[93m126[0m:[93m41[0m - [91merror[0m[90m NG8002: [0mCan't bind to 'ngClass' since 
it isn't a known property of 'div'.

[7m126[0m         <div class="p-3 rounded-4 mb-4" [ngClass]="(hasPassed && !isCheated) ? 'bg-success-soft' : 'bg-danger-soft'">
[7m   [0m [91m                                        ~~~~~~~~~~~~~~~~~~~~~~~~~~~~~~~~~~~~~~~~~~~~~~~~~~~~~~~~~~~~~~~~~~~~~~~~~~~~[0m

  [96msrc/app/front-office/learner-assessment/learner-assessment.component.ts[0m:[93m8[0m:[93m16[0m
    [7m8[0m   templateUrl: './learner-assessment.component.html',
    [7m [0m [96m               ~~~~~~~~~~~~~~~~~~~~~~~~~~~~~~~~~~~~~[0m
    Error occurs in the template of component LearnerAssessmentComponent.


Error: [96msrc/app/front-office/learner-assessment/learner-assessment.component.html[0m:[93m128[0m:[93m108[0m - [91merror[0m[90m NG8004: [0mNo pipe found with name 
'number'.
To fix this, import the "DecimalPipe" class from "@angular/common" and add it to the "imports" array of the component.

[7m128[0m             Final Score: {{ isCheated ? '0' : ((finalScore / (selectedAssessment.totalScore || 1) * 100) | number:'1.0-0') }}%
[7m   [0m [91m                                                                                                           ~~~~~~[0m

  [96msrc/app/front-office/learner-assessment/learner-assessment.component.ts[0m:[93m8[0m:[93m16[0m
    [7m8[0m   templateUrl: './learner-assessment.component.html',
    [7m [0m [96m               ~~~~~~~~~~~~~~~~~~~~~~~~~~~~~~~~~~~~~[0m
    Error occurs in the template of component LearnerAssessmentComponent.


Error: [96msrc/app/front-office/learner-certificates/learner-certificates.component.html[0m:[93m34[0m:[93m16[0m - [91merror[0m[90m NG8002: [0mCan't bind to 'ngModel' 
since it isn't a known property of 'input'.

[7m34[0m                [(ngModel)]="searchTerm" (input)="applyFilter()">
[7m  [0m [91m               ~~~~~~~~~~~~~~~~~~~~~~~~[0m

  [96msrc/app/front-office/learner-certificates/learner-certificates.component.ts[0m:[93m13[0m:[93m16[0m
    [7m13[0m   templateUrl: './learner-certificates.component.html',
    [7m  [0m [96m               ~~~~~~~~~~~~~~~~~~~~~~~~~~~~~~~~~~~~~~~[0m
    Error occurs in the template of component LearnerCertificatesComponent.


Error: [96msrc/app/front-office/learner-certificates/learner-certificates.component.html[0m:[93m65[0m:[93m62[0m - [91merror[0m[90m NG8004: [0mNo pipe found with name 
'date'.
To fix this, import the "DatePipe" class from "@angular/common" and add it to the "imports" array of the component.

[7m65[0m           <p class="issue-date">Issued on {{ cert.issuedAt | date:'longDate' }}</p>
[7m  [0m [91m                                                             ~~~~[0m

  [96msrc/app/front-office/learner-certificates/learner-certificates.component.ts[0m:[93m13[0m:[93m16[0m
    [7m13[0m   templateUrl: './learner-certificates.component.html',
    [7m  [0m [96m               ~~~~~~~~~~~~~~~~~~~~~~~~~~~~~~~~~~~~~~~[0m
    Error occurs in the template of component LearnerCertificatesComponent.


Error: [96msrc/app/front-office/learner-certificates/learner-certificates.component.html[0m:[93m87[0m:[93m18[0m - [91merror[0m[90m NG8002: [0mCan't bind to 'routerLink' 
since it isn't a known property of 'a'.

[7m87[0m               <a [routerLink]="['/verify', cert.certificateCode]" class="btn btn-outline-dark flex-grow-1">
[7m  [0m [91m                 ~~~~~~~~~~~~~~~~~~~~~~~~~~~~~~~~~~~~~~~~~~~~~~~~[0m

  [96msrc/app/front-office/learner-certificates/learner-certificates.component.ts[0m:[93m13[0m:[93m16[0m
    [7m13[0m   templateUrl: './learner-certificates.component.html',
    [7m  [0m [96m               ~~~~~~~~~~~~~~~~~~~~~~~~~~~~~~~~~~~~~~~[0m
    Error occurs in the template of component LearnerCertificatesComponent.


Error: [96msrc/app/front-office/library/library.component.ts[0m:[93m2[0m:[93m28[0m - [91merror[0m[90m TS2307: [0mCannot find module '@angular/common/http' or its 
corresponding type declarations.

[7m2[0m import { HttpClient } from '@angular/common/http';
[7m [0m [91m                           ~~~~~~~~~~~~~~~~~~~~~~[0m


Error: [96msrc/app/front-office/library/library.component.ts[0m:[93m83[0m:[93m13[0m - [91merror[0m[90m NG2003: [0mNo suitable injection token for parameter 'http' of 
class 'LibraryComponent'.
  Consider using the @Inject decorator to specify an injection token.

[7m83[0m     private http: HttpClient,
[7m  [0m [91m            ~~~~[0m

  [96msrc/app/front-office/library/library.component.ts[0m:[93m83[0m:[93m19[0m
    [7m83[0m     private http: HttpClient,
    [7m  [0m [96m                  ~~~~~~~~~~[0m
    This type does not have a value, so it cannot be used as injection token.


Error: [96msrc/app/front-office/library/library.component.ts[0m:[93m165[0m:[93m16[0m - [91merror[0m[90m TS7006: [0mParameter 'data' implicitly has an 'any' type.

[7m165[0m         next: (data) => {
[7m   [0m [91m               ~~~~[0m


Error: [96msrc/app/front-office/library/library.component.ts[0m:[93m166[0m:[93m44[0m - [91merror[0m[90m TS7006: [0mParameter 'product' implicitly has an 'any' type.

[7m166[0m           this.libraryResources = data.map(product => ({
[7m   [0m [91m                                           ~~~~~~~[0m


Error: [96msrc/app/front-office/library/library.component.ts[0m:[93m182[0m:[93m17[0m - [91merror[0m[90m TS7006: [0mParameter 'err' implicitly has an 'any' type.

[7m182[0m         error: (err) => {
[7m   [0m [91m                ~~~[0m


Error: [96msrc/app/front-office/my-borrows/my-borrows.component.html[0m:[93m60[0m:[93m40[0m - [91merror[0m[90m NG8002: [0mCan't bind to 'ngClass' since it isn't a known 
property of 'span'.

[7m60[0m             <span class="status-badge" [ngClass]="statusClass(loan.status)">{{ loan.status }}</span>
[7m  [0m [91m                                       ~~~~~~~~~~~~~~~~~~~~~~~~~~~~~~~~~~~~[0m

  [96msrc/app/front-office/my-borrows/my-borrows.component.ts[0m:[93m7[0m:[93m16[0m
    [7m7[0m   templateUrl: './my-borrows.component.html',
    [7m [0m [96m               ~~~~~~~~~~~~~~~~~~~~~~~~~~~~~[0m
    Error occurs in the template of component MyBorrowsComponent.


Error: [96msrc/app/front-office/my-borrows/my-borrows.component.html[0m:[93m97[0m:[93m56[0m - [91merror[0m[90m TS2531: [0mObject is possibly 'null'.

[7m97[0m         You are returning <strong>{{ pendingReturnLoan.productTitle }}</strong>.
[7m  [0m [91m                                                       ~~~~~~~~~~~~[0m

  [96msrc/app/front-office/my-borrows/my-borrows.component.ts[0m:[93m7[0m:[93m16[0m
    [7m7[0m   templateUrl: './my-borrows.component.html',
    [7m [0m [96m               ~~~~~~~~~~~~~~~~~~~~~~~~~~~~~[0m
    Error occurs in the template of component MyBorrowsComponent.


Error: [96msrc/app/front-office/my-borrows/my-borrows.component.html[0m:[93m100[0m:[93m50[0m - [91merror[0m[90m TS2531: [0mObject is possibly 'null'.

[7m100[0m             ΓÜá∩╕Å This item is {{ pendingReturnLoan.daysOverdue }} day(s) overdue.
[7m   [0m [91m                                                 ~~~~~~~~~~~[0m

  [96msrc/app/front-office/my-borrows/my-borrows.component.ts[0m:[93m7[0m:[93m16[0m
    [7m7[0m   templateUrl: './my-borrows.component.html',
    [7m [0m [96m               ~~~~~~~~~~~~~~~~~~~~~~~~~~~~~[0m
    Error occurs in the template of component MyBorrowsComponent.


Error: [96msrc/app/front-office/resources/resources.component.html[0m:[93m48[0m:[93m58[0m - [91merror[0m[90m NG8002: [0mCan't bind to 'ngModel' since it isn't a known 
property of 'input'.

[7m48[0m           <input type="datetime-local" class="res-input" [(ngModel)]="checkStartTime" />
[7m  [0m [91m                                                         ~~~~~~~~~~~~~~~~~~~~~~~~~~~~[0m

  [96msrc/app/front-office/resources/resources.component.ts[0m:[93m15[0m:[93m16[0m
    [7m15[0m   templateUrl: './resources.component.html',
    [7m  [0m [96m               ~~~~~~~~~~~~~~~~~~~~~~~~~~~~[0m
    Error occurs in the template of component ResourcesComponent.


Error: [96msrc/app/front-office/resources/resources.component.html[0m:[93m52[0m:[93m58[0m - [91merror[0m[90m NG8002: [0mCan't bind to 'ngModel' since it isn't a known 
property of 'input'.

[7m52[0m           <input type="datetime-local" class="res-input" [(ngModel)]="checkEndTime" />
[7m  [0m [91m                                                         ~~~~~~~~~~~~~~~~~~~~~~~~~~[0m

  [96msrc/app/front-office/resources/resources.component.ts[0m:[93m15[0m:[93m16[0m
    [7m15[0m   templateUrl: './resources.component.html',
    [7m  [0m [96m               ~~~~~~~~~~~~~~~~~~~~~~~~~~~~[0m
    Error occurs in the template of component ResourcesComponent.


Error: [96msrc/app/front-office/resources/resources.component.html[0m:[93m56[0m:[93m38[0m - [91merror[0m[90m NG8002: [0mCan't bind to 'ngModel' since it isn't a known 
property of 'select'.

[7m56[0m           <select class="res-select" [(ngModel)]="checkType">
[7m  [0m [91m                                     ~~~~~~~~~~~~~~~~~~~~~~~[0m

  [96msrc/app/front-office/resources/resources.component.ts[0m:[93m15[0m:[93m16[0m
    [7m15[0m   templateUrl: './resources.component.html',
    [7m  [0m [96m               ~~~~~~~~~~~~~~~~~~~~~~~~~~~~[0m
    Error occurs in the template of component ResourcesComponent.


Error: [96msrc/app/front-office/resources/resources.component.html[0m:[93m74[0m:[93m47[0m - [91merror[0m[90m TS2531: [0mObject is possibly 'null'.

[7m74[0m            [class.res-avail-yes]="checkResult.available"
[7m  [0m [91m                                              ~~~~~~~~~[0m

  [96msrc/app/front-office/resources/resources.component.ts[0m:[93m15[0m:[93m16[0m
    [7m15[0m   templateUrl: './resources.component.html',
    [7m  [0m [96m               ~~~~~~~~~~~~~~~~~~~~~~~~~~~~[0m
    Error occurs in the template of component ResourcesComponent.


Error: [96msrc/app/front-office/resources/resources.component.html[0m:[93m75[0m:[93m47[0m - [91merror[0m[90m TS2531: [0mObject is possibly 'null'.

[7m75[0m            [class.res-avail-no]="!checkResult.available">
[7m  [0m [91m                                              ~~~~~~~~~[0m

  [96msrc/app/front-office/resources/resources.component.ts[0m:[93m15[0m:[93m16[0m
    [7m15[0m   templateUrl: './resources.component.html',
    [7m  [0m [96m               ~~~~~~~~~~~~~~~~~~~~~~~~~~~~[0m
    Error occurs in the template of component ResourcesComponent.


Error: [96msrc/app/front-office/resources/resources.component.html[0m:[93m80[0m:[93m48[0m - [91merror[0m[90m TS2531: [0mObject is possibly 'null'.

[7m80[0m             ΓÇö next free window: {{ checkResult.nextFreeWindow }}
[7m  [0m [91m                                               ~~~~~~~~~~~~~~[0m

  [96msrc/app/front-office/resources/resources.component.ts[0m:[93m15[0m:[93m16[0m
    [7m15[0m   templateUrl: './resources.component.html',
    [7m  [0m [96m               ~~~~~~~~~~~~~~~~~~~~~~~~~~~~[0m
    Error occurs in the template of component ResourcesComponent.


Error: [96msrc/app/front-office/resources/resources.component.html[0m:[93m140[0m:[93m16[0m - [91merror[0m[90m NG8002: [0mCan't bind to 'ngModel' since it isn't a known 
property of 'input'.

[7m140[0m                [(ngModel)]="searchTerm" (input)="onSearch()" />
[7m   [0m [91m               ~~~~~~~~~~~~~~~~~~~~~~~~[0m

  [96msrc/app/front-office/resources/resources.component.ts[0m:[93m15[0m:[93m16[0m
    [7m15[0m   templateUrl: './resources.component.html',
    [7m  [0m [96m               ~~~~~~~~~~~~~~~~~~~~~~~~~~~~[0m
    Error occurs in the template of component ResourcesComponent.


Error: [96msrc/app/front-office/resources/resources.component.html[0m:[93m207[0m:[93m16[0m - [91merror[0m[90m NG8002: [0mCan't bind to 'ngModel' since it isn't a known 
property of 'input'.

[7m207[0m                [(ngModel)]="reservationSessionId" />
[7m   [0m [91m               ~~~~~~~~~~~~~~~~~~~~~~~~~~~~~~~~~~[0m

  [96msrc/app/front-office/resources/resources.component.ts[0m:[93m15[0m:[93m16[0m
    [7m15[0m   templateUrl: './resources.component.html',
    [7m  [0m [96m               ~~~~~~~~~~~~~~~~~~~~~~~~~~~~[0m
    Error occurs in the template of component ResourcesComponent.


Error: [96msrc/app/front-office/resources/resources.component.html[0m:[93m214[0m:[93m58[0m - [91merror[0m[90m NG8002: [0mCan't bind to 'ngModel' since it isn't a known 
property of 'input'.

[7m214[0m           <input type="datetime-local" class="res-input" [(ngModel)]="reservationStart" />
[7m   [0m [91m                                                         ~~~~~~~~~~~~~~~~~~~~~~~~~~~~~~[0m

  [96msrc/app/front-office/resources/resources.component.ts[0m:[93m15[0m:[93m16[0m
    [7m15[0m   templateUrl: './resources.component.html',
    [7m  [0m [96m               ~~~~~~~~~~~~~~~~~~~~~~~~~~~~[0m
    Error occurs in the template of component ResourcesComponent.


Error: [96msrc/app/front-office/resources/resources.component.html[0m:[93m218[0m:[93m58[0m - [91merror[0m[90m NG8002: [0mCan't bind to 'ngModel' since it isn't a known 
property of 'input'.

[7m218[0m           <input type="datetime-local" class="res-input" [(ngModel)]="reservationEnd" />
[7m   [0m [91m                                                         ~~~~~~~~~~~~~~~~~~~~~~~~~~~~[0m

  [96msrc/app/front-office/resources/resources.component.ts[0m:[93m15[0m:[93m16[0m
    [7m15[0m   templateUrl: './resources.component.html',
    [7m  [0m [96m               ~~~~~~~~~~~~~~~~~~~~~~~~~~~~[0m
    Error occurs in the template of component ResourcesComponent.


Error: [96msrc/app/front-office/resources/resources.component.html[0m:[93m254[0m:[93m18[0m - [91merror[0m[90m NG8002: [0mCan't bind to 'ngModel' since it isn't a known 
property of 'input'.

[7m254[0m                  [(ngModel)]="recurrenceSessionId" />
[7m   [0m [91m                 ~~~~~~~~~~~~~~~~~~~~~~~~~~~~~~~~~[0m

  [96msrc/app/front-office/resources/resources.component.ts[0m:[93m15[0m:[93m16[0m
    [7m15[0m   templateUrl: './resources.component.html',
    [7m  [0m [96m               ~~~~~~~~~~~~~~~~~~~~~~~~~~~~[0m
    Error occurs in the template of component ResourcesComponent.


Error: [96msrc/app/front-office/resources/resources.component.html[0m:[93m260[0m:[93m40[0m - [91merror[0m[90m NG8002: [0mCan't bind to 'ngModel' since it isn't a known 
property of 'select'.

[7m260[0m             <select class="res-select" [(ngModel)]="recurrencePattern">
[7m   [0m [91m                                       ~~~~~~~~~~~~~~~~~~~~~~~~~~~~~~~[0m

  [96msrc/app/front-office/resources/resources.component.ts[0m:[93m15[0m:[93m16[0m
    [7m15[0m   templateUrl: './resources.component.html',
    [7m  [0m [96m               ~~~~~~~~~~~~~~~~~~~~~~~~~~~~[0m
    Error occurs in the template of component ResourcesComponent.


Error: [96msrc/app/front-office/resources/resources.component.html[0m:[93m266[0m:[93m40[0m - [91merror[0m[90m NG8002: [0mCan't bind to 'ngModel' since it isn't a known 
property of 'select'.

[7m266[0m             <select class="res-select" [(ngModel)]="recurrenceDayOfWeek">
[7m   [0m [91m                                       ~~~~~~~~~~~~~~~~~~~~~~~~~~~~~~~~~[0m

  [96msrc/app/front-office/resources/resources.component.ts[0m:[93m15[0m:[93m16[0m
    [7m15[0m   templateUrl: './resources.component.html',
    [7m  [0m [96m               ~~~~~~~~~~~~~~~~~~~~~~~~~~~~[0m
    Error occurs in the template of component ResourcesComponent.


Error: [96msrc/app/front-office/resources/resources.component.html[0m:[93m275[0m:[93m50[0m - [91merror[0m[90m NG8002: [0mCan't bind to 'ngModel' since it isn't a known 
property of 'input'.

[7m275[0m             <input type="time" class="res-input" [(ngModel)]="recurrenceSlotStart" />
[7m   [0m [91m                                                 ~~~~~~~~~~~~~~~~~~~~~~~~~~~~~~~~~[0m

  [96msrc/app/front-office/resources/resources.component.ts[0m:[93m15[0m:[93m16[0m
    [7m15[0m   templateUrl: './resources.component.html',
    [7m  [0m [96m               ~~~~~~~~~~~~~~~~~~~~~~~~~~~~[0m
    Error occurs in the template of component ResourcesComponent.


Error: [96msrc/app/front-office/resources/resources.component.html[0m:[93m279[0m:[93m50[0m - [91merror[0m[90m NG8002: [0mCan't bind to 'ngModel' since it isn't a known 
property of 'input'.

[7m279[0m             <input type="time" class="res-input" [(ngModel)]="recurrenceSlotEnd" />
[7m   [0m [91m                                                 ~~~~~~~~~~~~~~~~~~~~~~~~~~~~~~~[0m

  [96msrc/app/front-office/resources/resources.component.ts[0m:[93m15[0m:[93m16[0m
    [7m15[0m   templateUrl: './resources.component.html',
    [7m  [0m [96m               ~~~~~~~~~~~~~~~~~~~~~~~~~~~~[0m
    Error occurs in the template of component ResourcesComponent.


Error: [96msrc/app/front-office/resources/resources.component.html[0m:[93m283[0m:[93m50[0m - [91merror[0m[90m NG8002: [0mCan't bind to 'ngModel' since it isn't a known 
property of 'input'.

[7m283[0m             <input type="date" class="res-input" [(ngModel)]="recurrenceEndDate" />
[7m   [0m [91m                                                 ~~~~~~~~~~~~~~~~~~~~~~~~~~~~~~~[0m

  [96msrc/app/front-office/resources/resources.component.ts[0m:[93m15[0m:[93m16[0m
    [7m15[0m   templateUrl: './resources.component.html',
    [7m  [0m [96m               ~~~~~~~~~~~~~~~~~~~~~~~~~~~~[0m
    Error occurs in the template of component ResourcesComponent.


Error: [96msrc/app/front-office/resources/resources.component.html[0m:[93m304[0m:[93m61[0m - [91merror[0m[90m TS2531: [0mObject is possibly 'null'.

[7m304[0m             <span class="res-recur-num">{{ recurrenceResult.totalBooked }}</span>
[7m   [0m [91m                                                            ~~~~~~~~~~~[0m

  [96msrc/app/front-office/resources/resources.component.ts[0m:[93m15[0m:[93m16[0m
    [7m15[0m   templateUrl: './resources.component.html',
    [7m  [0m [96m               ~~~~~~~~~~~~~~~~~~~~~~~~~~~~[0m
    Error occurs in the template of component ResourcesComponent.


Error: [96msrc/app/front-office/resources/resources.component.html[0m:[93m308[0m:[93m61[0m - [91merror[0m[90m TS2531: [0mObject is possibly 'null'.

[7m308[0m             <span class="res-recur-num">{{ recurrenceResult.totalAttempted - recurrenceResult.totalBooked }}</span>
[7m   [0m [91m                                                            ~~~~~~~~~~~~~~[0m

  [96msrc/app/front-office/resources/resources.component.ts[0m:[93m15[0m:[93m16[0m
    [7m15[0m   templateUrl: './resources.component.html',
    [7m  [0m [96m               ~~~~~~~~~~~~~~~~~~~~~~~~~~~~[0m
    Error occurs in the template of component ResourcesComponent.


Error: [96msrc/app/front-office/resources/resources.component.html[0m:[93m308[0m:[93m95[0m - [91merror[0m[90m TS2531: [0mObject is possibly 'null'.

[7m308[0m             <span class="res-recur-num">{{ recurrenceResult.totalAttempted - recurrenceResult.totalBooked }}</span>
[7m   [0m [91m                                                                                              ~~~~~~~~~~~[0m

  [96msrc/app/front-office/resources/resources.component.ts[0m:[93m15[0m:[93m16[0m
    [7m15[0m   templateUrl: './resources.component.html',
    [7m  [0m [96m               ~~~~~~~~~~~~~~~~~~~~~~~~~~~~[0m
    Error occurs in the template of component ResourcesComponent.


Error: [96msrc/app/front-office/resources/resources.component.html[0m:[93m321[0m:[93m71[0m - [91merror[0m[90m TS2531: [0mObject is possibly 'null'.

[7m321[0m         <p class="res-hint mt-2">Series ID: <code>{{ recurrenceResult.groupId }}</code></p>
[7m   [0m [91m                                                                      ~~~~~~~[0m

  [96msrc/app/front-office/resources/resources.component.ts[0m:[93m15[0m:[93m16[0m
    [7m15[0m   templateUrl: './resources.component.html',
    [7m  [0m [96m               ~~~~~~~~~~~~~~~~~~~~~~~~~~~~[0m
    Error occurs in the template of component ResourcesComponent.


Error: [96msrc/app/front-office/service/face-detection.service.ts[0m:[93m2[0m:[93m28[0m - [91merror[0m[90m TS2307: [0mCannot find module '@angular/common/http' or its 
corresponding type declarations.

[7m2[0m import { HttpClient } from '@angular/common/http';
[7m [0m [91m                           ~~~~~~~~~~~~~~~~~~~~~~[0m


Error: [96msrc/app/front-office/service/face-detection.service.ts[0m:[93m24[0m:[93m23[0m - [91merror[0m[90m NG2003: [0mNo suitable injection token for parameter 'http' 
of class 'FaceDetectionService'.
  Consider using the @Inject decorator to specify an injection token.

[7m24[0m   constructor(private http: HttpClient) {}
[7m  [0m [91m                      ~~~~[0m

  [96msrc/app/front-office/service/face-detection.service.ts[0m:[93m24[0m:[93m29[0m
    [7m24[0m   constructor(private http: HttpClient) {}
    [7m  [0m [96m                            ~~~~~~~~~~[0m
    This type does not have a value, so it cannot be used as injection token.


Error: [96msrc/app/front-office/template/template.component.html[0m:[93m3[0m:[93m5[0m - [91merror[0m[90m NG8001: [0m'app-home' is not a known element:
1. If 'app-home' is an Angular component, then verify that it is included in the '@Component.imports' of this component.
2. If 'app-home' is a Web Component then add 'CUSTOM_ELEMENTS_SCHEMA' to the '@Component.schemas' of this component to suppress this message.

[7m3[0m     <app-home></app-home>
[7m [0m [91m    ~~~~~~~~~~[0m

  [96msrc/app/front-office/template/template.component.ts[0m:[93m5[0m:[93m16[0m
    [7m5[0m   templateUrl: './template.component.html',
    [7m [0m [96m               ~~~~~~~~~~~~~~~~~~~~~~~~~~~[0m
    Error occurs in the template of component TemplateComponent.


Error: [96msrc/app/front-office/verify-certificate/verify-certificate.component.html[0m:[93m35[0m:[93m79[0m - [91merror[0m[90m NG8004: [0mNo pipe found with name 'date'.
To fix this, import the "DatePipe" class from "@angular/common" and add it to the "imports" array of the component.

[7m35[0m                 <p class="mb-0 text-dark fw-medium">{{ certificate.issuedAt | date:'longDate' }}</p>
[7m  [0m [91m                                                                              ~~~~[0m

  [96msrc/app/front-office/verify-certificate/verify-certificate.component.ts[0m:[93m8[0m:[93m16[0m
    [7m8[0m   templateUrl: './verify-certificate.component.html',
    [7m [0m [96m               ~~~~~~~~~~~~~~~~~~~~~~~~~~~~~~~~~~~~~[0m
    Error occurs in the template of component VerifyCertificateComponent.


Error: [96msrc/app/front-office/video-room/video-room.component.html[0m:[93m26[0m:[93m84[0m - [91merror[0m[90m TS2531: [0mObject is possibly 'null'.

[7m26[0m               [style.background-color]="getFaceDetectionColor(currentFaceDetection.class_name)">
[7m  [0m [91m                                                                                   ~~~~~~~~~~[0m

  [96msrc/app/front-office/video-room/video-room.component.ts[0m:[93m9[0m:[93m16[0m
    [7m9[0m   templateUrl: './video-room.component.html',
    [7m [0m [96m               ~~~~~~~~~~~~~~~~~~~~~~~~~~~~~[0m
    Error occurs in the template of component VideoRoomComponent.


Error: [96msrc/app/front-office/video-room/video-room.component.html[0m:[93m27[0m:[93m35[0m - [91merror[0m[90m TS2531: [0mObject is possibly 'null'.

[7m27[0m           {{ currentFaceDetection.class_name === 'visible' ? 'Γ£ô' : '!' }}
[7m  [0m [91m                                  ~~~~~~~~~~[0m

  [96msrc/app/front-office/video-room/video-room.component.ts[0m:[93m9[0m:[93m16[0m
    [7m9[0m   templateUrl: './video-room.component.html',
    [7m [0m [96m               ~~~~~~~~~~~~~~~~~~~~~~~~~~~~~[0m
    Error occurs in the template of component VideoRoomComponent.


Error: [96msrc/app/front-office/video-room/video-room.component.html[0m:[93m48[0m:[93m101[0m - [91merror[0m[90m TS2531: [0mObject is possibly 'null'.

[7m48[0m       <div class="face-status" [style.background-color]="getFaceDetectionColor(currentFaceDetection.class_name)">
[7m  [0m [91m                                                                                                    ~~~~~~~~~~[0m

  [96msrc/app/front-office/video-room/video-room.component.ts[0m:[93m9[0m:[93m16[0m
    [7m9[0m   templateUrl: './video-room.component.html',
    [7m [0m [96m               ~~~~~~~~~~~~~~~~~~~~~~~~~~~~~[0m
    Error occurs in the template of component VideoRoomComponent.


Error: [96msrc/app/front-office/video-room/video-room.component.html[0m:[93m49[0m:[93m24[0m - [91merror[0m[90m NG8002: [0mCan't bind to 'ngClass' since it isn't a known 
property of 'i'.

[7m 49[0m         <i class="fas" [ngClass]="{
[7m   [0m [91m                       ~~~~~~~~~~~~[0m
[7m 50[0m           'fa-face-smile': currentFaceDetection.class_name === 'visible',
[7m   [0m [91m~~~~~~~~~~~~~~~~~~~~~~~~~~~~~~~~~~~~~~~~~~~~~~~~~~~~~~~~~~~~~~~~~~~~~~~~~[0m
[7m...[0m 
[7m 52[0m           'fa-face-frown': currentFaceDetection.class_name === 'no_face'
[7m   [0m [91m~~~~~~~~~~~~~~~~~~~~~~~~~~~~~~~~~~~~~~~~~~~~~~~~~~~~~~~~~~~~~~~~~~~~~~~~[0m
[7m 53[0m         }"></i>
[7m   [0m [91m~~~~~~~~~~[0m

  [96msrc/app/front-office/video-room/video-room.component.ts[0m:[93m9[0m:[93m16[0m
    [7m9[0m   templateUrl: './video-room.component.html',
    [7m [0m [96m               ~~~~~~~~~~~~~~~~~~~~~~~~~~~~~[0m
    Error occurs in the template of component VideoRoomComponent.


Error: [96msrc/app/front-office/video-room/video-room.component.html[0m:[93m50[0m:[93m49[0m - [91merror[0m[90m TS2531: [0mObject is possibly 'null'.

[7m50[0m           'fa-face-smile': currentFaceDetection.class_name === 'visible',
[7m  [0m [91m                                                ~~~~~~~~~~[0m

  [96msrc/app/front-office/video-room/video-room.component.ts[0m:[93m9[0m:[93m16[0m
    [7m9[0m   templateUrl: './video-room.component.html',
    [7m [0m [96m               ~~~~~~~~~~~~~~~~~~~~~~~~~~~~~[0m
    Error occurs in the template of component VideoRoomComponent.


Error: [96msrc/app/front-office/video-room/video-room.component.html[0m:[93m51[0m:[93m47[0m - [91merror[0m[90m TS2531: [0mObject is possibly 'null'.

[7m51[0m           'fa-face-meh': currentFaceDetection.class_name === 'covered',
[7m  [0m [91m                                              ~~~~~~~~~~[0m

  [96msrc/app/front-office/video-room/video-room.component.ts[0m:[93m9[0m:[93m16[0m
    [7m9[0m   templateUrl: './video-room.component.html',
    [7m [0m [96m               ~~~~~~~~~~~~~~~~~~~~~~~~~~~~~[0m
    Error occurs in the template of component VideoRoomComponent.


Error: [96msrc/app/front-office/video-room/video-room.component.html[0m:[93m52[0m:[93m49[0m - [91merror[0m[90m TS2531: [0mObject is possibly 'null'.

[7m52[0m           'fa-face-frown': currentFaceDetection.class_name === 'no_face'
[7m  [0m [91m                                                ~~~~~~~~~~[0m

  [96msrc/app/front-office/video-room/video-room.component.ts[0m:[93m9[0m:[93m16[0m
    [7m9[0m   templateUrl: './video-room.component.html',
    [7m [0m [96m               ~~~~~~~~~~~~~~~~~~~~~~~~~~~~~[0m
    Error occurs in the template of component VideoRoomComponent.


Error: [96msrc/app/front-office/video-room/video-room.component.html[0m:[93m54[0m:[93m39[0m - [91merror[0m[90m TS2531: [0mObject is possibly 'null'.

[7m54[0m         <span>{{ currentFaceDetection.class_name }}</span>
[7m  [0m [91m                                      ~~~~~~~~~~[0m

  [96msrc/app/front-office/video-room/video-room.component.ts[0m:[93m9[0m:[93m16[0m
    [7m9[0m   templateUrl: './video-room.component.html',
    [7m [0m [96m               ~~~~~~~~~~~~~~~~~~~~~~~~~~~~~[0m
    Error occurs in the template of component VideoRoomComponent.


Error: [96msrc/app/front-office/video-room/video-room.component.html[0m:[93m55[0m:[93m41[0m - [91merror[0m[90m TS2531: [0mObject is possibly 'null'.

[7m55[0m         <small>{{ (currentFaceDetection.confidence * 100).toFixed(0) }}%</small>
[7m  [0m [91m                                        ~~~~~~~~~~[0m

  [96msrc/app/front-office/video-room/video-room.component.ts[0m:[93m9[0m:[93m16[0m
    [7m9[0m   templateUrl: './video-room.component.html',
    [7m [0m [96m               ~~~~~~~~~~~~~~~~~~~~~~~~~~~~~[0m
    Error occurs in the template of component VideoRoomComponent.


Error: [96msrc/app/front-office/video-room/video-room.component.html[0m:[93m91[0m:[93m13[0m - [91merror[0m[90m NG8002: [0mCan't bind to 'ngModel' since it isn't a known 
property of 'input'.

[7m91[0m             [(ngModel)]="newMessage"
[7m  [0m [91m            ~~~~~~~~~~~~~~~~~~~~~~~~[0m

  [96msrc/app/front-office/video-room/video-room.component.ts[0m:[93m9[0m:[93m16[0m
    [7m9[0m   templateUrl: './video-room.component.html',
    [7m [0m [96m               ~~~~~~~~~~~~~~~~~~~~~~~~~~~~~[0m
    Error occurs in the template of component VideoRoomComponent.


Error: [96msrc/app/shared/navbar/navbar.component.ts[0m:[93m15[0m:[93m13[0m - [91merror[0m[90m NG1010: [0m'imports' must be an array of components, directives, pipes, 
or NgModules.
  Value could not be determined statically.

[7m15[0m   imports: [CommonModule, RouterModule, ReactiveFormsModule]
[7m  [0m [91m            ~~~~~~~~~~~~[0m

  [96msrc/app/shared/navbar/navbar.component.ts[0m:[93m15[0m:[93m13[0m
    [7m15[0m   imports: [CommonModule, RouterModule, ReactiveFormsModule]
    [7m  [0m [96m            ~~~~~~~~~~~~[0m
    Unknown reference.


Error: [96msrc/app/shared/navbar/navbar.component.ts[0m:[93m15[0m:[93m13[0m - [91merror[0m[90m TS2304: [0mCannot find name 'CommonModule'.

[7m15[0m   imports: [CommonModule, RouterModule, ReactiveFormsModule]
[7m  [0m [91m            ~~~~~~~~~~~~[0m


Error: [96msrc/app/shared/navbar/navbar.component.ts[0m:[93m15[0m:[93m27[0m - [91merror[0m[90m NG1010: [0m'imports' must be an array of components, directives, pipes, 
or NgModules.
  Value could not be determined statically.

[7m15[0m   imports: [CommonModule, RouterModule, ReactiveFormsModule]
[7m  [0m [91m                          ~~~~~~~~~~~~[0m

  [96msrc/app/shared/navbar/navbar.component.ts[0m:[93m15[0m:[93m27[0m
    [7m15[0m   imports: [CommonModule, RouterModule, ReactiveFormsModule]
    [7m  [0m [96m                          ~~~~~~~~~~~~[0m
    Unknown reference.


Error: [96msrc/app/shared/navbar/navbar.component.ts[0m:[93m15[0m:[93m27[0m - [91merror[0m[90m TS2304: [0mCannot find name 'RouterModule'.

[7m15[0m   imports: [CommonModule, RouterModule, ReactiveFormsModule]
[7m  [0m [91m                          ~~~~~~~~~~~~[0m


Error: [96msrc/app/shared/navbar/navbar.component.ts[0m:[93m15[0m:[93m41[0m - [91merror[0m[90m NG1010: [0m'imports' must be an array of components, directives, pipes, 
or NgModules.
  Value could not be determined statically.

[7m15[0m   imports: [CommonModule, RouterModule, ReactiveFormsModule]
[7m  [0m [91m                                        ~~~~~~~~~~~~~~~~~~~[0m

  [96msrc/app/shared/navbar/navbar.component.ts[0m:[93m15[0m:[93m41[0m
    [7m15[0m   imports: [CommonModule, RouterModule, ReactiveFormsModule]
    [7m  [0m [96m                                        ~~~~~~~~~~~~~~~~~~~[0m
    Unknown reference.


Error: [96msrc/app/shared/navbar/navbar.component.ts[0m:[93m15[0m:[93m41[0m - [91merror[0m[90m TS2304: [0mCannot find name 'ReactiveFormsModule'.

[7m15[0m   imports: [CommonModule, RouterModule, ReactiveFormsModule]
[7m  [0m [91m                                        ~~~~~~~~~~~~~~~~~~~[0m


Error: [96msrc/main.ts[0m:[93m3[0m:[93m54[0m - [91merror[0m[90m TS2307: [0mCannot find module '@angular/common/http' or its corresponding type declarations.

[7m3[0m import { provideHttpClient, HTTP_INTERCEPTORS } from '@angular/common/http';
[7m [0m [91m                                                     ~~~~~~~~~~~~~~~~~~~~~~[0m


[39m[22m
